Component: ARM Compiler 5.06 update 2 (build 183) Tool: armlink [4d35b7]

==============================================================================

Section Cross References

    main.o(i.PWR_5182CTL_Init) refers to stm32f10x_rcc.o(i.RCC_APB2PeriphClockCmd) for RCC_APB2PeriphClockCmd
    main.o(i.PWR_5182CTL_Init) refers to stm32f10x_gpio.o(i.GPIO_Init) for GPIO_Init
    main.o(i.PWR_5182CTL_Init) refers to stm32f10x_gpio.o(i.GPIO_ResetBits) for GPIO_ResetBits
    main.o(i.Sensors_page) refers to gui_setcolor.o(i.GUI_SetColor) for GUI_SetColor
    main.o(i.Sensors_page) refers to gui_pen.o(i.GUI_SetPenSize) for GUI_SetPenSize
    main.o(i.Sensors_page) refers to gui_setfont.o(i.GUI_SetFont) for GUI_SetFont
    main.o(i.Sensors_page) refers to gui_dispstringat.o(i.GUI_DispStringAt) for GUI_DispStringAt
    main.o(i.Sensors_page) refers to gui_drawpolygon.o(i.GUI_DrawPolygon) for GUI_DrawPolygon
    main.o(i.Sensors_page) refers to gui_setlinestyle.o(i.GUI_SetLineStyle) for GUI_SetLineStyle
    main.o(i.Sensors_page) refers to gui_drawline.o(i.GUI_DrawLine) for GUI_DrawLine
    main.o(i.Sensors_page) refers to guiaa_lib.o(i.GUI_AA_SetFactor) for GUI_AA_SetFactor
    main.o(i.Sensors_page) refers to guiaa_fillroundedrect.o(i.GUI_AA_FillRoundedRect) for GUI_AA_FillRoundedRect
    main.o(i.Sensors_page) refers to gui_settextmode.o(i.GUI_SetTextMode) for GUI_SetTextMode
    main.o(i.Sensors_page) refers to gui_drawgradientrounded.o(i.GUI_DrawGradientRoundedH) for GUI_DrawGradientRoundedH
    main.o(i.Sensors_page) refers to gui_goto.o(i.GUI_GotoXY) for GUI_GotoXY
    main.o(i.Sensors_page) refers to gui_val.o(i.GUI_DispDec) for GUI_DispDec
    main.o(i.Sensors_page) refers to gui_disphex.o(i.GUI_DispHex) for GUI_DispHex
    main.o(i.Sensors_page) refers to main.o(.data) for tim_flg
    main.o(i.Sensors_page) refers to fontsong.o(.constdata) for GUI_FontFontSong
    main.o(i.Sensors_page) refers to main.o(.constdata) for str_Landzo
    main.o(i.Sensors_page) refers to f20_ascii.o(.constdata) for GUI_Font20_ASCII
    main.o(i.TIM3_IRQHandler) refers to stm32f10x_tim.o(i.TIM_GetITStatus) for TIM_GetITStatus
    main.o(i.TIM3_IRQHandler) refers to stm32f10x_tim.o(i.TIM_ClearITPendingBit) for TIM_ClearITPendingBit
    main.o(i.TIM3_IRQHandler) refers to gui_x.o(.data) for OS_TimeMS
    main.o(i.TIM3_Int_Init) refers to stm32f10x_rcc.o(i.RCC_APB1PeriphClockCmd) for RCC_APB1PeriphClockCmd
    main.o(i.TIM3_Int_Init) refers to stm32f10x_tim.o(i.TIM_TimeBaseInit) for TIM_TimeBaseInit
    main.o(i.TIM3_Int_Init) refers to stm32f10x_tim.o(i.TIM_ITConfig) for TIM_ITConfig
    main.o(i.TIM3_Int_Init) refers to misc.o(i.NVIC_Init) for NVIC_Init
    main.o(i.TIM3_Int_Init) refers to stm32f10x_tim.o(i.TIM_Cmd) for TIM_Cmd
    main.o(i.Voltage_Pros) refers to gui_settextmode.o(i.GUI_SetTextMode) for GUI_SetTextMode
    main.o(i.Voltage_Pros) refers to gui_setcolor.o(i.GUI_SetColor) for GUI_SetColor
    main.o(i.Voltage_Pros) refers to adc.o(i.Get_Voltage) for Get_Voltage
    main.o(i.Voltage_Pros) refers to dflti.o(.text) for __aeabi_i2d
    main.o(i.Voltage_Pros) refers to dmul.o(.text) for __aeabi_dmul
    main.o(i.Voltage_Pros) refers to dfixui.o(.text) for __aeabi_d2uiz
    main.o(i.Voltage_Pros) refers to gui_core.o(i.GUI_ClearRect) for GUI_ClearRect
    main.o(i.Voltage_Pros) refers to gui_fillpolygon.o(i.GUI_FillPolygon) for GUI_FillPolygon
    main.o(i.Voltage_Pros) refers to gui_dispstringat.o(i.GUI_DispStringAt) for GUI_DispStringAt
    main.o(i.Voltage_Pros) refers to gui_goto.o(i.GUI_GotoXY) for GUI_GotoXY
    main.o(i.Voltage_Pros) refers to gui_val.o(i.GUI_DispDec) for GUI_DispDec
    main.o(i.Voltage_Pros) refers to main.o(.data) for bat_Voltage
    main.o(i.Voltage_Pros) refers to main.o(.constdata) for IN_Point1
    main.o(i.btn1_read) refers to stm32f10x_gpio.o(i.GPIO_ReadInputDataBit) for GPIO_ReadInputDataBit
    main.o(i.btn2_read) refers to stm32f10x_gpio.o(i.GPIO_ReadInputDataBit) for GPIO_ReadInputDataBit
    main.o(i.btn3_read) refers to stm32f10x_gpio.o(i.GPIO_ReadInputDataBit) for GPIO_ReadInputDataBit
    main.o(i.btn4_read) refers to stm32f10x_gpio.o(i.GPIO_ReadInputDataBit) for GPIO_ReadInputDataBit
    main.o(i.home_page) refers to gui_setcolor.o(i.GUI_SetColor) for GUI_SetColor
    main.o(i.home_page) refers to gui_pen.o(i.GUI_SetPenSize) for GUI_SetPenSize
    main.o(i.home_page) refers to gui_setfont.o(i.GUI_SetFont) for GUI_SetFont
    main.o(i.home_page) refers to gui_dispstringat.o(i.GUI_DispStringAt) for GUI_DispStringAt
    main.o(i.home_page) refers to gui_drawpolygon.o(i.GUI_DrawPolygon) for GUI_DrawPolygon
    main.o(i.home_page) refers to gui_setlinestyle.o(i.GUI_SetLineStyle) for GUI_SetLineStyle
    main.o(i.home_page) refers to gui_drawline.o(i.GUI_DrawLine) for GUI_DrawLine
    main.o(i.home_page) refers to guiaa_lib.o(i.GUI_AA_SetFactor) for GUI_AA_SetFactor
    main.o(i.home_page) refers to guiaa_fillroundedrect.o(i.GUI_AA_FillRoundedRect) for GUI_AA_FillRoundedRect
[...]
    0x08006e72   0x00000002   PAD
    0x08006e74   0x000000a4   Code   RO         3302    i.TIM_TimeBaseInit  stm32f10x_tim.o
    0x08006f18   0x0000005c   Code   RO          971    i.USART1_IRQHandler  usart.o
    0x08006f74   0x00000018   Code   RO         3767    i.USART_Cmd         stm32f10x_usart.o
    0x08006f8c   0x00000012   Code   RO         3768    i.USART_DMACmd      stm32f10x_usart.o
    0x08006f9e   0x0000001a   Code   RO         3770    i.USART_GetFlagStatus  stm32f10x_usart.o
    0x08006fb8   0x00000054   Code   RO         3771    i.USART_GetITStatus  stm32f10x_usart.o
    0x0800700c   0x0000004a   Code   RO         3773    i.USART_ITConfig    stm32f10x_usart.o
    0x08007056   0x00000002   PAD
    0x08007058   0x000000d8   Code   RO         3774    i.USART_Init        stm32f10x_usart.o
    0x08007130   0x00000008   Code   RO         3784    i.USART_SendData    stm32f10x_usart.o
    0x08007138   0x00000004   Code   RO          291    i.UsageFault_Handler  stm32f10x_it.o
    0x0800713c   0x000001ec   Code   RO            5    i.Voltage_Pros      main.o
    0x08007328   0x00000010   Code   RO         5833    i.WM_Activate       STemWin522_CM3_Keil.lib(wm.o)
    0x08007338   0x0000007e   Code   RO         6134    i.WM_BringToBottom  STemWin522_CM3_Keil.lib(wm_bringtobottom.o)
    0x080073b6   0x00000002   PAD
    0x080073b8   0x0000014c   Code   RO         5835    i.WM_CreateWindowAsChild  STemWin522_CM3_Keil.lib(wm.o)
    0x08007504   0x00000014   Code   RO         5836    i.WM_Deactivate     STemWin522_CM3_Keil.lib(wm.o)
    0x08007518   0x00000046   Code   RO         5837    i.WM_DefaultProc    STemWin522_CM3_Keil.lib(wm.o)
    0x0800755e   0x00000020   Code   RO         6157    i.WM_DeleteTimer    STemWin522_CM3_Keil.lib(wm_timer.o)
    0x0800757e   0x00000002   PAD
    0x08007580   0x000000c8   Code   RO         5838    i.WM_DeleteWindow   STemWin522_CM3_Keil.lib(wm.o)
    0x08007648   0x00000070   Code   RO         5839    i.WM_Exec           STemWin522_CM3_Keil.lib(wm.o)
    0x080076b8   0x00000018   Code   RO         5950    i.WM_GetDesktopWindow  STemWin522_CM3_Keil.lib(wm_getdesktopwindow.o)
    0x080076d0   0x0000000e   Code   RO         6146    i.WM_GetFirstChild  STemWin522_CM3_Keil.lib(wm_getfirstchild.o)
    0x080076de   0x0000000e   Code   RO         6481    i.WM_GetParent      STemWin522_CM3_Keil.lib(wm_getparent.o)
    0x080076ec   0x000000d4   Code   RO         5841    i.WM_Init           STemWin522_CM3_Keil.lib(wm.o)
    0x080077c0   0x00000076   Code   RO         5842    i.WM_InvalidateRect  STemWin522_CM3_Keil.lib(wm.o)
    0x08007836   0x00000006   Code   RO         5843    i.WM_InvalidateWindow  STemWin522_CM3_Keil.lib(wm.o)
    0x0800783c   0x0000005e   Code   RO         5844    i.WM_InvalidateWindowAndDescsEx  STemWin522_CM3_Keil.lib(wm.o)
    0x0800789a   0x00000004   Code   RO         6630    i.WM_MoveWindow     STemWin522_CM3_Keil.lib(wm_move.o)
    0x0800789e   0x00000010   Code   RO         6148    i.WM_NotifyParent   STemWin522_CM3_Keil.lib(wm_notifyparent.o)
    0x080078ae   0x00000002   PAD
    0x080078b0   0x00000038   Code   RO         6489    i.WM_OnKey          STemWin522_CM3_Keil.lib(wm_onkey.o)
    0x080078e8   0x000000ee   Code   RO         6618    i.WM_ResizeWindow   STemWin522_CM3_Keil.lib(wm_resizewindow.o)
    0x080079d6   0x00000002   PAD
    0x080079d8   0x0000003c   Code   RO         5845    i.WM_SelectWindow   STemWin522_CM3_Keil.lib(wm.o)
    0x08007a14   0x00000004   Code   RO         6150    i.WM_SendMessageNoPara  STemWin522_CM3_Keil.lib(wm_sendmessagenopara.o)
    0x08007a18   0x0000001e   Code   RO         6152    i.WM_SendToParent   STemWin522_CM3_Keil.lib(wm_sendtoparent.o)
    0x08007a36   0x00000002   PAD
    0x08007a38   0x00000014   Code   RO         5847    i.WM_SetDefault     STemWin522_CM3_Keil.lib(wm.o)
    0x08007a4c   0x0000003e   Code   RO         6512    i.WM_SetSize        STemWin522_CM3_Keil.lib(wm_setsize.o)
    0x08007a8a   0x00000002   PAD
    0x08007a8c   0x00000018   Code   RO         6154    i.WM_SetUserClipRect  STemWin522_CM3_Keil.lib(wm_setusercliprect.o)
    0x08007aa4   0x00000048   Code   RO         5848    i.WM__ActivateClipRect  STemWin522_CM3_Keil.lib(wm.o)
    0x08007aec   0x00000010   Code   RO         6136    i.WM__AddCriticalHandle  STemWin522_CM3_Keil.lib(wm_criticalhandle.o)
    0x08007afc   0x00000010   Code   RO         5849    i.WM__Client2Screen  STemWin522_CM3_Keil.lib(wm.o)
    0x08007b0c   0x0000004e   Code   RO         5850    i.WM__ClipAtParentBorders  STemWin522_CM3_Keil.lib(wm.o)
    0x08007b5a   0x0000004a   Code   RO         6160    i.WM__DeleteAssocTimer  STemWin522_CM3_Keil.lib(wm_timer.o)
    0x08007ba4   0x00000028   Code   RO         5852    i.WM__DetachWindow  STemWin522_CM3_Keil.lib(wm.o)
    0x08007bcc   0x00000020   Code   RO         6142    i.WM__GetClientRectEx  STemWin522_CM3_Keil.lib(wm_getclientrect.o)
    0x08007bec   0x00000018   Code   RO         5853    i.WM__GetClientRectWin  STemWin522_CM3_Keil.lib(wm.o)
    0x08007c04   0x00000012   Code   RO         6614    i.WM__GetFirstSibling  STemWin522_CM3_Keil.lib(wm__getfirstsibling.o)
    0x08007c16   0x00000002   PAD
    0x08007c18   0x00000040   Code   RO         5854    i.WM__GetNextIVR    STemWin522_CM3_Keil.lib(wm.o)
    0x08007c58   0x0000001c   Code   RO         5946    i.WM__GetOrgX_AA    STemWin522_CM3_Keil.lib(wm__getorg_aa.o)
    0x08007c74   0x0000001c   Code   RO         5947    i.WM__GetOrgY_AA    STemWin522_CM3_Keil.lib(wm__getorg_aa.o)
    0x08007c90   0x00000024   Code   RO         6469    i.WM__GetPrevSibling  STemWin522_CM3_Keil.lib(wm__getprevsibling.o)
    0x08007cb4   0x00000018   Code   RO         5855    i.WM__GetTopLevelLayer  STemWin522_CM3_Keil.lib(wm.o)
    0x08007ccc   0x000000f0   Code   RO         5856    i.WM__InitIVRSearch  STemWin522_CM3_Keil.lib(wm.o)
    0x08007dbc   0x000000a4   Code   RO         5857    i.WM__InsertWindowIntoList  STemWin522_CM3_Keil.lib(wm.o)
    0x08007e60   0x00000006   Code   RO         5858    i.WM__Invalidate1Abs  STemWin522_CM3_Keil.lib(wm.o)
    0x08007e66   0x00000046   Code   RO         5859    i.WM__InvalidateDrawAndDescs  STemWin522_CM3_Keil.lib(wm.o)
    0x08007eac   0x0000002a   Code   RO         5860    i.WM__InvalidateParent  STemWin522_CM3_Keil.lib(wm.o)
    0x08007ed6   0x00000076   Code   RO         5861    i.WM__InvalidateRect  STemWin522_CM3_Keil.lib(wm.o)
    0x08007f4c   0x00000006   Code   RO         5862    i.WM__InvalidateRectEx  STemWin522_CM3_Keil.lib(wm.o)
    0x08007f52   0x00000002   PAD
    0x08007f54   0x00000024   Code   RO         5863    i.WM__IsWindow      STemWin522_CM3_Keil.lib(wm.o)
    0x08007f78   0x00000098   Code   RO         6632    i.WM__MoveWindow    STemWin522_CM3_Keil.lib(wm_move.o)
    0x08008010   0x000000a0   Code   RO         5864    i.WM__Paint         STemWin522_CM3_Keil.lib(wm.o)
    0x080080b0   0x00000090   Code   RO         5865    i.WM__Paint1        STemWin522_CM3_Keil.lib(wm.o)
    0x08008140   0x00000078   Code   RO         5866    i.WM__PaintWinAndOverlays  STemWin522_CM3_Keil.lib(wm.o)
    0x080081b8   0x00000020   Code   RO         5867    i.WM__RectIsNZ      STemWin522_CM3_Keil.lib(wm.o)
    0x080081d8   0x00000030   Code   RO         5868    i.WM__RemoveFromLinList  STemWin522_CM3_Keil.lib(wm.o)
    0x08008208   0x00000040   Code   RO         5869    i.WM__RemoveWindowFromList  STemWin522_CM3_Keil.lib(wm.o)
    0x08008248   0x00000014   Code   RO         5870    i.WM__SelectTopLevelLayer  STemWin522_CM3_Keil.lib(wm.o)
    0x0800825c   0x0000003c   Code   RO         6131    i.WM__SendMessage   STemWin522_CM3_Keil.lib(wm__sendmessage.o)
    0x08008298   0x00000026   Code   RO         6479    i.WM__SendMessageNoPara  STemWin522_CM3_Keil.lib(wm__sendmessagenopara.o)
    0x080082be   0x0000000e   Code   RO         5871    i.WM__SendMsgNoData  STemWin522_CM3_Keil.lib(wm.o)
    0x080082cc   0x000000dc   Code   RO         6627    i.WM__UpdateChildPositions  STemWin522_CM3_Keil.lib(wm__updatechildpositions.o)
    0x080083a8   0x0000005c   Code   RO         4412    i.WirelessDevice_Init  enddevice.o
    0x08008404   0x00000008   Code   RO         4321    i.ZProtoAnalyze_Init  zprotoanalyze.o
    0x0800840c   0x00000008   Code   RO         4322    i.ZProtoRouter_Init  zprotoanalyze.o
    0x08008414   0x00000038   Code   RO         5138    i._Add              STemWin522_CM3_Keil.lib(gui_fillpolygon.o)
    0x0800844c   0x00000078   Code   RO         4935    i._AddFreeMemory    STemWin522_CM3_Keil.lib(gui_alloc.o)
    0x080084c4   0x000000bc   Code   RO         4936    i._Alloc            STemWin522_CM3_Keil.lib(gui_alloc.o)
    0x08008580   0x0000004e   Code   RO         4985    i._CalcInterSectLin  STemWin522_CM3_Keil.lib(gui_arc.o)
    0x080085ce   0x00000014   Code   RO         5185    i._CalcSizeOfChar   STemWin522_CM3_Keil.lib(gui_uc_encodeutf8.o)
    0x080085e2   0x00000004   Code   RO         5757    i._CalcSizeOfChar   STemWin522_CM3_Keil.lib(gui_uc_encodenone.o)
    0x080085e6   0x00000022   Code   RO         4986    i._CalcX            STemWin522_CM3_Keil.lib(gui_arc.o)
    0x08008608   0x00000028   Code   RO         4882    i._CleanLine        STemWin522_CM3_Keil.lib(guiaa_lib.o)
    0x08008630   0x00000048   Code   RO         4902    i._Color2IndexBulk  STemWin522_CM3_Keil.lib(guicc_m565.o)
    0x08008678   0x0000000e   Code   RO         6355    i._Color2IndexBulk  STemWin522_CM3_Keil.lib(guicc_8888.o)
    0x08008686   0x00000002   PAD
    0x08008688   0x00000054   Code   RO         6064    i._Color2Index_0    STemWin522_CM3_Keil.lib(guicc_0.o)
    0x080086dc   0x00000002   Code   RO         6356    i._Color2Index_8888  STemWin522_CM3_Keil.lib(guicc_8888.o)
    0x080086de   0x00000002   PAD
    0x080086e0   0x00000028   Code   RO         4903    i._Color2Index_M565  STemWin522_CM3_Keil.lib(guicc_m565.o)
    0x08008708   0x0000003e   Code   RO         6461    i._Convert16        STemWin522_CM3_Keil.lib(guidev_writetoactiveopaque.o)
    0x08008746   0x00000002   PAD
    0x08008748   0x00000120   Code   RO         6118    i._CreateStaticDevice  STemWin522_CM3_Keil.lib(guidev_staticdevices.o)
    0x08008868   0x00000012   Code   RO         5872    i._DeleteAllChildren  STemWin522_CM3_Keil.lib(wm.o)
    0x0800887a   0x00000002   PAD
    0x0800887c   0x00000020   Code   RO         5873    i._DesktopHandle2Index  STemWin522_CM3_Keil.lib(wm.o)
    0x0800889c   0x00000074   Code   RO         5713    i._DispLine         STemWin522_CM3_Keil.lib(gui_charline.o)
    0x08008910   0x00000260   Code   RO         4987    i._DrawArc          STemWin522_CM3_Keil.lib(gui_arc.o)
    0x08008b70   0x0000024c   Code   RO         4061    i._DrawBitLine16BPP  guidrv_template.o
    0x08008dbc   0x000000f0   Code   RO         4062    i._DrawBitLine1BPP  guidrv_template.o
    0x08008eac   0x00000114   Code   RO         6384    i._DrawBitLine1BPP  STemWin522_CM3_Keil.lib(guidev_32.o)
    0x08008fc0   0x0000016c   Code   RO         4063    i._DrawBitLine2BPP  guidrv_template.o
    0x0800912c   0x000000e0   Code   RO         6385    i._DrawBitLine2BPP  STemWin522_CM3_Keil.lib(guidev_32.o)
    0x0800920c   0x0000002a   Code   RO         4064    i._DrawBitLine32BPP  guidrv_template.o
    0x08009236   0x00000088   Code   RO         6386    i._DrawBitLine32BPP_DDB  STemWin522_CM3_Keil.lib(guidev_32.o)
    0x080092be   0x00000002   PAD
    0x080092c0   0x0000016c   Code   RO         4065    i._DrawBitLine4BPP  guidrv_template.o
    0x0800942c   0x00000158   Code   RO         6387    i._DrawBitLine4BPP  STemWin522_CM3_Keil.lib(guidev_32.o)
    0x08009584   0x000000b0   Code   RO         4066    i._DrawBitLine8BPP  guidrv_template.o
    0x08009634   0x000000fa   Code   RO         4067    i._DrawBitmap       guidrv_template.o
    0x0800972e   0x00000002   PAD
    0x08009730   0x00000294   Code   RO         6388    i._DrawBitmap       STemWin522_CM3_Keil.lib(guidev_32.o)
    0x080099c4   0x0000017a   Code   RO         5089    i._DrawGradient     STemWin522_CM3_Keil.lib(gui_drawgradient.o)
    0x08009b3e   0x00000104   Code   RO         5095    i._DrawGradientRounded  STemWin522_CM3_Keil.lib(gui_drawgradientrounded.o)
    0x08009c42   0x0000001a   Code   RO         4068    i._DrawHLine        guidrv_template.o
    0x08009c5c   0x000000d8   Code   RO         4883    i._DrawHLine        STemWin522_CM3_Keil.lib(guiaa_lib.o)
    0x08009d34   0x0000000a   Code   RO         6389    i._DrawHLine        STemWin522_CM3_Keil.lib(guidev_32.o)
    0x08009d3e   0x00000002   PAD
    0x08009d40   0x00000014   Code   RO         5111    i._DrawLineEnd      STemWin522_CM3_Keil.lib(gui_drawline.o)
    0x08009d54   0x0000005c   Code   RO         5874    i._DrawNext         STemWin522_CM3_Keil.lib(wm.o)
    0x08009db0   0x0000001a   Code   RO         4069    i._DrawVLine        guidrv_template.o
    0x08009dca   0x00000002   PAD
    0x08009dcc   0x000000ac   Code   RO         6390    i._DrawVLine        STemWin522_CM3_Keil.lib(guidev_32.o)
    0x08009e78   0x0000004e   Code   RO         5186    i._Encode           STemWin522_CM3_Keil.lib(gui_uc_encodeutf8.o)
    0x08009ec6   0x00000006   Code   RO         5758    i._Encode           STemWin522_CM3_Keil.lib(gui_uc_encodenone.o)
    0x08009ecc   0x00000094   Code   RO         4937    i._EnlargeBlocks    STemWin522_CM3_Keil.lib(gui_alloc.o)
    0x08009f60   0x00000070   Code   RO         5875    i._Exec1Input       STemWin522_CM3_Keil.lib(wm.o)
    0x08009fd0   0x000002b0   Code   RO         4070    i._FillRect         guidrv_template.o
    0x0800a280   0x000000a4   Code   RO         6391    i._FillRect         STemWin522_CM3_Keil.lib(guidev_32.o)
    0x0800a324   0x000000ec   Code   RO         4868    i._FillRoundedRect  STemWin522_CM3_Keil.lib(guiaa_fillroundedrect.o)
    0x0800a410   0x00000148   Code   RO         5876    i._FindNext_IVR     STemWin522_CM3_Keil.lib(wm.o)
    0x0800a558   0x0000007c   Code   RO         5877    i._Findx0           STemWin522_CM3_Keil.lib(wm.o)
    0x0800a5d4   0x00000072   Code   RO         5878    i._Findx1           STemWin522_CM3_Keil.lib(wm.o)
    0x0800a646   0x000000a2   Code   RO         5879    i._Findy1           STemWin522_CM3_Keil.lib(wm.o)
    0x0800a6e8   0x000000b4   Code   RO         4884    i._FlushLine        STemWin522_CM3_Keil.lib(guiaa_lib.o)
    0x0800a79c   0x00000004   Code   RO         6448    i._GUI_USAGE_BM_Delete  STemWin522_CM3_Keil.lib(guidev_usagebm.o)
    0x0800a7a0   0x0000003c   Code   RO         5187    i._GetCharCode      STemWin522_CM3_Keil.lib(gui_uc_encodeutf8.o)
    0x0800a7dc   0x00000004   Code   RO         5759    i._GetCharCode      STemWin522_CM3_Keil.lib(gui_uc_encodenone.o)
    0x0800a7e0   0x00000022   Code   RO         5188    i._GetCharSize      STemWin522_CM3_Keil.lib(gui_uc_encodeutf8.o)
    0x0800a802   0x00000004   Code   RO         5760    i._GetCharSize      STemWin522_CM3_Keil.lib(gui_uc_encodenone.o)
    0x0800a806   0x0000002e   Code   RO         5673    i._GetCharWrap      STemWin522_CM3_Keil.lib(gui__wrap.o)
    0x0800a834   0x00000006   Code   RO         4071    i._GetDevData       guidrv_template.o
    0x0800a83a   0x00000002   PAD
    0x0800a83c   0x00000010   Code   RO         6392    i._GetDevData       STemWin522_CM3_Keil.lib(guidev_32.o)
    0x0800a84c   0x00000054   Code   RO         4072    i._GetDevFunc       guidrv_template.o
    0x0800a8a0   0x00000010   Code   RO         6393    i._GetDevFunc       STemWin522_CM3_Keil.lib(guidev_32.o)
    0x0800a8b0   0x00000050   Code   RO         4073    i._GetDevProp       guidrv_template.o
    0x0800a900   0x0000001e   Code   RO         5246    i._GetDevProp       STemWin522_CM3_Keil.lib(lcd_getex.o)
    0x0800a91e   0x0000000c   Code   RO         6394    i._GetDevProp       STemWin522_CM3_Keil.lib(guidev_32.o)
    0x0800a92a   0x00000052   Code   RO         6065    i._GetIndexMask_0   STemWin522_CM3_Keil.lib(guicc_0.o)
    0x0800a97c   0x00000006   Code   RO         6357    i._GetIndexMask_8888  STemWin522_CM3_Keil.lib(guicc_8888.o)
    0x0800a982   0x00000006   Code   RO         4904    i._GetIndexMask_M565  STemWin522_CM3_Keil.lib(guicc_m565.o)
    0x0800a988   0x0000001e   Code   RO         5247    i._GetMaxValue      STemWin522_CM3_Keil.lib(lcd_getex.o)
    0x0800a9a6   0x00000002   PAD
    0x0800a9a8   0x0000001c   Code   RO         4938    i._GetMinIndex      STemWin522_CM3_Keil.lib(gui_alloc.o)
    0x0800a9c4   0x00000008   Code   RO         4074    i._GetPixelIndex    guidrv_template.o
    0x0800a9cc   0x0000000e   Code   RO         6395    i._GetPixelIndex    STemWin522_CM3_Keil.lib(guidev_32.o)
    0x0800a9da   0x0000001a   Code   RO         4075    i._GetRect          guidrv_template.o
    0x0800a9f4   0x00000030   Code   RO         6396    i._GetRect          STemWin522_CM3_Keil.lib(guidev_32.o)
    0x0800aa24   0x00000064   Code   RO         5674    i._GetWordWrap      STemWin522_CM3_Keil.lib(gui__wrap.o)
    0x0800aa88   0x00000010   Code   RO         5149    i._GotoX            STemWin522_CM3_Keil.lib(gui_goto.o)
    0x0800aa98   0x00000010   Code   RO         5150    i._GotoY            STemWin522_CM3_Keil.lib(gui_goto.o)
    0x0800aaa8   0x0000001c   Code   RO         5995    i._IncPointer       STemWin522_CM3_Keil.lib(gui_onkey.o)
    0x0800aac4   0x00000006   Code   RO         5996    i._IncReadPointer   STemWin522_CM3_Keil.lib(gui_onkey.o)
    0x0800aaca   0x00000002   PAD
    0x0800aacc   0x00000058   Code   RO         4905    i._Index2ColorBulk  STemWin522_CM3_Keil.lib(guicc_m565.o)
    0x0800ab24   0x0000000e   Code   RO         6358    i._Index2ColorBulk  STemWin522_CM3_Keil.lib(guicc_8888.o)
    0x0800ab32   0x00000020   Code   RO         6066    i._Index2Color_0    STemWin522_CM3_Keil.lib(guicc_0.o)
    0x0800ab52   0x0000001c   Code   RO         4076    i._Init             guidrv_template.o
    0x0800ab6e   0x00000002   PAD
    0x0800ab70   0x00000070   Code   RO         5029    i._InitContext      STemWin522_CM3_Keil.lib(gui_core.o)
    0x0800abe0   0x0000002c   Code   RO         4077    i._InitOnce         guidrv_template.o
    0x0800ac0c   0x000000a4   Code   RO         4939    i._InitOnce         STemWin522_CM3_Keil.lib(gui_alloc.o)
    0x0800acb0   0x00000080   Code   RO         5880    i._Invalidate1Abs   STemWin522_CM3_Keil.lib(wm.o)
    0x0800ad30   0x00000002   Code   RO         5714    i._Log2VisBuffered  STemWin522_CM3_Keil.lib(gui_charline.o)
    0x0800ad32   0x00000008   Code   RO         6105    i._Min              STemWin522_CM3_Keil.lib(guidev_banding.o)
    0x0800ad3a   0x0000006e   Code   RO         6633    i._MoveDescendents  STemWin522_CM3_Keil.lib(wm_move.o)
    0x0800ada8   0x00000010   Code   RO         4078    i._Off              guidrv_template.o
    0x0800adb8   0x00000010   Code   RO         4079    i._On               guidrv_template.o
    0x0800adc8   0x00000014   Code   RO         4885    i._OnExit           STemWin522_CM3_Keil.lib(guiaa_lib.o)
    0x0800addc   0x00000034   Code   RO         4940    i._OnExit           STemWin522_CM3_Keil.lib(gui_alloc.o)
    0x0800ae10   0x0000002c   Code   RO         5030    i._OnExit           STemWin522_CM3_Keil.lib(gui_core.o)
    0x0800ae3c   0x00000014   Code   RO         5824    i._OnExit           STemWin522_CM3_Keil.lib(lcd_color.o)
    0x0800ae50   0x00000034   Code   RO         5881    i._OnExit           STemWin522_CM3_Keil.lib(wm.o)
    0x0800ae84   0x00000028   Code   RO         5961    i._OnExit           STemWin522_CM3_Keil.lib(gui__alpha.o)
    0x0800aeac   0x00000024   Code   RO         5882    i._Paint1           STemWin522_CM3_Keil.lib(wm.o)
    0x0800aed0   0x0000008c   Code   RO         5883    i._Paint1Trans      STemWin522_CM3_Keil.lib(wm.o)
    0x0800af5c   0x0000009a   Code   RO         5884    i._PaintTransChildren  STemWin522_CM3_Keil.lib(wm.o)
    0x0800aff6   0x00000002   PAD
    0x0800aff8   0x00000040   Code   RO         4941    i._PopFreeBlock     STemWin522_CM3_Keil.lib(gui_alloc.o)
    0x0800b038   0x00000024   Code   RO         4942    i._PushFreeBlock    STemWin522_CM3_Keil.lib(gui_alloc.o)
    0x0800b05c   0x00000034   Code   RO         4943    i._RemoveFreeBlock  STemWin522_CM3_Keil.lib(gui_alloc.o)
    0x0800b090   0x0000005c   Code   RO         6334    i._RemoveFromLinList  STemWin522_CM3_Keil.lib(gui_timer.o)
    0x0800b0ec   0x000000a0   Code   RO         4944    i._RemoveHoles      STemWin522_CM3_Keil.lib(gui_alloc.o)
    0x0800b18c   0x00000020   Code   RO         5783    i._SetBkColor       STemWin522_CM3_Keil.lib(lcd.o)
    0x0800b1ac   0x0000004c   Code   RO         5885    i._SetClipRectUserIntersect  STemWin522_CM3_Keil.lib(wm.o)
    0x0800b1f8   0x00000020   Code   RO         5784    i._SetColor         STemWin522_CM3_Keil.lib(lcd.o)
    0x0800b218   0x0000002c   Code   RO         5785    i._SetDrawMode      STemWin522_CM3_Keil.lib(lcd.o)
    0x0800b244   0x00000020   Code   RO         4080    i._SetLUTEntry      guidrv_template.o
    0x0800b264   0x00000078   Code   RO         5112    i._SetLineColor     STemWin522_CM3_Keil.lib(gui_drawline.o)
    0x0800b2dc   0x0000001e   Code   RO         4081    i._SetOrg           guidrv_template.o
    0x0800b2fa   0x00000008   Code   RO         6397    i._SetOrg           STemWin522_CM3_Keil.lib(guidev_32.o)
    0x0800b302   0x00000002   PAD
    0x0800b304   0x00000240   Code   RO         4082    i._SetPixelIndex    guidrv_template.o
    0x0800b544   0x00000048   Code   RO         6398    i._SetPixelIndex    STemWin522_CM3_Keil.lib(guidev_32.o)
    0x0800b58c   0x0000003e   Code   RO         4083    i._SetSize          guidrv_template.o
    0x0800b5ca   0x00000026   Code   RO         4084    i._SetVRAMAddr      guidrv_template.o
    0x0800b5f0   0x00000020   Code   RO         4085    i._SetVSize         guidrv_template.o
    0x0800b610   0x000000ea   Code   RO         4945    i._TestRAM          STemWin522_CM3_Keil.lib(gui_alloc.o)
    0x0800b6fa   0x00000002   PAD
    0x0800b6fc   0x00000050   Code   RO         6335    i._Unlink           STemWin522_CM3_Keil.lib(gui_timer.o)
    0x0800b74c   0x00000030   Code   RO         5059    i._UnlinkDevice     STemWin522_CM3_Keil.lib(gui_device.o)
    0x0800b77c   0x00000028   Code   RO         5675    i._WrapGetNumCharsDisp  STemWin522_CM3_Keil.lib(gui__wrap.o)
    0x0800b7a4   0x0000000e   Code   RO         4946    i._WriteTagData     STemWin522_CM3_Keil.lib(gui_alloc.o)
    0x0800b7b2   0x00000002   PAD
    0x0800b7b4   0x00000330   Code   RO         6462    i._WriteToActiveOpaque_8  STemWin522_CM3_Keil.lib(guidev_writetoactiveopaque.o)
    0x0800bae4   0x000002f8   Code   RO         6463    i._WriteToActiveOpaque_HT  STemWin522_CM3_Keil.lib(guidev_writetoactiveopaque.o)
    0x0800bddc   0x0000003c   Code   RO         6399    i._XY2PTR           STemWin522_CM3_Keil.lib(guidev_32.o)
    0x0800be18   0x00000030   Code   RO         4086    i._XorPixel         guidrv_template.o
    0x0800be48   0x00000058   Code   RO         6400    i._XorPixel         STemWin522_CM3_Keil.lib(guidev_32.o)
    0x0800bea0   0x00000028   Code   RO         6715    i.__0sprintf$1      mc_w.l(printf1.o)
    0x0800bec8   0x0000000e   Code   RO         7037    i.__scatterload_copy  mc_w.l(handlers.o)
    0x0800bed6   0x00000002   Code   RO         7038    i.__scatterload_null  mc_w.l(handlers.o)
    0x0800bed8   0x0000000e   Code   RO         7039    i.__scatterload_zeroinit  mc_w.l(handlers.o)
    0x0800bee6   0x00000002   PAD
    0x0800bee8   0x000000dc   Code   RO         4323    i._analyze_rawData  zprotoanalyze.o
    0x0800bfc4   0x0000018c   Code   RO         4324    i._analyze_zproto   zprotoanalyze.o
    0x0800c150   0x00000088   Code   RO         5113    i._atan2            STemWin522_CM3_Keil.lib(gui_drawline.o)
    0x0800c1d8   0x00000044   Code   RO         5886    i._cbPaintMemDev    STemWin522_CM3_Keil.lib(wm.o)
    0x0800c21c   0x0000001c   Code   RO         4413    i._checkOnlineByID  enddevice.o
    0x0800c238   0x00000028   Code   RO         4614    i._delete           enddevicenode.o
    0x0800c260   0x00000028   Code   RO         4615    i._getByID          enddevicenode.o
    0x0800c288   0x00000154   Code   RO         6720    i._printf_core      mc_w.l(printf1.o)
    0x0800c3dc   0x0000000a   Code   RO         6722    i._sputc            mc_w.l(printf1.o)
    0x0800c3e6   0x00000002   PAD
    0x0800c3e8   0x0000002c   Code   RO         4616    i._update           enddevicenode.o
    0x0800c414   0x00000034   Code   RO         4325    i.analyze           zprotoanalyze.o
    0x0800c448   0x00000014   Code   RO            6    i.btn1_read         main.o
    0x0800c45c   0x00000014   Code   RO            7    i.btn2_read         main.o
    0x0800c470   0x00000014   Code   RO            8    i.btn3_read         main.o
    0x0800c484   0x00000014   Code   RO            9    i.btn4_read         main.o
    0x0800c498   0x0000022a   Code   RO         4817    i.button_handler    multi_button.o
    0x0800c6c2   0x00000032   Code   RO         4818    i.button_init       multi_button.o
    0x0800c6f4   0x0000002c   Code   RO         4819    i.button_start      multi_button.o
    0x0800c720   0x0000001c   Code   RO         4821    i.button_ticks      multi_button.o
    0x0800c73c   0x00000050   Code   RO         5887    i.cbBackWin         STemWin522_CM3_Keil.lib(wm.o)
    0x0800c78c   0x000000dc   Code   RO         6640    i.ceil              m_ws.l(ceil.o)
    0x0800c868   0x00000006   Code   RO         4414    i.confirmCBFunc     enddevice.o
    0x0800c86e   0x00000002   PAD
    0x0800c870   0x0000003c   Code   RO          910    i.delay_init        delay.o
    0x0800c8ac   0x0000003c   Code   RO          911    i.delay_ms          delay.o
    0x0800c8e8   0x0000008a   Code   RO         5786    i.emWin_LCD_Init    STemWin522_CM3_Keil.lib(lcd.o)
    0x0800c972   0x00000002   PAD
    0x0800c974   0x00000034   Code   RO         4326    i.enddevice_setInfo  zprotoanalyze.o
    0x0800c9a8   0x000000dc   Code   RO         6644    i.floor             m_ws.l(floor.o)
    0x0800ca84   0x00000050   Code   RO         6929    i.free              mc_w.l(malloc.o)
    0x0800cad4   0x00000022   Code   RO         4646    i.free_kv           hashtable.o
    0x0800caf6   0x00000002   PAD
    0x0800caf8   0x00000010   Code   RO         4415    i.getBIGKEY         enddevice.o
    0x0800cb08   0x0000000c   Code   RO         4416    i.getBIGKEYConfirm  enddevice.o
    0x0800cb14   0x00000010   Code   RO         4417    i.getDHT11          enddevice.o
    0x0800cb24   0x0000000c   Code   RO         4418    i.getDHT11Confirm   enddevice.o
    0x0800cb30   0x00000010   Code   RO         4419    i.getIRDISTANCE     enddevice.o
    0x0800cb40   0x0000000c   Code   RO         4420    i.getIRDISTANCEConfirm  enddevice.o
    0x0800cb4c   0x0000000c   Code   RO         4421    i.getIRREMOTE       enddevice.o
    0x0800cb58   0x0000000c   Code   RO         4422    i.getIRREMOTEConfirm  enddevice.o
    0x0800cb64   0x00000010   Code   RO         4423    i.getPIR            enddevice.o
    0x0800cb74   0x0000000c   Code   RO         4424    i.getPIRConfirm     enddevice.o
    0x0800cb80   0x00000010   Code   RO         4425    i.getPOTENTIOMETER  enddevice.o
    0x0800cb90   0x0000000c   Code   RO         4426    i.getPOTENTIOMETERConfirm  enddevice.o
    0x0800cb9c   0x00000010   Code   RO         4427    i.getPRS            enddevice.o
    0x0800cbac   0x0000000c   Code   RO         4428    i.getPRSConfirm     enddevice.o
    0x0800cbb8   0x00000008   Code   RO         4822    i.get_button_event  multi_button.o
    0x0800cbc0   0x00000018   Code   RO         4647    i.hash_33           hashtable.o
    0x0800cbd8   0x00000046   Code   RO         4648    i.hash_table_delete  hashtable.o
    0x0800cc1e   0x0000003a   Code   RO         4649    i.hash_table_get    hashtable.o
    0x0800cc58   0x0000003c   Code   RO         4650    i.hash_table_new    hashtable.o
    0x0800cc94   0x000000be   Code   RO         4651    i.hash_table_put2   hashtable.o
    0x0800cd52   0x00000050   Code   RO         4652    i.hash_table_rm     hashtable.o
    0x0800cda2   0x00000002   PAD
    0x0800cda4   0x0000018c   Code   RO           10    i.home_page         main.o
    0x0800cf30   0x0000000c   Code   RO         4653    i.init_kv           hashtable.o
    0x0800cf3c   0x000000f0   Code   RO           11    i.main              main.o
    0x0800d02c   0x0000006c   Code   RO         6930    i.malloc            mc_w.l(malloc.o)
    0x0800d098   0x0000008c   Code   RO         4716    i.microbit_recv_analyze  microbit_iic.o
    0x0800d124   0x0000028c   Code   RO         4717    i.microbit_sensor_deal  microbit_iic.o
    0x0800d3b0   0x00000164   Code   RO           12    i.multi_button_event  main.o
    0x0800d514   0x00000088   Code   RO           13    i.multi_button_init  main.o
    0x0800d59c   0x0000000c   Code   RO         4327    i.register_confirmCBFunc  zprotoanalyze.o
    0x0800d5a8   0x0000000c   Code   RO         4328    i.register_reportCBFunc  zprotoanalyze.o
    0x0800d5b4   0x0000000c   Code   RO         4329    i.register_sendFunc  zprotoanalyze.o
    0x0800d5c0   0x000000c4   Code   RO         4429    i.reportCBFunc      enddevice.o
    0x0800d684   0x00000014   Code   RO         4330    i.router_getInfo    zprotoanalyze.o
    0x0800d698   0x00000020   Code   RO         4331    i.router_init       zprotoanalyze.o
    0x0800d6b8   0x00000050   Code   RO         4332    i.router_setInfo    zprotoanalyze.o
    0x0800d708   0x00000020   Code   RO         4430    i.saveBIGKEY        enddevice.o
    0x0800d728   0x00000020   Code   RO         4431    i.saveDHT11         enddevice.o
    0x0800d748   0x00000020   Code   RO         4432    i.saveIRDISTANCE    enddevice.o
    0x0800d768   0x00000020   Code   RO         4433    i.saveIRREMOTE      enddevice.o
    0x0800d788   0x00000020   Code   RO         4434    i.savePIR           enddevice.o
    0x0800d7a8   0x00000020   Code   RO         4435    i.savePOTENTIOMETER  enddevice.o
    0x0800d7c8   0x00000020   Code   RO         4436    i.savePRS           enddevice.o
    0x0800d7e8   0x00000064   Code   RO         4333    i.send_to_device    zprotoanalyze.o
    0x0800d84c   0x00000010   Code   RO         4437    i.setBIGKEYConfirm  enddevice.o
    0x0800d85c   0x00000010   Code   RO         4438    i.setDHT11Confirm   enddevice.o
    0x0800d86c   0x00000010   Code   RO         4439    i.setIRDISTANCEConfirm  enddevice.o
    0x0800d87c   0x00000010   Code   RO         4440    i.setIRREMOTEConfirm  enddevice.o
    0x0800d88c   0x00000010   Code   RO         4441    i.setPIRConfirm     enddevice.o
    0x0800d89c   0x00000010   Code   RO         4442    i.setPOTENTIOMETERConfirm  enddevice.o
    0x0800d8ac   0x00000010   Code   RO         4443    i.setPRSConfirm     enddevice.o
    0x0800d8bc   0x0000000c   Code   RO          973    i.uart1_SetRecvCallback  usart.o
    0x0800d8c8   0x000000fc   Code   RO          974    i.uart_init         usart.o
    0x0800d9c4   0x00000030   Code   RO          975    i.uart_send         usart.o
    0x0800d9f4   0x0000003e   Code   RO         4285    i.zproto_checkValidity  zproto.o
    0x0800da32   0x00000006   Code   RO         4286    i.zproto_header     zproto.o
    0x0800da38   0x00000022   Code   RO         4287    i.zproto_parseFromArray  zproto.o
    0x0800da5a   0x0000000e   Code   RO         4288    i.zproto_type       zproto.o
    0x0800da68   0x00000b91   Data   RO           15    .constdata          main.o
    0x0800e5f9   0x00000003   PAD
    0x0800e5fc   0x00000034   Data   RO         4087    .constdata          guidrv_template.o
    0x0800e630   0x00000039   Data   RO         4335    .constdata          zprotoanalyze.o
    0x0800e669   0x00000003   PAD
    0x0800e66c   0x000000ec   Data   RO         4719    .constdata          microbit_iic.o
    0x0800e758   0x000006cc   Data   RO         4807    .constdata          fontsong.o
    0x0800ee24   0x00000018   Data   RO         4906    .constdata          STemWin522_CM3_Keil.lib(guicc_m565.o)
    0x0800ee3c   0x00000008   Data   RO         5032    .constdata          STemWin522_CM3_Keil.lib(gui_core.o)
    0x0800ee44   0x00000044   Data   RO         5114    .constdata          STemWin522_CM3_Keil.lib(gui_drawline.o)
    0x0800ee88   0x00000010   Data   RO         5189    .constdata          STemWin522_CM3_Keil.lib(gui_uc_encodeutf8.o)
    0x0800ee98   0x00000014   Data   RO         5337    .constdata          STemWin522_CM3_Keil.lib(f20_ascii.o)
    0x0800eeac   0x00000014   Data   RO         5338    .constdata          STemWin522_CM3_Keil.lib(f20_ascii.o)
    0x0800eec0   0x00000014   Data   RO         5339    .constdata          STemWin522_CM3_Keil.lib(f20_ascii.o)
    0x0800eed4   0x00000028   Data   RO         5340    .constdata          STemWin522_CM3_Keil.lib(f20_ascii.o)
    0x0800eefc   0x00000028   Data   RO         5341    .constdata          STemWin522_CM3_Keil.lib(f20_ascii.o)
    0x0800ef24   0x00000028   Data   RO         5342    .constdata          STemWin522_CM3_Keil.lib(f20_ascii.o)
    0x0800ef4c   0x00000028   Data   RO         5343    .constdata          STemWin522_CM3_Keil.lib(f20_ascii.o)
    0x0800ef74   0x00000014   Data   RO         5344    .constdata          STemWin522_CM3_Keil.lib(f20_ascii.o)
    0x0800ef88   0x00000014   Data   RO         5345    .constdata          STemWin522_CM3_Keil.lib(f20_ascii.o)
    0x0800ef9c   0x00000014   Data   RO         5346    .constdata          STemWin522_CM3_Keil.lib(f20_ascii.o)
    0x0800efb0   0x00000014   Data   RO         5347    .constdata          STemWin522_CM3_Keil.lib(f20_ascii.o)
    0x0800efc4   0x00000028   Data   RO         5348    .constdata          STemWin522_CM3_Keil.lib(f20_ascii.o)
    0x0800efec   0x00000014   Data   RO         5349    .constdata          STemWin522_CM3_Keil.lib(f20_ascii.o)
    0x0800f000   0x00000014   Data   RO         5350    .constdata          STemWin522_CM3_Keil.lib(f20_ascii.o)
    0x0800f014   0x00000014   Data   RO         5351    .constdata          STemWin522_CM3_Keil.lib(f20_ascii.o)
    0x0800f028   0x00000014   Data   RO         5352    .constdata          STemWin522_CM3_Keil.lib(f20_ascii.o)
    0x0800f03c   0x00000028   Data   RO         5353    .constdata          STemWin522_CM3_Keil.lib(f20_ascii.o)
    0x0800f064   0x00000028   Data   RO         5354    .constdata          STemWin522_CM3_Keil.lib(f20_ascii.o)
    0x0800f08c   0x00000028   Data   RO         5355    .constdata          STemWin522_CM3_Keil.lib(f20_ascii.o)
    0x0800f0b4   0x00000028   Data   RO         5356    .constdata          STemWin522_CM3_Keil.lib(f20_ascii.o)
    0x0800f0dc   0x00000028   Data   RO         5357    .constdata          STemWin522_CM3_Keil.lib(f20_ascii.o)
    0x0800f104   0x00000028   Data   RO         5358    .constdata          STemWin522_CM3_Keil.lib(f20_ascii.o)
    0x0800f12c   0x00000028   Data   RO         5359    .constdata          STemWin522_CM3_Keil.lib(f20_ascii.o)
    0x0800f154   0x00000028   Data   RO         5360    .constdata          STemWin522_CM3_Keil.lib(f20_ascii.o)
    0x0800f17c   0x00000028   Data   RO         5361    .constdata          STemWin522_CM3_Keil.lib(f20_ascii.o)
    0x0800f1a4   0x00000028   Data   RO         5362    .constdata          STemWin522_CM3_Keil.lib(f20_ascii.o)
    0x0800f1cc   0x00000014   Data   RO         5363    .constdata          STemWin522_CM3_Keil.lib(f20_ascii.o)
    0x0800f1e0   0x00000014   Data   RO         5364    .constdata          STemWin522_CM3_Keil.lib(f20_ascii.o)
    0x0800f1f4   0x00000028   Data   RO         5365    .constdata          STemWin522_CM3_Keil.lib(f20_ascii.o)
    0x0800f21c   0x00000028   Data   RO         5366    .constdata          STemWin522_CM3_Keil.lib(f20_ascii.o)
    0x0800f244   0x00000028   Data   RO         5367    .constdata          STemWin522_CM3_Keil.lib(f20_ascii.o)
    0x0800f26c   0x00000028   Data   RO         5368    .constdata          STemWin522_CM3_Keil.lib(f20_ascii.o)
    0x0800f294   0x0000003c   Data   RO         5369    .constdata          STemWin522_CM3_Keil.lib(f20_ascii.o)
    0x0800f2d0   0x00000028   Data   RO         5370    .constdata          STemWin522_CM3_Keil.lib(f20_ascii.o)
    0x0800f2f8   0x00000028   Data   RO         5371    .constdata          STemWin522_CM3_Keil.lib(f20_ascii.o)
    0x0800f320   0x00000028   Data   RO         5372    .constdata          STemWin522_CM3_Keil.lib(f20_ascii.o)
    0x0800f348   0x00000028   Data   RO         5373    .constdata          STemWin522_CM3_Keil.lib(f20_ascii.o)
    0x0800f370   0x00000028   Data   RO         5374    .constdata          STemWin522_CM3_Keil.lib(f20_ascii.o)
    0x0800f398   0x00000028   Data   RO         5375    .constdata          STemWin522_CM3_Keil.lib(f20_ascii.o)
    0x0800f3c0   0x00000028   Data   RO         5376    .constdata          STemWin522_CM3_Keil.lib(f20_ascii.o)
    0x0800f3e8   0x00000028   Data   RO         5377    .constdata          STemWin522_CM3_Keil.lib(f20_ascii.o)
    0x0800f410   0x00000014   Data   RO         5378    .constdata          STemWin522_CM3_Keil.lib(f20_ascii.o)
    0x0800f424   0x00000028   Data   RO         5379    .constdata          STemWin522_CM3_Keil.lib(f20_ascii.o)
    0x0800f44c   0x00000028   Data   RO         5380    .constdata          STemWin522_CM3_Keil.lib(f20_ascii.o)
    0x0800f474   0x00000028   Data   RO         5381    .constdata          STemWin522_CM3_Keil.lib(f20_ascii.o)
    0x0800f49c   0x00000028   Data   RO         5382    .constdata          STemWin522_CM3_Keil.lib(f20_ascii.o)
    0x0800f4c4   0x00000028   Data   RO         5383    .constdata          STemWin522_CM3_Keil.lib(f20_ascii.o)
    0x0800f4ec   0x00000028   Data   RO         5384    .constdata          STemWin522_CM3_Keil.lib(f20_ascii.o)
    0x0800f514   0x00000028   Data   RO         5385    .constdata          STemWin522_CM3_Keil.lib(f20_ascii.o)
    0x0800f53c   0x00000028   Data   RO         5386    .constdata          STemWin522_CM3_Keil.lib(f20_ascii.o)
    0x0800f564   0x00000028   Data   RO         5387    .constdata          STemWin522_CM3_Keil.lib(f20_ascii.o)
    0x0800f58c   0x00000028   Data   RO         5388    .constdata          STemWin522_CM3_Keil.lib(f20_ascii.o)
    0x0800f5b4   0x00000028   Data   RO         5389    .constdata          STemWin522_CM3_Keil.lib(f20_ascii.o)
    0x0800f5dc   0x00000028   Data   RO         5390    .constdata          STemWin522_CM3_Keil.lib(f20_ascii.o)
    0x0800f604   0x00000028   Data   RO         5391    .constdata          STemWin522_CM3_Keil.lib(f20_ascii.o)
    0x0800f62c   0x0000003c   Data   RO         5392    .constdata          STemWin522_CM3_Keil.lib(f20_ascii.o)
    0x0800f668   0x00000028   Data   RO         5393    .constdata          STemWin522_CM3_Keil.lib(f20_ascii.o)
    0x0800f690   0x00000028   Data   RO         5394    .constdata          STemWin522_CM3_Keil.lib(f20_ascii.o)
    0x0800f6b8   0x00000028   Data   RO         5395    .constdata          STemWin522_CM3_Keil.lib(f20_ascii.o)
    0x0800f6e0   0x00000014   Data   RO         5396    .constdata          STemWin522_CM3_Keil.lib(f20_ascii.o)
    0x0800f6f4   0x00000014   Data   RO         5397    .constdata          STemWin522_CM3_Keil.lib(f20_ascii.o)
    0x0800f708   0x00000014   Data   RO         5398    .constdata          STemWin522_CM3_Keil.lib(f20_ascii.o)
    0x0800f71c   0x00000014   Data   RO         5399    .constdata          STemWin522_CM3_Keil.lib(f20_ascii.o)
    0x0800f730   0x00000028   Data   RO         5400    .constdata          STemWin522_CM3_Keil.lib(f20_ascii.o)
    0x0800f758   0x00000014   Data   RO         5401    .constdata          STemWin522_CM3_Keil.lib(f20_ascii.o)
    0x0800f76c   0x00000028   Data   RO         5402    .constdata          STemWin522_CM3_Keil.lib(f20_ascii.o)
    0x0800f794   0x00000028   Data   RO         5403    .constdata          STemWin522_CM3_Keil.lib(f20_ascii.o)
    0x0800f7bc   0x00000028   Data   RO         5404    .constdata          STemWin522_CM3_Keil.lib(f20_ascii.o)
    0x0800f7e4   0x00000028   Data   RO         5405    .constdata          STemWin522_CM3_Keil.lib(f20_ascii.o)
    0x0800f80c   0x00000028   Data   RO         5406    .constdata          STemWin522_CM3_Keil.lib(f20_ascii.o)
    0x0800f834   0x00000014   Data   RO         5407    .constdata          STemWin522_CM3_Keil.lib(f20_ascii.o)
    0x0800f848   0x00000028   Data   RO         5408    .constdata          STemWin522_CM3_Keil.lib(f20_ascii.o)
    0x0800f870   0x00000028   Data   RO         5409    .constdata          STemWin522_CM3_Keil.lib(f20_ascii.o)
    0x0800f898   0x00000014   Data   RO         5410    .constdata          STemWin522_CM3_Keil.lib(f20_ascii.o)
    0x0800f8ac   0x00000014   Data   RO         5411    .constdata          STemWin522_CM3_Keil.lib(f20_ascii.o)
    0x0800f8c0   0x00000028   Data   RO         5412    .constdata          STemWin522_CM3_Keil.lib(f20_ascii.o)
    0x0800f8e8   0x00000014   Data   RO         5413    .constdata          STemWin522_CM3_Keil.lib(f20_ascii.o)
    0x0800f8fc   0x00000028   Data   RO         5414    .constdata          STemWin522_CM3_Keil.lib(f20_ascii.o)
    0x0800f924   0x00000028   Data   RO         5415    .constdata          STemWin522_CM3_Keil.lib(f20_ascii.o)
    0x0800f94c   0x00000028   Data   RO         5416    .constdata          STemWin522_CM3_Keil.lib(f20_ascii.o)
    0x0800f974   0x00000028   Data   RO         5417    .constdata          STemWin522_CM3_Keil.lib(f20_ascii.o)
    0x0800f99c   0x00000028   Data   RO         5418    .constdata          STemWin522_CM3_Keil.lib(f20_ascii.o)
    0x0800f9c4   0x00000014   Data   RO         5419    .constdata          STemWin522_CM3_Keil.lib(f20_ascii.o)
    0x0800f9d8   0x00000028   Data   RO         5420    .constdata          STemWin522_CM3_Keil.lib(f20_ascii.o)
    0x0800fa00   0x00000014   Data   RO         5421    .constdata          STemWin522_CM3_Keil.lib(f20_ascii.o)
    0x0800fa14   0x00000028   Data   RO         5422    .constdata          STemWin522_CM3_Keil.lib(f20_ascii.o)
    0x0800fa3c   0x00000028   Data   RO         5423    .constdata          STemWin522_CM3_Keil.lib(f20_ascii.o)
    0x0800fa64   0x00000028   Data   RO         5424    .constdata          STemWin522_CM3_Keil.lib(f20_ascii.o)
    0x0800fa8c   0x00000014   Data   RO         5425    .constdata          STemWin522_CM3_Keil.lib(f20_ascii.o)
    0x0800faa0   0x00000028   Data   RO         5426    .constdata          STemWin522_CM3_Keil.lib(f20_ascii.o)
    0x0800fac8   0x00000014   Data   RO         5427    .constdata          STemWin522_CM3_Keil.lib(f20_ascii.o)
    0x0800fadc   0x00000014   Data   RO         5428    .constdata          STemWin522_CM3_Keil.lib(f20_ascii.o)
    0x0800faf0   0x00000014   Data   RO         5429    .constdata          STemWin522_CM3_Keil.lib(f20_ascii.o)
    0x0800fb04   0x00000014   Data   RO         5430    .constdata          STemWin522_CM3_Keil.lib(f20_ascii.o)
    0x0800fb18   0x00000028   Data   RO         5431    .constdata          STemWin522_CM3_Keil.lib(f20_ascii.o)
    0x0800fb40   0x000002f8   Data   RO         5432    .constdata          STemWin522_CM3_Keil.lib(f20_ascii.o)
    0x0800fe38   0x0000000c   Data   RO         5433    .constdata          STemWin522_CM3_Keil.lib(f20_ascii.o)
    0x0800fe44   0x00000024   Data   RO         5434    .constdata          STemWin522_CM3_Keil.lib(f20_ascii.o)
    0x0800fe68   0x00000018   Data   RO         5435    .constdata          STemWin522_CM3_Keil.lib(f24_ascii.o)
    0x0800fe80   0x00000018   Data   RO         5436    .constdata          STemWin522_CM3_Keil.lib(f24_ascii.o)
    0x0800fe98   0x00000018   Data   RO         5437    .constdata          STemWin522_CM3_Keil.lib(f24_ascii.o)
    0x0800feb0   0x00000030   Data   RO         5438    .constdata          STemWin522_CM3_Keil.lib(f24_ascii.o)
    0x0800fee0   0x00000030   Data   RO         5439    .constdata          STemWin522_CM3_Keil.lib(f24_ascii.o)
    0x0800ff10   0x00000048   Data   RO         5440    .constdata          STemWin522_CM3_Keil.lib(f24_ascii.o)
    0x0800ff58   0x00000030   Data   RO         5441    .constdata          STemWin522_CM3_Keil.lib(f24_ascii.o)
    0x0800ff88   0x00000018   Data   RO         5442    .constdata          STemWin522_CM3_Keil.lib(f24_ascii.o)
    0x0800ffa0   0x00000018   Data   RO         5443    .constdata          STemWin522_CM3_Keil.lib(f24_ascii.o)
    0x0800ffb8   0x00000018   Data   RO         5444    .constdata          STemWin522_CM3_Keil.lib(f24_ascii.o)
    0x0800ffd0   0x00000018   Data   RO         5445    .constdata          STemWin522_CM3_Keil.lib(f24_ascii.o)
    0x0800ffe8   0x00000030   Data   RO         5446    .constdata          STemWin522_CM3_Keil.lib(f24_ascii.o)
    0x08010018   0x00000018   Data   RO         5447    .constdata          STemWin522_CM3_Keil.lib(f24_ascii.o)
    0x08010030   0x00000018   Data   RO         5448    .constdata          STemWin522_CM3_Keil.lib(f24_ascii.o)
    0x08010048   0x00000018   Data   RO         5449    .constdata          STemWin522_CM3_Keil.lib(f24_ascii.o)
    0x08010060   0x00000018   Data   RO         5450    .constdata          STemWin522_CM3_Keil.lib(f24_ascii.o)
    0x08010078   0x00000030   Data   RO         5451    .constdata          STemWin522_CM3_Keil.lib(f24_ascii.o)
    0x080100a8   0x00000030   Data   RO         5452    .constdata          STemWin522_CM3_Keil.lib(f24_ascii.o)
    0x080100d8   0x00000030   Data   RO         5453    .constdata          STemWin522_CM3_Keil.lib(f24_ascii.o)
    0x08010108   0x00000030   Data   RO         5454    .constdata          STemWin522_CM3_Keil.lib(f24_ascii.o)
    0x08010138   0x00000030   Data   RO         5455    .constdata          STemWin522_CM3_Keil.lib(f24_ascii.o)
    0x08010168   0x00000030   Data   RO         5456    .constdata          STemWin522_CM3_Keil.lib(f24_ascii.o)
    0x08010198   0x00000030   Data   RO         5457    .constdata          STemWin522_CM3_Keil.lib(f24_ascii.o)
    0x080101c8   0x00000030   Data   RO         5458    .constdata          STemWin522_CM3_Keil.lib(f24_ascii.o)
    0x080101f8   0x00000030   Data   RO         5459    .constdata          STemWin522_CM3_Keil.lib(f24_ascii.o)
    0x08010228   0x00000030   Data   RO         5460    .constdata          STemWin522_CM3_Keil.lib(f24_ascii.o)
    0x08010258   0x00000018   Data   RO         5461    .constdata          STemWin522_CM3_Keil.lib(f24_ascii.o)
    0x08010270   0x00000018   Data   RO         5462    .constdata          STemWin522_CM3_Keil.lib(f24_ascii.o)
    0x08010288   0x00000030   Data   RO         5463    .constdata          STemWin522_CM3_Keil.lib(f24_ascii.o)
    0x080102b8   0x00000030   Data   RO         5464    .constdata          STemWin522_CM3_Keil.lib(f24_ascii.o)
    0x080102e8   0x00000030   Data   RO         5465    .constdata          STemWin522_CM3_Keil.lib(f24_ascii.o)
    0x08010318   0x00000030   Data   RO         5466    .constdata          STemWin522_CM3_Keil.lib(f24_ascii.o)
    0x08010348   0x00000048   Data   RO         5467    .constdata          STemWin522_CM3_Keil.lib(f24_ascii.o)
    0x08010390   0x00000030   Data   RO         5468    .constdata          STemWin522_CM3_Keil.lib(f24_ascii.o)
    0x080103c0   0x00000030   Data   RO         5469    .constdata          STemWin522_CM3_Keil.lib(f24_ascii.o)
    0x080103f0   0x00000030   Data   RO         5470    .constdata          STemWin522_CM3_Keil.lib(f24_ascii.o)
    0x08010420   0x00000030   Data   RO         5471    .constdata          STemWin522_CM3_Keil.lib(f24_ascii.o)
    0x08010450   0x00000030   Data   RO         5472    .constdata          STemWin522_CM3_Keil.lib(f24_ascii.o)
    0x08010480   0x00000030   Data   RO         5473    .constdata          STemWin522_CM3_Keil.lib(f24_ascii.o)
    0x080104b0   0x00000030   Data   RO         5474    .constdata          STemWin522_CM3_Keil.lib(f24_ascii.o)
    0x080104e0   0x00000030   Data   RO         5475    .constdata          STemWin522_CM3_Keil.lib(f24_ascii.o)
    0x08010510   0x00000018   Data   RO         5476    .constdata          STemWin522_CM3_Keil.lib(f24_ascii.o)
    0x08010528   0x00000030   Data   RO         5477    .constdata          STemWin522_CM3_Keil.lib(f24_ascii.o)
    0x08010558   0x00000030   Data   RO         5478    .constdata          STemWin522_CM3_Keil.lib(f24_ascii.o)
    0x08010588   0x00000030   Data   RO         5479    .constdata          STemWin522_CM3_Keil.lib(f24_ascii.o)
    0x080105b8   0x00000048   Data   RO         5480    .constdata          STemWin522_CM3_Keil.lib(f24_ascii.o)
    0x08010600   0x00000030   Data   RO         5481    .constdata          STemWin522_CM3_Keil.lib(f24_ascii.o)
    0x08010630   0x00000030   Data   RO         5482    .constdata          STemWin522_CM3_Keil.lib(f24_ascii.o)
    0x08010660   0x00000030   Data   RO         5483    .constdata          STemWin522_CM3_Keil.lib(f24_ascii.o)
    0x08010690   0x00000030   Data   RO         5484    .constdata          STemWin522_CM3_Keil.lib(f24_ascii.o)
    0x080106c0   0x00000030   Data   RO         5485    .constdata          STemWin522_CM3_Keil.lib(f24_ascii.o)
    0x080106f0   0x00000030   Data   RO         5486    .constdata          STemWin522_CM3_Keil.lib(f24_ascii.o)
    0x08010720   0x00000030   Data   RO         5487    .constdata          STemWin522_CM3_Keil.lib(f24_ascii.o)
    0x08010750   0x00000030   Data   RO         5488    .constdata          STemWin522_CM3_Keil.lib(f24_ascii.o)
    0x08010780   0x00000030   Data   RO         5489    .constdata          STemWin522_CM3_Keil.lib(f24_ascii.o)
    0x080107b0   0x00000048   Data   RO         5490    .constdata          STemWin522_CM3_Keil.lib(f24_ascii.o)
    0x080107f8   0x00000030   Data   RO         5491    .constdata          STemWin522_CM3_Keil.lib(f24_ascii.o)
    0x08010828   0x00000030   Data   RO         5492    .constdata          STemWin522_CM3_Keil.lib(f24_ascii.o)
    0x08010858   0x00000030   Data   RO         5493    .constdata          STemWin522_CM3_Keil.lib(f24_ascii.o)
    0x08010888   0x00000018   Data   RO         5494    .constdata          STemWin522_CM3_Keil.lib(f24_ascii.o)
    0x080108a0   0x00000018   Data   RO         5495    .constdata          STemWin522_CM3_Keil.lib(f24_ascii.o)
    0x080108b8   0x00000018   Data   RO         5496    .constdata          STemWin522_CM3_Keil.lib(f24_ascii.o)
    0x080108d0   0x00000018   Data   RO         5497    .constdata          STemWin522_CM3_Keil.lib(f24_ascii.o)
    0x080108e8   0x00000030   Data   RO         5498    .constdata          STemWin522_CM3_Keil.lib(f24_ascii.o)
    0x08010918   0x00000018   Data   RO         5499    .constdata          STemWin522_CM3_Keil.lib(f24_ascii.o)
    0x08010930   0x00000030   Data   RO         5500    .constdata          STemWin522_CM3_Keil.lib(f24_ascii.o)
    0x08010960   0x00000030   Data   RO         5501    .constdata          STemWin522_CM3_Keil.lib(f24_ascii.o)
    0x08010990   0x00000030   Data   RO         5502    .constdata          STemWin522_CM3_Keil.lib(f24_ascii.o)
    0x080109c0   0x00000030   Data   RO         5503    .constdata          STemWin522_CM3_Keil.lib(f24_ascii.o)
    0x080109f0   0x00000030   Data   RO         5504    .constdata          STemWin522_CM3_Keil.lib(f24_ascii.o)
    0x08010a20   0x00000018   Data   RO         5505    .constdata          STemWin522_CM3_Keil.lib(f24_ascii.o)
    0x08010a38   0x00000030   Data   RO         5506    .constdata          STemWin522_CM3_Keil.lib(f24_ascii.o)
    0x08010a68   0x00000030   Data   RO         5507    .constdata          STemWin522_CM3_Keil.lib(f24_ascii.o)
    0x08010a98   0x00000018   Data   RO         5508    .constdata          STemWin522_CM3_Keil.lib(f24_ascii.o)
    0x08010ab0   0x00000018   Data   RO         5509    .constdata          STemWin522_CM3_Keil.lib(f24_ascii.o)
    0x08010ac8   0x00000030   Data   RO         5510    .constdata          STemWin522_CM3_Keil.lib(f24_ascii.o)
    0x08010af8   0x00000018   Data   RO         5511    .constdata          STemWin522_CM3_Keil.lib(f24_ascii.o)
    0x08010b10   0x00000030   Data   RO         5512    .constdata          STemWin522_CM3_Keil.lib(f24_ascii.o)
    0x08010b40   0x00000030   Data   RO         5513    .constdata          STemWin522_CM3_Keil.lib(f24_ascii.o)
    0x08010b70   0x00000030   Data   RO         5514    .constdata          STemWin522_CM3_Keil.lib(f24_ascii.o)
    0x08010ba0   0x00000030   Data   RO         5515    .constdata          STemWin522_CM3_Keil.lib(f24_ascii.o)
    0x08010bd0   0x00000030   Data   RO         5516    .constdata          STemWin522_CM3_Keil.lib(f24_ascii.o)
    0x08010c00   0x00000018   Data   RO         5517    .constdata          STemWin522_CM3_Keil.lib(f24_ascii.o)
    0x08010c18   0x00000030   Data   RO         5518    .constdata          STemWin522_CM3_Keil.lib(f24_ascii.o)
    0x08010c48   0x00000018   Data   RO         5519    .constdata          STemWin522_CM3_Keil.lib(f24_ascii.o)
    0x08010c60   0x00000030   Data   RO         5520    .constdata          STemWin522_CM3_Keil.lib(f24_ascii.o)
    0x08010c90   0x00000030   Data   RO         5521    .constdata          STemWin522_CM3_Keil.lib(f24_ascii.o)
    0x08010cc0   0x00000030   Data   RO         5522    .constdata          STemWin522_CM3_Keil.lib(f24_ascii.o)
    0x08010cf0   0x00000030   Data   RO         5523    .constdata          STemWin522_CM3_Keil.lib(f24_ascii.o)
    0x08010d20   0x00000030   Data   RO         5524    .constdata          STemWin522_CM3_Keil.lib(f24_ascii.o)
    0x08010d50   0x00000030   Data   RO         5525    .constdata          STemWin522_CM3_Keil.lib(f24_ascii.o)
    0x08010d80   0x00000018   Data   RO         5526    .constdata          STemWin522_CM3_Keil.lib(f24_ascii.o)
    0x08010d98   0x00000018   Data   RO         5527    .constdata          STemWin522_CM3_Keil.lib(f24_ascii.o)
    0x08010db0   0x00000018   Data   RO         5528    .constdata          STemWin522_CM3_Keil.lib(f24_ascii.o)
    0x08010dc8   0x00000030   Data   RO         5529    .constdata          STemWin522_CM3_Keil.lib(f24_ascii.o)
    0x08010df8   0x000002f8   Data   RO         5530    .constdata          STemWin522_CM3_Keil.lib(f24_ascii.o)
    0x080110f0   0x0000000c   Data   RO         5531    .constdata          STemWin522_CM3_Keil.lib(f24_ascii.o)
    0x080110fc   0x00000024   Data   RO         5532    .constdata          STemWin522_CM3_Keil.lib(f24_ascii.o)
    0x08011120   0x00000020   Data   RO         5533    .constdata          STemWin522_CM3_Keil.lib(f32_ascii.o)
    0x08011140   0x00000020   Data   RO         5534    .constdata          STemWin522_CM3_Keil.lib(f32_ascii.o)
    0x08011160   0x00000040   Data   RO         5535    .constdata          STemWin522_CM3_Keil.lib(f32_ascii.o)
    0x080111a0   0x00000040   Data   RO         5536    .constdata          STemWin522_CM3_Keil.lib(f32_ascii.o)
    0x080111e0   0x00000040   Data   RO         5537    .constdata          STemWin522_CM3_Keil.lib(f32_ascii.o)
    0x08011220   0x00000060   Data   RO         5538    .constdata          STemWin522_CM3_Keil.lib(f32_ascii.o)
    0x08011280   0x00000060   Data   RO         5539    .constdata          STemWin522_CM3_Keil.lib(f32_ascii.o)
    0x080112e0   0x00000020   Data   RO         5540    .constdata          STemWin522_CM3_Keil.lib(f32_ascii.o)
    0x08011300   0x00000040   Data   RO         5541    .constdata          STemWin522_CM3_Keil.lib(f32_ascii.o)
    0x08011340   0x00000040   Data   RO         5542    .constdata          STemWin522_CM3_Keil.lib(f32_ascii.o)
    0x08011380   0x00000040   Data   RO         5543    .constdata          STemWin522_CM3_Keil.lib(f32_ascii.o)
    0x080113c0   0x00000040   Data   RO         5544    .constdata          STemWin522_CM3_Keil.lib(f32_ascii.o)
    0x08011400   0x00000020   Data   RO         5545    .constdata          STemWin522_CM3_Keil.lib(f32_ascii.o)
    0x08011420   0x00000040   Data   RO         5546    .constdata          STemWin522_CM3_Keil.lib(f32_ascii.o)
    0x08011460   0x00000020   Data   RO         5547    .constdata          STemWin522_CM3_Keil.lib(f32_ascii.o)
    0x08011480   0x00000020   Data   RO         5548    .constdata          STemWin522_CM3_Keil.lib(f32_ascii.o)
    0x080114a0   0x00000040   Data   RO         5549    .constdata          STemWin522_CM3_Keil.lib(f32_ascii.o)
    0x080114e0   0x00000040   Data   RO         5550    .constdata          STemWin522_CM3_Keil.lib(f32_ascii.o)
    0x08011520   0x00000040   Data   RO         5551    .constdata          STemWin522_CM3_Keil.lib(f32_ascii.o)
    0x08011560   0x00000040   Data   RO         5552    .constdata          STemWin522_CM3_Keil.lib(f32_ascii.o)
    0x080115a0   0x00000040   Data   RO         5553    .constdata          STemWin522_CM3_Keil.lib(f32_ascii.o)
    0x080115e0   0x00000040   Data   RO         5554    .constdata          STemWin522_CM3_Keil.lib(f32_ascii.o)
    0x08011620   0x00000040   Data   RO         5555    .constdata          STemWin522_CM3_Keil.lib(f32_ascii.o)
    0x08011660   0x00000040   Data   RO         5556    .constdata          STemWin522_CM3_Keil.lib(f32_ascii.o)
    0x080116a0   0x00000040   Data   RO         5557    .constdata          STemWin522_CM3_Keil.lib(f32_ascii.o)
    0x080116e0   0x00000040   Data   RO         5558    .constdata          STemWin522_CM3_Keil.lib(f32_ascii.o)
    0x08011720   0x00000020   Data   RO         5559    .constdata          STemWin522_CM3_Keil.lib(f32_ascii.o)
    0x08011740   0x00000020   Data   RO         5560    .constdata          STemWin522_CM3_Keil.lib(f32_ascii.o)
    0x08011760   0x00000040   Data   RO         5561    .constdata          STemWin522_CM3_Keil.lib(f32_ascii.o)
    0x080117a0   0x00000040   Data   RO         5562    .constdata          STemWin522_CM3_Keil.lib(f32_ascii.o)
    0x080117e0   0x00000040   Data   RO         5563    .constdata          STemWin522_CM3_Keil.lib(f32_ascii.o)
    0x08011820   0x00000040   Data   RO         5564    .constdata          STemWin522_CM3_Keil.lib(f32_ascii.o)
    0x08011860   0x00000080   Data   RO         5565    .constdata          STemWin522_CM3_Keil.lib(f32_ascii.o)
    0x080118e0   0x00000060   Data   RO         5566    .constdata          STemWin522_CM3_Keil.lib(f32_ascii.o)
    0x08011940   0x00000060   Data   RO         5567    .constdata          STemWin522_CM3_Keil.lib(f32_ascii.o)
    0x080119a0   0x00000060   Data   RO         5568    .constdata          STemWin522_CM3_Keil.lib(f32_ascii.o)
    0x08011a00   0x00000060   Data   RO         5569    .constdata          STemWin522_CM3_Keil.lib(f32_ascii.o)
    0x08011a60   0x00000060   Data   RO         5570    .constdata          STemWin522_CM3_Keil.lib(f32_ascii.o)
    0x08011ac0   0x00000060   Data   RO         5571    .constdata          STemWin522_CM3_Keil.lib(f32_ascii.o)
    0x08011b20   0x00000060   Data   RO         5572    .constdata          STemWin522_CM3_Keil.lib(f32_ascii.o)
    0x08011b80   0x00000060   Data   RO         5573    .constdata          STemWin522_CM3_Keil.lib(f32_ascii.o)
    0x08011be0   0x00000020   Data   RO         5574    .constdata          STemWin522_CM3_Keil.lib(f32_ascii.o)
    0x08011c00   0x00000040   Data   RO         5575    .constdata          STemWin522_CM3_Keil.lib(f32_ascii.o)
    0x08011c40   0x00000060   Data   RO         5576    .constdata          STemWin522_CM3_Keil.lib(f32_ascii.o)
    0x08011ca0   0x00000040   Data   RO         5577    .constdata          STemWin522_CM3_Keil.lib(f32_ascii.o)
    0x08011ce0   0x00000060   Data   RO         5578    .constdata          STemWin522_CM3_Keil.lib(f32_ascii.o)
    0x08011d40   0x00000060   Data   RO         5579    .constdata          STemWin522_CM3_Keil.lib(f32_ascii.o)
    0x08011da0   0x00000060   Data   RO         5580    .constdata          STemWin522_CM3_Keil.lib(f32_ascii.o)
    0x08011e00   0x00000060   Data   RO         5581    .constdata          STemWin522_CM3_Keil.lib(f32_ascii.o)
    0x08011e60   0x00000060   Data   RO         5582    .constdata          STemWin522_CM3_Keil.lib(f32_ascii.o)
    0x08011ec0   0x00000060   Data   RO         5583    .constdata          STemWin522_CM3_Keil.lib(f32_ascii.o)
    0x08011f20   0x00000060   Data   RO         5584    .constdata          STemWin522_CM3_Keil.lib(f32_ascii.o)
    0x08011f80   0x00000040   Data   RO         5585    .constdata          STemWin522_CM3_Keil.lib(f32_ascii.o)
    0x08011fc0   0x00000060   Data   RO         5586    .constdata          STemWin522_CM3_Keil.lib(f32_ascii.o)
    0x08012020   0x00000060   Data   RO         5587    .constdata          STemWin522_CM3_Keil.lib(f32_ascii.o)
    0x08012080   0x00000080   Data   RO         5588    .constdata          STemWin522_CM3_Keil.lib(f32_ascii.o)
    0x08012100   0x00000060   Data   RO         5589    .constdata          STemWin522_CM3_Keil.lib(f32_ascii.o)
    0x08012160   0x00000060   Data   RO         5590    .constdata          STemWin522_CM3_Keil.lib(f32_ascii.o)
    0x080121c0   0x00000060   Data   RO         5591    .constdata          STemWin522_CM3_Keil.lib(f32_ascii.o)
    0x08012220   0x00000020   Data   RO         5592    .constdata          STemWin522_CM3_Keil.lib(f32_ascii.o)
    0x08012240   0x00000020   Data   RO         5593    .constdata          STemWin522_CM3_Keil.lib(f32_ascii.o)
    0x08012260   0x00000020   Data   RO         5594    .constdata          STemWin522_CM3_Keil.lib(f32_ascii.o)
    0x08012280   0x00000040   Data   RO         5595    .constdata          STemWin522_CM3_Keil.lib(f32_ascii.o)
    0x080122c0   0x00000040   Data   RO         5596    .constdata          STemWin522_CM3_Keil.lib(f32_ascii.o)
    0x08012300   0x00000040   Data   RO         5597    .constdata          STemWin522_CM3_Keil.lib(f32_ascii.o)
    0x08012340   0x00000040   Data   RO         5598    .constdata          STemWin522_CM3_Keil.lib(f32_ascii.o)
    0x08012380   0x00000040   Data   RO         5599    .constdata          STemWin522_CM3_Keil.lib(f32_ascii.o)
    0x080123c0   0x00000040   Data   RO         5600    .constdata          STemWin522_CM3_Keil.lib(f32_ascii.o)
    0x08012400   0x00000040   Data   RO         5601    .constdata          STemWin522_CM3_Keil.lib(f32_ascii.o)
    0x08012440   0x00000040   Data   RO         5602    .constdata          STemWin522_CM3_Keil.lib(f32_ascii.o)
    0x08012480   0x00000020   Data   RO         5603    .constdata          STemWin522_CM3_Keil.lib(f32_ascii.o)
    0x080124a0   0x00000040   Data   RO         5604    .constdata          STemWin522_CM3_Keil.lib(f32_ascii.o)
    0x080124e0   0x00000040   Data   RO         5605    .constdata          STemWin522_CM3_Keil.lib(f32_ascii.o)
    0x08012520   0x00000020   Data   RO         5606    .constdata          STemWin522_CM3_Keil.lib(f32_ascii.o)
    0x08012540   0x00000020   Data   RO         5607    .constdata          STemWin522_CM3_Keil.lib(f32_ascii.o)
    0x08012560   0x00000040   Data   RO         5608    .constdata          STemWin522_CM3_Keil.lib(f32_ascii.o)
    0x080125a0   0x00000020   Data   RO         5609    .constdata          STemWin522_CM3_Keil.lib(f32_ascii.o)
    0x080125c0   0x00000060   Data   RO         5610    .constdata          STemWin522_CM3_Keil.lib(f32_ascii.o)
    0x08012620   0x00000040   Data   RO         5611    .constdata          STemWin522_CM3_Keil.lib(f32_ascii.o)
    0x08012660   0x00000040   Data   RO         5612    .constdata          STemWin522_CM3_Keil.lib(f32_ascii.o)
    0x080126a0   0x00000040   Data   RO         5613    .constdata          STemWin522_CM3_Keil.lib(f32_ascii.o)
    0x080126e0   0x00000040   Data   RO         5614    .constdata          STemWin522_CM3_Keil.lib(f32_ascii.o)
    0x08012720   0x00000040   Data   RO         5615    .constdata          STemWin522_CM3_Keil.lib(f32_ascii.o)
    0x08012760   0x00000040   Data   RO         5616    .constdata          STemWin522_CM3_Keil.lib(f32_ascii.o)
    0x080127a0   0x00000020   Data   RO         5617    .constdata          STemWin522_CM3_Keil.lib(f32_ascii.o)
    0x080127c0   0x00000040   Data   RO         5618    .constdata          STemWin522_CM3_Keil.lib(f32_ascii.o)
    0x08012800   0x00000040   Data   RO         5619    .constdata          STemWin522_CM3_Keil.lib(f32_ascii.o)
    0x08012840   0x00000060   Data   RO         5620    .constdata          STemWin522_CM3_Keil.lib(f32_ascii.o)
    0x080128a0   0x00000040   Data   RO         5621    .constdata          STemWin522_CM3_Keil.lib(f32_ascii.o)
    0x080128e0   0x00000040   Data   RO         5622    .constdata          STemWin522_CM3_Keil.lib(f32_ascii.o)
    0x08012920   0x00000040   Data   RO         5623    .constdata          STemWin522_CM3_Keil.lib(f32_ascii.o)
    0x08012960   0x00000040   Data   RO         5624    .constdata          STemWin522_CM3_Keil.lib(f32_ascii.o)
    0x080129a0   0x00000020   Data   RO         5625    .constdata          STemWin522_CM3_Keil.lib(f32_ascii.o)
    0x080129c0   0x00000040   Data   RO         5626    .constdata          STemWin522_CM3_Keil.lib(f32_ascii.o)
    0x08012a00   0x00000040   Data   RO         5627    .constdata          STemWin522_CM3_Keil.lib(f32_ascii.o)
    0x08012a40   0x000002f8   Data   RO         5628    .constdata          STemWin522_CM3_Keil.lib(f32_ascii.o)
    0x08012d38   0x0000000c   Data   RO         5629    .constdata          STemWin522_CM3_Keil.lib(f32_ascii.o)
    0x08012d44   0x00000024   Data   RO         5630    .constdata          STemWin522_CM3_Keil.lib(f32_ascii.o)
    0x08012d68   0x00000518   Data   RO         5631    .constdata          STemWin522_CM3_Keil.lib(f6x8.o)
    0x08013280   0x000001c0   Data   RO         5632    .constdata          STemWin522_CM3_Keil.lib(f6x8.o)
    0x08013440   0x00000008   Data   RO         5633    .constdata          STemWin522_CM3_Keil.lib(f6x8.o)
    0x08013448   0x00000014   Data   RO         5634    .constdata          STemWin522_CM3_Keil.lib(f6x8.o)
    0x0801345c   0x00000024   Data   RO         5635    .constdata          STemWin522_CM3_Keil.lib(f6x8.o)
    0x08013480   0x00000a30   Data   RO         5637    .constdata          STemWin522_CM3_Keil.lib(f8x16.o)
    0x08013eb0   0x000001c0   Data   RO         5638    .constdata          STemWin522_CM3_Keil.lib(f8x16.o)
    0x08014070   0x00000008   Data   RO         5639    .constdata          STemWin522_CM3_Keil.lib(f8x16.o)
    0x08014078   0x00000014   Data   RO         5640    .constdata          STemWin522_CM3_Keil.lib(f8x16.o)
    0x0801408c   0x00000024   Data   RO         5643    .constdata          STemWin522_CM3_Keil.lib(f8x16.o)
    0x080140b0   0x00000100   Data   RO         5657    .constdata          STemWin522_CM3_Keil.lib(gui__divtbl_255_31.o)
    0x080141b0   0x00000100   Data   RO         5658    .constdata          STemWin522_CM3_Keil.lib(gui__divtbl_255_63.o)
    0x080142b0   0x00000020   Data   RO         5659    .constdata          STemWin522_CM3_Keil.lib(gui__divtbl_31_255.o)
    0x080142d0   0x00000040   Data   RO         5660    .constdata          STemWin522_CM3_Keil.lib(gui__divtbl_63_255.o)
    0x08014310   0x0000016c   Data   RO         5665    .constdata          STemWin522_CM3_Keil.lib(gui__sinhq.o)
    0x0801447c   0x00000028   Data   RO         5690    .constdata          STemWin522_CM3_Keil.lib(gui_adddecshift.o)
    0x080144a4   0x00000010   Data   RO         5695    .constdata          STemWin522_CM3_Keil.lib(gui_addhex.o)
    0x080144b4   0x00000010   Data   RO         5761    .constdata          STemWin522_CM3_Keil.lib(gui_uc_encodenone.o)
    0x080144c4   0x0000000c   Data   RO         5787    .constdata          STemWin522_CM3_Keil.lib(lcd.o)
    0x080144d0   0x00000018   Data   RO         6067    .constdata          STemWin522_CM3_Keil.lib(guicc_0.o)
    0x080144e8   0x00000018   Data   RO         6359    .constdata          STemWin522_CM3_Keil.lib(guicc_8888.o)
    0x08014500   0x00000074   Data   RO         6401    .constdata          STemWin522_CM3_Keil.lib(guidev_32.o)
    0x08014574   0x00000018   Data   RO         6449    .constdata          STemWin522_CM3_Keil.lib(guidev_usagebm.o)
    0x0801458c   0x00000008   Data   RO         6464    .constdata          STemWin522_CM3_Keil.lib(guidev_writetoactiveopaque.o)
    0x08014594   0x00000100   Data   RO         6609    .constdata          STemWin522_CM3_Keil.lib(lcd_mirror.o)
    0x08014694   0x00000020   Data   RO         7035    Region$$Table       anon$$obj.o


    Execution Region RW_IRAM1 (Base: 0x20000000, Size: 0x000035a8, Max: 0x00010000, ABSOLUTE, COMPRESSED[0x00000134])

    Base Addr    Size         Type   Attr      Idx    E Section Name        Object

    0x20000000   0x0000001a   Data   RW           16    .data               main.o
    0x2000001a   0x00000002   PAD
    0x2000001c   0x0000000a   Data   RW          827    .data               i2c_stx.o
    0x20000026   0x00000004   Data   RW          913    .data               delay.o
    0x2000002a   0x00000002   PAD
    0x2000002c   0x00000008   Data   RW          977    .data               usart.o
    0x20000034   0x00000014   Data   RW         2627    .data               stm32f10x_rcc.o
    0x20000048   0x00000004   Data   RW         4017    .data               gui_x.o
    0x2000004c   0x0000005c   Data   RW         4336    .data               zprotoanalyze.o
    0x200000a8   0x000000f4   Data   RW         4444    .data               enddevice.o
    0x2000019c   0x00000004   Data   RW         4618    .data               enddevicenode.o
    0x200001a0   0x00000018   Data   RW         4720    .data               microbit_iic.o
    0x200001b8   0x00000004   Data   RW         4823    .data               multi_button.o
    0x200001bc   0x0000003c   Data   RW         4886    .data               STemWin522_CM3_Keil.lib(guiaa_lib.o)
    0x200001f8   0x00000008   Data   RW         4907    .data               STemWin522_CM3_Keil.lib(guicc_m565.o)
    0x20000200   0x00000008   Data   RW         4948    .data               STemWin522_CM3_Keil.lib(gui_alloc.o)
    0x20000208   0x0000002c   Data   RW         5033    .data               STemWin522_CM3_Keil.lib(gui_core.o)
    0x20000234   0x00000004   Data   RW         5034    .data               STemWin522_CM3_Keil.lib(gui_core.o)
    0x20000238   0x00000004   Data   RW         5035    .data               STemWin522_CM3_Keil.lib(gui_core.o)
    0x2000023c   0x00000004   Data   RW         5036    .data               STemWin522_CM3_Keil.lib(gui_core.o)
    0x20000240   0x00000004   Data   RW         5037    .data               STemWin522_CM3_Keil.lib(gui_core.o)
    0x20000244   0x00000002   Data   RW         5038    .data               STemWin522_CM3_Keil.lib(gui_core.o)
    0x20000246   0x00000002   Data   RW         5039    .data               STemWin522_CM3_Keil.lib(gui_core.o)
    0x20000248   0x00000004   Data   RW         5140    .data               STemWin522_CM3_Keil.lib(gui_fillpolygon.o)
    0x2000024c   0x00000008   Data   RW         5676    .data               STemWin522_CM3_Keil.lib(gui__wrap.o)
    0x20000254   0x00000004   Data   RW         5715    .data               STemWin522_CM3_Keil.lib(gui_charline.o)
    0x20000258   0x00000004   Data   RW         5788    .data               STemWin522_CM3_Keil.lib(lcd.o)
    0x2000025c   0x00000004   Data   RW         5812    .data               STemWin522_CM3_Keil.lib(lcd_aa.o)
    0x20000260   0x00000010   Data   RW         5825    .data               STemWin522_CM3_Keil.lib(lcd_color.o)
    0x20000270   0x00000058   Data   RW         5889    .data               STemWin522_CM3_Keil.lib(wm.o)
    0x200002c8   0x00000028   Data   RW         5962    .data               STemWin522_CM3_Keil.lib(gui__alpha.o)
    0x200002f0   0x00000008   Data   RW         5979    .data               STemWin522_CM3_Keil.lib(gui__managecache.o)
    0x200002f8   0x0000000c   Data   RW         5998    .data               STemWin522_CM3_Keil.lib(gui_onkey.o)
    0x20000304   0x0000000c   Data   RW         6055    .data               STemWin522_CM3_Keil.lib(gui_waitevent.o)
    0x20000310   0x00000004   Data   RW         6106    .data               STemWin522_CM3_Keil.lib(guidev_banding.o)
    0x20000314   0x00000001   Data   RW         6120    .data               STemWin522_CM3_Keil.lib(guidev_staticdevices.o)
    0x20000315   0x00000003   PAD
    0x20000318   0x00000004   Data   RW         6132    .data               STemWin522_CM3_Keil.lib(wm__sendmessage.o)
    0x2000031c   0x00000020   Data   RW         6282    .data               STemWin522_CM3_Keil.lib(gui_setalpha.o)
    0x2000033c   0x00000014   Data   RW         6336    .data               STemWin522_CM3_Keil.lib(gui_timer.o)
    0x20000350   0x00000004   Data   RW         7012    .data               mc_w.l(mvars.o)
    0x20000354   0x00000004   Data   RW         7013    .data               mc_w.l(mvars.o)
    0x20000358   0x000000a0   Zero   RW           14    .bss                main.o
    0x200003f8   0x0000000a   Zero   RW          700    .bss                ili9341.o
    0x20000402   0x00000014   Zero   RW          826    .bss                i2c_stx.o
    0x20000416   0x00000080   Zero   RW          976    .bss                usart.o
    0x20000496   0x00000002   PAD
    0x20000498   0x00002800   Zero   RW         3998    .bss                guiconf.o
    0x20002c98   0x00000077   Zero   RW         4334    .bss                zprotoanalyze.o
    0x20002d0f   0x00000001   PAD
    0x20002d10   0x0000000c   Zero   RW         4617    .bss                enddevicenode.o
    0x20002d1c   0x00000078   Zero   RW         4718    .bss                microbit_iic.o
    0x20002d94   0x000000c8   Zero   RW         4947    .bss                STemWin522_CM3_Keil.lib(gui_alloc.o)
    0x20002e5c   0x00000078   Zero   RW         5031    .bss                STemWin522_CM3_Keil.lib(gui_core.o)
    0x20002ed4   0x00000018   Zero   RW         5139    .bss                STemWin522_CM3_Keil.lib(gui_fillpolygon.o)
    0x20002eec   0x00000018   Zero   RW         5888    .bss                STemWin522_CM3_Keil.lib(wm.o)
    0x20002f04   0x00000058   Zero   RW         5997    .bss                STemWin522_CM3_Keil.lib(gui_onkey.o)
    0x20002f5c   0x00000048   Zero   RW         6175    .bss                STemWin522_CM3_Keil.lib(wm_touch.o)
    0x20002fa4   0x00000004   PAD
    0x20002fa8   0x00000200   Zero   RW         1024    HEAP                startup_stm32f10x_hd.o
    0x200031a8   0x00000400   Zero   RW         1023    STACK               startup_stm32f10x_hd.o


==============================================================================

Image component sizes


      Code (inc. data)   RO Data    RW Data    ZI Data      Debug   Object Name

       268         22          0          0          0       1539   adc.o
       120         12          0          4          0       1128   delay.o
       850        214          0        244          0      18148   enddevice.o
       184         52          0          4         12       2929   enddevicenode.o
         0          0       1740          0          0       5068   fontsong.o
        40         10          0          4          0       1916   gui_x.o
        36         10          0          0      10240        499   guiconf.o
      3890        120         52          0          0      66523   guidrv_template.o
       528          0          0          0          0       5652   hashtable.o
       536         74          0         10         20       3938   i2c_stx.o
      1878         84          0          0         10       9303   ili9341.o
        78         10          0          0          0       1649   lcdconf.o
      2760        486       2961         26        160     356563   main.o
      2996        310        236         24        120      12120   microbit_iic.o
       172         22          0          0          0       1905   misc.o
       684         18          0          4          0       3184   multi_button.o
        36          8        304          0       1536        760   startup_stm32f10x_hd.o
       486         24          0          0          0       8150   stm32f10x_adc.o
       428          8          0          0          0       4320   stm32f10x_dma.o
       304          0          0          0          0       3468   stm32f10x_gpio.o
       366         14          0          0          0       6146   stm32f10x_i2c.o
        26          0          0          0          0       3362   stm32f10x_it.o
       364         50          0         20          0       5818   stm32f10x_rcc.o
        84          0          0          0          0       2013   stm32f10x_spi.o
       246         42          0          0          0       3322   stm32f10x_tim.o
       450          6          0          0          0       5904   stm32f10x_usart.o
        20          0          0          0          0       1206   sys.o
       328         28          0          0          0       1649   system_stm32f10x.o
       404         44          0          8        128       3188   usart.o
       116          0          0          0          0       4297   zproto.o
      1004        132         57         92        119      18522   zprotoanalyze.o

    ----------------------------------------------------------------------
     19718       1800       5388        444      12348     564189   Object Totals
         0          0         32          0          0          0   (incl. Generated)
        36          0          6          4          3          0   (incl. Padding)

    ----------------------------------------------------------------------

      Code (inc. data)   RO Data    RW Data    ZI Data      Debug   Library Member Name

         0          0       4048          0          0          0   f20_ascii.o
         0          0       4792          0          0          0   f24_ascii.o
         0          0       7240          0          0          0   f32_ascii.o
         0          0       1816          0          0          0   f6x8.o
         0          0       3120          0          0          0   f8x16.o
        16          6          0          0          0         68   gui_2dlib.o
       824         34          0         40          0        508   gui__alpha.o
       668          0          0          0          0        160   gui__compactpixelindices.o
         0          0        256          0          0          0   gui__divtbl_255_31.o
         0          0        256          0          0          0   gui__divtbl_255_63.o
         0          0         32          0          0          0   gui__divtbl_31_255.o
         0          0         64          0          0          0   gui__divtbl_63_255.o
       320          0          0          0          0        108   gui__expandpixelindices.o
        58          0          0          0          0         68   gui__intersectrect.o
        82          0          0          0          0         80   gui__intersectrects.o
       188          8          0          8          0        152   gui__managecache.o
        76          0          0          0          0         76   gui__memset.o
       128         16        364          0          0        148   gui__sinhq.o
        26          0          0          0          0         68   gui__sqrt32.o
       304          4          0          8          0        508   gui__wrap.o
        38          0          0          0          0         76   gui_addbin.o
       152         10         40          0          0         84   gui_adddecshift.o
        48          6         16          0          0         76   gui_addhex.o
      1766        102          0          8        200       1768   gui_alloc.o
        36          0          0          0          0         80   gui_alloc_alloczero.o
      1044         10          0          0          0        448   gui_arc.o
        68          0          0          0          0         76   gui_calccolordist.o
        96         22          0          0          0        272   gui_char.o
       458         36          0          4          0        472   gui_charline.o
       394         10          0          0          0        300   gui_charm.o
       308         10          0          0          0        384   gui_charp.o
      1154         28          0          0          0        808   gui_circ.o
       460         78          8         64        120        620   gui_core.o
       340         22          0          0          0        516   gui_device.o
        34          0          0          0          0         84   gui_dispbin.o
        44          4          0          0          0         80   gui_dispceol.o
        50          0          0          0          0        156   gui_disphex.o
       256          4          0          0          0         88   gui_dispstring.o
        16          4          0          0          0         68   gui_dispstringat.o
        14          0          0          0          0         80   gui_dispstringatceol.o
       298          0          0          0          0        200   gui_dispstringinrectwrap.o
       586         18          0          0          0        300   gui_drawgradient.o
       480         18          0          0          0        300   gui_drawgradientrounded.o
      1230         36         68          0          0        984   gui_drawline.o
        92          6          0          0          0         88   gui_drawpie.o
        32          4          0          0          0         68   gui_drawpoint.o
       160          4          0          0          0        180   gui_drawpolygon.o
        52          4          0          0          0        152   gui_exec.o
       640         32          0          4         24        264   gui_fillpolygon.o
        72          4          0          0          0         84   gui_fillrect.o
        20          0          0          0          0         68   gui_fillrectex.o
        28          0          0          0          0        160   gui_getcolor.o
        32         10          0          0          0        136   gui_getorg.o
        52         12          0          0          0        216   gui_goto.o
        88          0          0          0          0         76   gui_mergerect.o
        30          0          0          0          0         68   gui_moverect.o
        94         14          0         12         88        284   gui_onkey.o
        28          8          0          0          0        136   gui_pen.o
        56          0          0          0          0         68   gui_rectsintersect.o
        32         10          0          0          0        136   gui_savecontext.o
        36          8          0          0          0         80   gui_selectlayer.o
        18          0          0          0          0         80   gui_selectlcd.o
        36          4          0         32          0         76   gui_setalpha.o
         4          0          0          0          0         68   gui_setcliprect.o
         8          0          0          0          0        136   gui_setcolor.o
        64          6          0          0          0         80   gui_setdefault.o
         4          0          0          0          0         68   gui_setdrawmode.o
        20          6          0          0          0         68   gui_setfont.o
        16          4          0          0          0         68   gui_setlinestyle.o
        56         18          0          0          0         80   gui_setorg.o
        20          6          0          0          0         68   gui_settextalign.o
        20          6          0          0          0         68   gui_settextmode.o
       180         18          0          0          0        168   gui_settextstyle.o
        42          0          0          0          0         80   gui_time.o
       332         16          0         20          0        484   gui_timer.o
        84         10          0          0          0        168   gui_uc.o
        18          0         16          0          0        272   gui_uc_encodenone.o
       208          8         16          0          0        352   gui_uc_encodeutf8.o
        60          0          0          0          0        224   gui_val.o
        16          4          0         12          0         68   gui_waitevent.o
       468         12          0          0          0        188   guiaa_fillroundedrect.o
       748         80          0         60          0        768   guiaa_lib.o
       198          0         24          0          0        244   guicc_0.o
        36          0         24          0          0        288   guicc_8888.o
         2          0          0          0          0         68   guicc_8888_index2color.o
         2          0          0          0          0         68   guicc_888_index2color.o
       206         32         24          8          0        336   guicc_m565.o
        44         10          0          0          0         76   guicc_m565_index2color.o
       760         38          0          0          0        676   guidev.o
      2320         62        116          0          0       1428   guidev_32.o
       300         10          0          4          0        164   guidev_banding.o
        60          6          0          0          0         76   guidev_clear.o
        22          0          0          0          0         80   guidev_getdataptr.o
        40          6          0          0          0         80   guidev_getysize.o
        44          4          0          0          0         80   guidev_reduceysize.o
        88          4          0          0          0         80   guidev_setorg.o
       308         12          0          1          0        176   guidev_staticdevices.o
        76          0          0          0          0        164   guidev_usage.o
       452          6         24          0          0        460   guidev_usagebm.o
       106          4          0          0          0        148   guidev_write.o
       280         14          0          0          0         96   guidev_writetoactivealpha.o
      1698         18          8          0          0        384   guidev_writetoactiveopaque.o
      1734        118         12          4          0       1428   lcd.o
       184         26          0          4          0        248   lcd_aa.o
       260         26          0         16          0        388   lcd_color.o
        32         12          0          0          0        136   lcd_getcolorindex.o
       372         32          0          0          0       1204   lcd_getex.o
        26          0          0          0          0         80   lcd_getnumdisplays.o
        96         10          0          0          0         84   lcd_getp.o
        14          0          0          0          0         80   lcd_getpixelcolor.o
         0          0        256          0          0          0   lcd_mirror.o
       504         18          0          0          0        180   lcd_readrect.o
        68         10          0          0          0         80   lcd_selectlcd.o
       132          0          0          0          0        252   lcd_set.o
        48         10          0          0          0         80   lcd_setcliprectex.o
        36          4          0          0          0         80   lcd_updatecolorindices.o
      4578        226          0         88         24       4116   wm.o
        18          0          0          0          0         76   wm__getfirstsibling.o
        56         12          0          0          0        136   wm__getorg_aa.o
        36          0          0          0          0         80   wm__getprevsibling.o
        60          6          0          4          0         88   wm__sendmessage.o
        38          0          0          0          0         80   wm__sendmessagenopara.o
       220          0          0          0          0         96   wm__updatechildpositions.o
       126          0          0          0          0         92   wm_bringtobottom.o
        16          6          0          0          0         68   wm_criticalhandle.o
        32          0          0          0          0         80   wm_getclientrect.o
        24         10          0          0          0         68   wm_getdesktopwindow.o
        14          0          0          0          0         76   wm_getfirstchild.o
        14          0          0          0          0         76   wm_getparent.o
       266          0          0          0          0        252   wm_move.o
        16          0          0          0          0         76   wm_notifyparent.o
        56          8          0          0          0         84   wm_onkey.o
       238          0          0          0          0         88   wm_resizewindow.o
         4          0          0          0          0         68   wm_sendmessagenopara.o
        30          0          0          0          0         92   wm_sendtoparent.o
        62          0          0          0          0         84   wm_setsize.o
        24          6          0          0          0         76   wm_setusercliprect.o
       106          0          0          0          0        164   wm_timer.o
         0          0          0          0         72          0   wm_touch.o
       220         16          0          0          0         84   ceil.o
       220         16          0          0          0         84   floor.o
        86          0          0          0          0          0   __dczerorl2.o
         0          0          0          0          0          0   entry.o
         0          0          0          0          0          0   entry10a.o
         0          0          0          0          0          0   entry11a.o
         8          4          0          0          0          0   entry2.o
         4          0          0          0          0          0   entry5.o
         0          0          0          0          0          0   entry7b.o
         0          0          0          0          0          0   entry8b.o
         8          4          0          0          0          0   entry9a.o
        30          0          0          0          0          0   handlers.o
        36          8          0          0          0         68   init.o
         0          0          0          0          0          0   iusefp.o
        30          0          0          0          0         68   llshl.o
        36          0          0          0          0         68   llsshr.o
        32          0          0          0          0         68   llushr.o
       188         20          0          0          0        160   malloc.o
        64          0          0          0          0         76   memmovea.o
        36          0          0          0          0        108   memseta.o
         0          0          0          8          0          0   mvars.o
       390         10          0          0          0        252   printf1.o
        28          0          0          0          0         76   strcmp.o
        18          0          0          0          0         68   strcpy.o
        14          0          0          0          0         68   strlen.o
        44          0          0          0          0         80   uidiv.o
        48          0          0          0          0         68   cdrcmple.o
        20          0          0          0          0         68   cfcmple.o
        20          0          0          0          0         68   cfrcmple.o
       334          0          0          0          0        148   dadd.o
       186          0          0          0          0        176   depilogue.o
        62          0          0          0          0         80   dfixi.o
        50          0          0          0          0         76   dfixui.o
        34          0          0          0          0         76   dflti.o
        26          0          0          0          0         76   dfltui.o
       228          0          0          0          0         96   dmul.o
        38          0          0          0          0         68   f2d.o
       176          0          0          0          0        140   fadd.o
       124          0          0          0          0         88   fdiv.o
       110          0          0          0          0        168   fepilogue.o
        50          0          0          0          0         68   ffixi.o
        40          0          0          0          0         68   ffixui.o
        18          0          0          0          0         68   fflti.o
        10          0          0          0          0         68   ffltui.o
       100          0          0          0          0         76   fmul.o
        24          0          0          0          0         68   fscalb.o

    ----------------------------------------------------------------------
     35890       1644      22640        412        532      34908   Library Totals
        92          0          0          3          4          0   (incl. Padding)

    ----------------------------------------------------------------------

      Code (inc. data)   RO Data    RW Data    ZI Data      Debug   Library Name

     32608       1566      22640        401        528      31768   STemWin522_CM3_Keil.lib
       440         32          0          0          0        168   m_ws.l
      1052         46          0          8          0       1160   mc_w.l
      1698          0          0          0          0       1812   mf_w.l

    ----------------------------------------------------------------------
     35890       1644      22640        412        532      34908   Library Totals

    ----------------------------------------------------------------------

==============================================================================


      Code (inc. data)   RO Data    RW Data    ZI Data      Debug   

     55608       3444      28028        856      12880     565737   Grand Totals
     55608       3444      28028        308      12880     565737   ELF Image Totals (compressed)
     55608       3444      28028        308          0          0   ROM Totals

==============================================================================

    Total RO  Size (Code + RO Data)                83636 (  81.68kB)
    Total RW  Size (RW Data + ZI Data)             13736 (  13.41kB)
    Total ROM Size (Code + RO Data + RW Data)      83944 (  81.98kB)

==============================================================================

