Component: ARM Compiler 5.06 update 2 (build 183) Tool: armlink [4d35b7]

==============================================================================

Section Cross References

    main.o(i.PWR_5182CTL_Init) refers to stm32f10x_rcc.o(i.RCC_APB2PeriphClockCmd) for RCC_APB2PeriphClockCmd
    main.o(i.PWR_5182CTL_Init) refers to stm32f10x_gpio.o(i.GPIO_Init) for GPIO_Init
    main.o(i.PWR_5182CTL_Init) refers to stm32f10x_gpio.o(i.GPIO_ResetBits) for GPIO_ResetBits
    main.o(i.Sensors_page) refers to gui_setcolor.o(i.GUI_SetColor) for GUI_SetColor
    main.o(i.Sensors_page) refers to gui_pen.o(i.GUI_SetPenSize) for GUI_SetPenSize
    main.o(i.Sensors_page) refers to gui_setfont.o(i.GUI_SetFont) for GUI_SetFont
    main.o(i.Sensors_page) refers to gui_dispstringat.o(i.GUI_DispStringAt) for GUI_DispStringAt
    main.o(i.Sensors_page) refers to gui_drawpolygon.o(i.GUI_DrawPolygon) for GUI_DrawPolygon
    main.o(i.Sensors_page) refers to gui_setlinestyle.o(i.GUI_SetLineStyle) for GUI_SetLineStyle
    main.o(i.Sensors_page) refers to gui_drawline.o(i.GUI_DrawLine) for GUI_DrawLine
    main.o(i.Sensors_page) refers to guiaa_lib.o(i.GUI_AA_SetFactor) for GUI_AA_SetFactor
    main.o(i.Sensors_page) refers to guiaa_fillroundedrect.o(i.GUI_AA_FillRoundedRect) for GUI_AA_FillRoundedRect
    main.o(i.Sensors_page) refers to gui_settextmode.o(i.GUI_SetTextMode) for GUI_SetTextMode
    main.o(i.Sensors_page) refers to gui_drawgradientrounded.o(i.GUI_DrawGradientRoundedH) for GUI_DrawGradientRoundedH
    main.o(i.Sensors_page) refers to gui_goto.o(i.GUI_GotoXY) for GUI_GotoXY
    main.o(i.Sensors_page) refers to gui_val.o(i.GUI_DispDec) for GUI_DispDec
    main.o(i.Sensors_page) refers to gui_disphex.o(i.GUI_DispHex) for GUI_DispHex
    main.o(i.Sensors_page) refers to main.o(.data) for tim_flg
    main.o(i.Sensors_page) refers to f20_ascii.o(.constdata) for GUI_Font20_ASCII
    main.o(i.Sensors_page) refers to main.o(.constdata) for OutPoints
    main.o(i.TIM3_IRQHandler) refers to stm32f10x_tim.o(i.TIM_GetITStatus) for TIM_GetITStatus
    main.o(i.TIM3_IRQHandler) refers to stm32f10x_tim.o(i.TIM_ClearITPendingBit) for TIM_ClearITPendingBit
    main.o(i.TIM3_IRQHandler) refers to gui_x.o(.data) for OS_TimeMS
    main.o(i.TIM3_Int_Init) refers to stm32f10x_rcc.o(i.RCC_APB1PeriphClockCmd) for RCC_APB1PeriphClockCmd
    main.o(i.TIM3_Int_Init) refers to stm32f10x_tim.o(i.TIM_TimeBaseInit) for TIM_TimeBaseInit
    main.o(i.TIM3_Int_Init) refers to stm32f10x_tim.o(i.TIM_ITConfig) for TIM_ITConfig
    main.o(i.TIM3_Int_Init) refers to misc.o(i.NVIC_Init) for NVIC_Init
    main.o(i.TIM3_Int_Init) refers to stm32f10x_tim.o(i.TIM_Cmd) for TIM_Cmd
    main.o(i.Voltage_Pros) refers to gui_settextmode.o(i.GUI_SetTextMode) for GUI_SetTextMode
    main.o(i.Voltage_Pros) refers to gui_setcolor.o(i.GUI_SetColor) for GUI_SetColor
    main.o(i.Voltage_Pros) refers to adc.o(i.Get_Voltage) for Get_Voltage
    main.o(i.Voltage_Pros) refers to dflti.o(.text) for __aeabi_i2d
    main.o(i.Voltage_Pros) refers to dmul.o(.text) for __aeabi_dmul
    main.o(i.Voltage_Pros) refers to dfixui.o(.text) for __aeabi_d2uiz
    main.o(i.Voltage_Pros) refers to gui_core.o(i.GUI_ClearRect) for GUI_ClearRect
    main.o(i.Voltage_Pros) refers to gui_fillpolygon.o(i.GUI_FillPolygon) for GUI_FillPolygon
    main.o(i.Voltage_Pros) refers to gui_dispstringat.o(i.GUI_DispStringAt) for GUI_DispStringAt
    main.o(i.Voltage_Pros) refers to gui_goto.o(i.GUI_GotoXY) for GUI_GotoXY
    main.o(i.Voltage_Pros) refers to gui_val.o(i.GUI_DispDec) for GUI_DispDec
    main.o(i.Voltage_Pros) refers to main.o(.data) for bat_Voltage
    main.o(i.Voltage_Pros) refers to main.o(.constdata) for IN_Point1
    main.o(i.btn1_read) refers to stm32f10x_gpio.o(i.GPIO_ReadInputDataBit) for GPIO_ReadInputDataBit
    main.o(i.btn2_read) refers to stm32f10x_gpio.o(i.GPIO_ReadInputDataBit) for GPIO_ReadInputDataBit
    main.o(i.btn3_read) refers to stm32f10x_gpio.o(i.GPIO_ReadInputDataBit) for GPIO_ReadInputDataBit
    main.o(i.btn4_read) refers to stm32f10x_gpio.o(i.GPIO_ReadInputDataBit) for GPIO_ReadInputDataBit
    main.o(i.home_page) refers to gui_setcolor.o(i.GUI_SetColor) for GUI_SetColor
    main.o(i.home_page) refers to gui_pen.o(i.GUI_SetPenSize) for GUI_SetPenSize
    main.o(i.home_page) refers to gui_setfont.o(i.GUI_SetFont) for GUI_SetFont
    main.o(i.home_page) refers to gui_dispstringat.o(i.GUI_DispStringAt) for GUI_DispStringAt
    main.o(i.home_page) refers to gui_drawpolygon.o(i.GUI_DrawPolygon) for GUI_DrawPolygon
    main.o(i.home_page) refers to gui_setlinestyle.o(i.GUI_SetLineStyle) for GUI_SetLineStyle
    main.o(i.home_page) refers to gui_drawline.o(i.GUI_DrawLine) for GUI_DrawLine
    main.o(i.home_page) refers to guiaa_lib.o(i.GUI_AA_SetFactor) for GUI_AA_SetFactor
    main.o(i.home_page) refers to guiaa_fillroundedrect.o(i.GUI_AA_FillRoundedRect) for GUI_AA_FillRoundedRect
    main.o(i.home_page) refers to gui_settextmode.o(i.GUI_SetTextMode) for GUI_SetTextMode
[...]
    0x08005232   0x00000002   Code   RO          284    i.NMI_Handler       stm32f10x_it.o
    0x08005234   0x0000000c   Code   RO          936    i.NVIC_Configuration  sys.o
    0x08005240   0x00000070   Code   RO         1027    i.NVIC_Init         misc.o
    0x080052b0   0x00000014   Code   RO         1028    i.NVIC_PriorityGroupConfig  misc.o
    0x080052c4   0x00000038   Code   RO            1    i.PWR_5182CTL_Init  main.o
    0x080052fc   0x00000002   Code   RO          285    i.PendSV_Handler    stm32f10x_it.o
    0x080052fe   0x00000002   PAD
    0x08005300   0x00000018   Code   RO         2592    i.RCC_ADCCLKConfig  stm32f10x_rcc.o
    0x08005318   0x00000020   Code   RO         2593    i.RCC_AHBPeriphClockCmd  stm32f10x_rcc.o
    0x08005338   0x00000020   Code   RO         2594    i.RCC_APB1PeriphClockCmd  stm32f10x_rcc.o
    0x08005358   0x00000020   Code   RO         2596    i.RCC_APB2PeriphClockCmd  stm32f10x_rcc.o
    0x08005378   0x00000020   Code   RO         2597    i.RCC_APB2PeriphResetCmd  stm32f10x_rcc.o
    0x08005398   0x000000d4   Code   RO         2604    i.RCC_GetClocksFreq  stm32f10x_rcc.o
    0x0800546c   0x000000d4   Code   RO         4702    i.Router_Control    microbit_iic.o
    0x08005540   0x000000f8   Code   RO          694    i.SPI1_Init         ili9341.o
    0x08005638   0x00000018   Code   RO         3073    i.SPI_Cmd           stm32f10x_spi.o
    0x08005650   0x0000003c   Code   RO         3086    i.SPI_Init          stm32f10x_spi.o
    0x0800568c   0x00000022   Code   RO          695    i.SPI_WriteByte     ili9341.o
    0x080056ae   0x00000002   Code   RO          286    i.SVC_Handler       stm32f10x_it.o
    0x080056b0   0x00000358   Code   RO            2    i.Sensors_page      main.o
    0x08005a08   0x00000008   Code   RO          369    i.SetSysClock       system_stm32f10x.o
    0x08005a10   0x000000e0   Code   RO          370    i.SetSysClockTo72   system_stm32f10x.o
    0x08005af0   0x00000154   Code   RO         4703    i.Show_DHT11        microbit_iic.o
    0x08005c44   0x00000094   Code   RO         4704    i.Show_IR_Distance  microbit_iic.o
    0x08005cd8   0x00000094   Code   RO         4705    i.Show_IR_Remote    microbit_iic.o
    0x08005d6c   0x00000098   Code   RO         4706    i.Show_Large_Key    microbit_iic.o
    0x08005e04   0x00000090   Code   RO         4707    i.Show_PIR          microbit_iic.o
    0x08005e94   0x0000008c   Code   RO         4708    i.Show_PRS          microbit_iic.o
    0x08005f20   0x0000009c   Code   RO         4709    i.Show_Potentiometer  microbit_iic.o
    0x08005fbc   0x00000028   Code   RO         1031    i.SysTick_CLKSourceConfig  misc.o
    0x08005fe4   0x00000002   Code   RO          287    i.SysTick_Handler   stm32f10x_it.o
    0x08005fe6   0x00000002   PAD
    0x08005fe8   0x00000060   Code   RO          372    i.SystemInit        system_stm32f10x.o
    0x08006048   0x00000028   Code   RO            3    i.TIM3_IRQHandler   main.o
    0x08006070   0x00000060   Code   RO            4    i.TIM3_Int_Init     main.o
    0x080060d0   0x00000006   Code   RO         3223    i.TIM_ClearITPendingBit  stm32f10x_tim.o
    0x080060d6   0x00000018   Code   RO         3228    i.TIM_Cmd           stm32f10x_tim.o
    0x080060ee   0x00000022   Code   RO         3249    i.TIM_GetITStatus   stm32f10x_tim.o
    0x08006110   0x00000012   Code   RO         3253    i.TIM_ITConfig      stm32f10x_tim.o
    0x08006122   0x00000002   PAD
    0x08006124   0x000000a4   Code   RO         3299    i.TIM_TimeBaseInit  stm32f10x_tim.o
    0x080061c8   0x0000005c   Code   RO          968    i.USART1_IRQHandler  usart.o
    0x08006224   0x00000018   Code   RO         3764    i.USART_Cmd         stm32f10x_usart.o
    0x0800623c   0x00000012   Code   RO         3765    i.USART_DMACmd      stm32f10x_usart.o
    0x0800624e   0x0000001a   Code   RO         3767    i.USART_GetFlagStatus  stm32f10x_usart.o
    0x08006268   0x00000054   Code   RO         3768    i.USART_GetITStatus  stm32f10x_usart.o
    0x080062bc   0x0000004a   Code   RO         3770    i.USART_ITConfig    stm32f10x_usart.o
    0x08006306   0x00000002   PAD
    0x08006308   0x000000d8   Code   RO         3771    i.USART_Init        stm32f10x_usart.o
    0x080063e0   0x00000008   Code   RO         3781    i.USART_SendData    stm32f10x_usart.o
    0x080063e8   0x00000004   Code   RO          288    i.UsageFault_Handler  stm32f10x_it.o
    0x080063ec   0x000001ec   Code   RO            5    i.Voltage_Pros      main.o
    0x080065d8   0x00000010   Code   RO         5772    i.WM_Activate       STemWin522_CM3_Keil.lib(wm.o)
    0x080065e8   0x0000007e   Code   RO         6091    i.WM_BringToBottom  STemWin522_CM3_Keil.lib(wm_bringtobottom.o)
    0x08006666   0x00000002   PAD
    0x08006668   0x0000014c   Code   RO         5774    i.WM_CreateWindowAsChild  STemWin522_CM3_Keil.lib(wm.o)
    0x080067b4   0x00000014   Code   RO         5775    i.WM_Deactivate     STemWin522_CM3_Keil.lib(wm.o)
    0x080067c8   0x00000046   Code   RO         5776    i.WM_DefaultProc    STemWin522_CM3_Keil.lib(wm.o)
    0x0800680e   0x00000020   Code   RO         6114    i.WM_DeleteTimer    STemWin522_CM3_Keil.lib(wm_timer.o)
    0x0800682e   0x00000002   PAD
    0x08006830   0x000000c8   Code   RO         5777    i.WM_DeleteWindow   STemWin522_CM3_Keil.lib(wm.o)
    0x080068f8   0x00000070   Code   RO         5778    i.WM_Exec           STemWin522_CM3_Keil.lib(wm.o)
    0x08006968   0x00000018   Code   RO         5889    i.WM_GetDesktopWindow  STemWin522_CM3_Keil.lib(wm_getdesktopwindow.o)
    0x08006980   0x0000000e   Code   RO         6103    i.WM_GetFirstChild  STemWin522_CM3_Keil.lib(wm_getfirstchild.o)
    0x0800698e   0x0000000e   Code   RO         6440    i.WM_GetParent      STemWin522_CM3_Keil.lib(wm_getparent.o)
    0x0800699c   0x000000d4   Code   RO         5780    i.WM_Init           STemWin522_CM3_Keil.lib(wm.o)
    0x08006a70   0x00000076   Code   RO         5781    i.WM_InvalidateRect  STemWin522_CM3_Keil.lib(wm.o)
    0x08006ae6   0x00000006   Code   RO         5782    i.WM_InvalidateWindow  STemWin522_CM3_Keil.lib(wm.o)
    0x08006aec   0x0000005e   Code   RO         5783    i.WM_InvalidateWindowAndDescsEx  STemWin522_CM3_Keil.lib(wm.o)
    0x08006b4a   0x00000004   Code   RO         6589    i.WM_MoveWindow     STemWin522_CM3_Keil.lib(wm_move.o)
    0x08006b4e   0x00000010   Code   RO         6105    i.WM_NotifyParent   STemWin522_CM3_Keil.lib(wm_notifyparent.o)
    0x08006b5e   0x00000002   PAD
    0x08006b60   0x00000038   Code   RO         6448    i.WM_OnKey          STemWin522_CM3_Keil.lib(wm_onkey.o)
    0x08006b98   0x000000ee   Code   RO         6577    i.WM_ResizeWindow   STemWin522_CM3_Keil.lib(wm_resizewindow.o)
    0x08006c86   0x00000002   PAD
    0x08006c88   0x0000003c   Code   RO         5784    i.WM_SelectWindow   STemWin522_CM3_Keil.lib(wm.o)
    0x08006cc4   0x00000004   Code   RO         6107    i.WM_SendMessageNoPara  STemWin522_CM3_Keil.lib(wm_sendmessagenopara.o)
    0x08006cc8   0x0000001e   Code   RO         6109    i.WM_SendToParent   STemWin522_CM3_Keil.lib(wm_sendtoparent.o)
    0x08006ce6   0x00000002   PAD
    0x08006ce8   0x00000014   Code   RO         5786    i.WM_SetDefault     STemWin522_CM3_Keil.lib(wm.o)
    0x08006cfc   0x0000003e   Code   RO         6471    i.WM_SetSize        STemWin522_CM3_Keil.lib(wm_setsize.o)
    0x08006d3a   0x00000002   PAD
    0x08006d3c   0x00000018   Code   RO         6111    i.WM_SetUserClipRect  STemWin522_CM3_Keil.lib(wm_setusercliprect.o)
    0x08006d54   0x00000048   Code   RO         5787    i.WM__ActivateClipRect  STemWin522_CM3_Keil.lib(wm.o)
    0x08006d9c   0x00000010   Code   RO         6093    i.WM__AddCriticalHandle  STemWin522_CM3_Keil.lib(wm_criticalhandle.o)
    0x08006dac   0x00000010   Code   RO         5788    i.WM__Client2Screen  STemWin522_CM3_Keil.lib(wm.o)
    0x08006dbc   0x0000004e   Code   RO         5789    i.WM__ClipAtParentBorders  STemWin522_CM3_Keil.lib(wm.o)
    0x08006e0a   0x0000004a   Code   RO         6117    i.WM__DeleteAssocTimer  STemWin522_CM3_Keil.lib(wm_timer.o)
    0x08006e54   0x00000028   Code   RO         5791    i.WM__DetachWindow  STemWin522_CM3_Keil.lib(wm.o)
    0x08006e7c   0x00000020   Code   RO         6099    i.WM__GetClientRectEx  STemWin522_CM3_Keil.lib(wm_getclientrect.o)
    0x08006e9c   0x00000018   Code   RO         5792    i.WM__GetClientRectWin  STemWin522_CM3_Keil.lib(wm.o)
    0x08006eb4   0x00000012   Code   RO         6573    i.WM__GetFirstSibling  STemWin522_CM3_Keil.lib(wm__getfirstsibling.o)
    0x08006ec6   0x00000002   PAD
    0x08006ec8   0x00000040   Code   RO         5793    i.WM__GetNextIVR    STemWin522_CM3_Keil.lib(wm.o)
    0x08006f08   0x0000001c   Code   RO         5885    i.WM__GetOrgX_AA    STemWin522_CM3_Keil.lib(wm__getorg_aa.o)
    0x08006f24   0x0000001c   Code   RO         5886    i.WM__GetOrgY_AA    STemWin522_CM3_Keil.lib(wm__getorg_aa.o)
    0x08006f40   0x00000024   Code   RO         6428    i.WM__GetPrevSibling  STemWin522_CM3_Keil.lib(wm__getprevsibling.o)
    0x08006f64   0x00000018   Code   RO         5794    i.WM__GetTopLevelLayer  STemWin522_CM3_Keil.lib(wm.o)
    0x08006f7c   0x000000f0   Code   RO         5795    i.WM__InitIVRSearch  STemWin522_CM3_Keil.lib(wm.o)
    0x0800706c   0x000000a4   Code   RO         5796    i.WM__InsertWindowIntoList  STemWin522_CM3_Keil.lib(wm.o)
    0x08007110   0x00000006   Code   RO         5797    i.WM__Invalidate1Abs  STemWin522_CM3_Keil.lib(wm.o)
    0x08007116   0x00000046   Code   RO         5798    i.WM__InvalidateDrawAndDescs  STemWin522_CM3_Keil.lib(wm.o)
    0x0800715c   0x0000002a   Code   RO         5799    i.WM__InvalidateParent  STemWin522_CM3_Keil.lib(wm.o)
    0x08007186   0x00000076   Code   RO         5800    i.WM__InvalidateRect  STemWin522_CM3_Keil.lib(wm.o)
    0x080071fc   0x00000006   Code   RO         5801    i.WM__InvalidateRectEx  STemWin522_CM3_Keil.lib(wm.o)
    0x08007202   0x00000002   PAD
    0x08007204   0x00000024   Code   RO         5802    i.WM__IsWindow      STemWin522_CM3_Keil.lib(wm.o)
    0x08007228   0x00000098   Code   RO         6591    i.WM__MoveWindow    STemWin522_CM3_Keil.lib(wm_move.o)
    0x080072c0   0x000000a0   Code   RO         5803    i.WM__Paint         STemWin522_CM3_Keil.lib(wm.o)
    0x08007360   0x00000090   Code   RO         5804    i.WM__Paint1        STemWin522_CM3_Keil.lib(wm.o)
    0x080073f0   0x00000078   Code   RO         5805    i.WM__PaintWinAndOverlays  STemWin522_CM3_Keil.lib(wm.o)
    0x08007468   0x00000020   Code   RO         5806    i.WM__RectIsNZ      STemWin522_CM3_Keil.lib(wm.o)
    0x08007488   0x00000030   Code   RO         5807    i.WM__RemoveFromLinList  STemWin522_CM3_Keil.lib(wm.o)
    0x080074b8   0x00000040   Code   RO         5808    i.WM__RemoveWindowFromList  STemWin522_CM3_Keil.lib(wm.o)
    0x080074f8   0x00000014   Code   RO         5809    i.WM__SelectTopLevelLayer  STemWin522_CM3_Keil.lib(wm.o)
    0x0800750c   0x0000003c   Code   RO         6088    i.WM__SendMessage   STemWin522_CM3_Keil.lib(wm__sendmessage.o)
    0x08007548   0x00000026   Code   RO         6438    i.WM__SendMessageNoPara  STemWin522_CM3_Keil.lib(wm__sendmessagenopara.o)
    0x0800756e   0x0000000e   Code   RO         5810    i.WM__SendMsgNoData  STemWin522_CM3_Keil.lib(wm.o)
    0x0800757c   0x000000dc   Code   RO         6586    i.WM__UpdateChildPositions  STemWin522_CM3_Keil.lib(wm__updatechildpositions.o)
    0x08007658   0x0000005c   Code   RO         4406    i.WirelessDevice_Init  enddevice.o
    0x080076b4   0x00000008   Code   RO         4315    i.ZProtoAnalyze_Init  zprotoanalyze.o
    0x080076bc   0x00000008   Code   RO         4316    i.ZProtoRouter_Init  zprotoanalyze.o
    0x080076c4   0x00000038   Code   RO         5085    i._Add              STemWin522_CM3_Keil.lib(gui_fillpolygon.o)
    0x080076fc   0x00000078   Code   RO         4928    i._AddFreeMemory    STemWin522_CM3_Keil.lib(gui_alloc.o)
    0x08007774   0x000000bc   Code   RO         4929    i._Alloc            STemWin522_CM3_Keil.lib(gui_alloc.o)
    0x08007830   0x00000004   Code   RO         5696    i._CalcSizeOfChar   STemWin522_CM3_Keil.lib(gui_uc_encodenone.o)
    0x08007834   0x00000028   Code   RO         4875    i._CleanLine        STemWin522_CM3_Keil.lib(guiaa_lib.o)
    0x0800785c   0x00000048   Code   RO         4895    i._Color2IndexBulk  STemWin522_CM3_Keil.lib(guicc_m565.o)
    0x080078a4   0x0000000e   Code   RO         6314    i._Color2IndexBulk  STemWin522_CM3_Keil.lib(guicc_8888.o)
    0x080078b2   0x00000002   PAD
    0x080078b4   0x00000054   Code   RO         6021    i._Color2Index_0    STemWin522_CM3_Keil.lib(guicc_0.o)
    0x08007908   0x00000002   Code   RO         6315    i._Color2Index_8888  STemWin522_CM3_Keil.lib(guicc_8888.o)
    0x0800790a   0x00000002   PAD
    0x0800790c   0x00000028   Code   RO         4896    i._Color2Index_M565  STemWin522_CM3_Keil.lib(guicc_m565.o)
    0x08007934   0x0000003e   Code   RO         6420    i._Convert16        STemWin522_CM3_Keil.lib(guidev_writetoactiveopaque.o)
    0x08007972   0x00000002   PAD
    0x08007974   0x00000120   Code   RO         6075    i._CreateStaticDevice  STemWin522_CM3_Keil.lib(guidev_staticdevices.o)
    0x08007a94   0x00000012   Code   RO         5811    i._DeleteAllChildren  STemWin522_CM3_Keil.lib(wm.o)
    0x08007aa6   0x00000002   PAD
    0x08007aa8   0x00000020   Code   RO         5812    i._DesktopHandle2Index  STemWin522_CM3_Keil.lib(wm.o)
    0x08007ac8   0x00000074   Code   RO         5642    i._DispLine         STemWin522_CM3_Keil.lib(gui_charline.o)
    0x08007b3c   0x0000024c   Code   RO         4058    i._DrawBitLine16BPP  guidrv_template.o
    0x08007d88   0x000000f0   Code   RO         4059    i._DrawBitLine1BPP  guidrv_template.o
    0x08007e78   0x00000114   Code   RO         6343    i._DrawBitLine1BPP  STemWin522_CM3_Keil.lib(guidev_32.o)
    0x08007f8c   0x0000016c   Code   RO         4060    i._DrawBitLine2BPP  guidrv_template.o
    0x080080f8   0x000000e0   Code   RO         6344    i._DrawBitLine2BPP  STemWin522_CM3_Keil.lib(guidev_32.o)
    0x080081d8   0x0000002a   Code   RO         4061    i._DrawBitLine32BPP  guidrv_template.o
    0x08008202   0x00000088   Code   RO         6345    i._DrawBitLine32BPP_DDB  STemWin522_CM3_Keil.lib(guidev_32.o)
    0x0800828a   0x00000002   PAD
    0x0800828c   0x0000016c   Code   RO         4062    i._DrawBitLine4BPP  guidrv_template.o
    0x080083f8   0x00000158   Code   RO         6346    i._DrawBitLine4BPP  STemWin522_CM3_Keil.lib(guidev_32.o)
    0x08008550   0x000000b0   Code   RO         4063    i._DrawBitLine8BPP  guidrv_template.o
    0x08008600   0x000000fa   Code   RO         4064    i._DrawBitmap       guidrv_template.o
    0x080086fa   0x00000002   PAD
    0x080086fc   0x00000294   Code   RO         6347    i._DrawBitmap       STemWin522_CM3_Keil.lib(guidev_32.o)
    0x08008990   0x00000104   Code   RO         5044    i._DrawGradientRounded  STemWin522_CM3_Keil.lib(gui_drawgradientrounded.o)
    0x08008a94   0x0000001a   Code   RO         4065    i._DrawHLine        guidrv_template.o
    0x08008aae   0x00000002   PAD
    0x08008ab0   0x000000d8   Code   RO         4876    i._DrawHLine        STemWin522_CM3_Keil.lib(guiaa_lib.o)
    0x08008b88   0x0000000a   Code   RO         6348    i._DrawHLine        STemWin522_CM3_Keil.lib(guidev_32.o)
    0x08008b92   0x00000002   PAD
    0x08008b94   0x00000014   Code   RO         5060    i._DrawLineEnd      STemWin522_CM3_Keil.lib(gui_drawline.o)
    0x08008ba8   0x0000005c   Code   RO         5813    i._DrawNext         STemWin522_CM3_Keil.lib(wm.o)
    0x08008c04   0x0000001a   Code   RO         4066    i._DrawVLine        guidrv_template.o
    0x08008c1e   0x00000002   PAD
    0x08008c20   0x000000ac   Code   RO         6349    i._DrawVLine        STemWin522_CM3_Keil.lib(guidev_32.o)
    0x08008ccc   0x00000006   Code   RO         5697    i._Encode           STemWin522_CM3_Keil.lib(gui_uc_encodenone.o)
    0x08008cd2   0x00000002   PAD
    0x08008cd4   0x00000094   Code   RO         4930    i._EnlargeBlocks    STemWin522_CM3_Keil.lib(gui_alloc.o)
    0x08008d68   0x00000070   Code   RO         5814    i._Exec1Input       STemWin522_CM3_Keil.lib(wm.o)
    0x08008dd8   0x000002b0   Code   RO         4067    i._FillRect         guidrv_template.o
    0x08009088   0x000000a4   Code   RO         6350    i._FillRect         STemWin522_CM3_Keil.lib(guidev_32.o)
    0x0800912c   0x000000ec   Code   RO         4861    i._FillRoundedRect  STemWin522_CM3_Keil.lib(guiaa_fillroundedrect.o)
    0x08009218   0x00000148   Code   RO         5815    i._FindNext_IVR     STemWin522_CM3_Keil.lib(wm.o)
    0x08009360   0x0000007c   Code   RO         5816    i._Findx0           STemWin522_CM3_Keil.lib(wm.o)
    0x080093dc   0x00000072   Code   RO         5817    i._Findx1           STemWin522_CM3_Keil.lib(wm.o)
    0x0800944e   0x000000a2   Code   RO         5818    i._Findy1           STemWin522_CM3_Keil.lib(wm.o)
    0x080094f0   0x000000b4   Code   RO         4877    i._FlushLine        STemWin522_CM3_Keil.lib(guiaa_lib.o)
    0x080095a4   0x00000004   Code   RO         6407    i._GUI_USAGE_BM_Delete  STemWin522_CM3_Keil.lib(guidev_usagebm.o)
    0x080095a8   0x00000004   Code   RO         5698    i._GetCharCode      STemWin522_CM3_Keil.lib(gui_uc_encodenone.o)
    0x080095ac   0x00000004   Code   RO         5699    i._GetCharSize      STemWin522_CM3_Keil.lib(gui_uc_encodenone.o)
    0x080095b0   0x0000002e   Code   RO         5602    i._GetCharWrap      STemWin522_CM3_Keil.lib(gui__wrap.o)
    0x080095de   0x00000006   Code   RO         4068    i._GetDevData       guidrv_template.o
    0x080095e4   0x00000010   Code   RO         6351    i._GetDevData       STemWin522_CM3_Keil.lib(guidev_32.o)
    0x080095f4   0x00000054   Code   RO         4069    i._GetDevFunc       guidrv_template.o
    0x08009648   0x00000010   Code   RO         6352    i._GetDevFunc       STemWin522_CM3_Keil.lib(guidev_32.o)
    0x08009658   0x00000050   Code   RO         4070    i._GetDevProp       guidrv_template.o
    0x080096a8   0x0000001e   Code   RO         5180    i._GetDevProp       STemWin522_CM3_Keil.lib(lcd_getex.o)
    0x080096c6   0x0000000c   Code   RO         6353    i._GetDevProp       STemWin522_CM3_Keil.lib(guidev_32.o)
    0x080096d2   0x00000052   Code   RO         6022    i._GetIndexMask_0   STemWin522_CM3_Keil.lib(guicc_0.o)
    0x08009724   0x00000006   Code   RO         6316    i._GetIndexMask_8888  STemWin522_CM3_Keil.lib(guicc_8888.o)
    0x0800972a   0x00000006   Code   RO         4897    i._GetIndexMask_M565  STemWin522_CM3_Keil.lib(guicc_m565.o)
    0x08009730   0x0000001e   Code   RO         5181    i._GetMaxValue      STemWin522_CM3_Keil.lib(lcd_getex.o)
    0x0800974e   0x00000002   PAD
    0x08009750   0x0000001c   Code   RO         4931    i._GetMinIndex      STemWin522_CM3_Keil.lib(gui_alloc.o)
    0x0800976c   0x00000008   Code   RO         4071    i._GetPixelIndex    guidrv_template.o
    0x08009774   0x0000000e   Code   RO         6354    i._GetPixelIndex    STemWin522_CM3_Keil.lib(guidev_32.o)
    0x08009782   0x0000001a   Code   RO         4072    i._GetRect          guidrv_template.o
    0x0800979c   0x00000030   Code   RO         6355    i._GetRect          STemWin522_CM3_Keil.lib(guidev_32.o)
    0x080097cc   0x00000064   Code   RO         5603    i._GetWordWrap      STemWin522_CM3_Keil.lib(gui__wrap.o)
    0x08009830   0x00000010   Code   RO         5096    i._GotoX            STemWin522_CM3_Keil.lib(gui_goto.o)
    0x08009840   0x00000010   Code   RO         5097    i._GotoY            STemWin522_CM3_Keil.lib(gui_goto.o)
    0x08009850   0x0000001c   Code   RO         5952    i._IncPointer       STemWin522_CM3_Keil.lib(gui_onkey.o)
    0x0800986c   0x00000006   Code   RO         5953    i._IncReadPointer   STemWin522_CM3_Keil.lib(gui_onkey.o)
    0x08009872   0x00000002   PAD
    0x08009874   0x00000058   Code   RO         4898    i._Index2ColorBulk  STemWin522_CM3_Keil.lib(guicc_m565.o)
    0x080098cc   0x0000000e   Code   RO         6317    i._Index2ColorBulk  STemWin522_CM3_Keil.lib(guicc_8888.o)
    0x080098da   0x00000020   Code   RO         6023    i._Index2Color_0    STemWin522_CM3_Keil.lib(guicc_0.o)
    0x080098fa   0x0000001c   Code   RO         4073    i._Init             guidrv_template.o
    0x08009916   0x00000002   PAD
    0x08009918   0x00000070   Code   RO         4984    i._InitContext      STemWin522_CM3_Keil.lib(gui_core.o)
    0x08009988   0x0000002c   Code   RO         4074    i._InitOnce         guidrv_template.o
    0x080099b4   0x000000a4   Code   RO         4932    i._InitOnce         STemWin522_CM3_Keil.lib(gui_alloc.o)
    0x08009a58   0x00000080   Code   RO         5819    i._Invalidate1Abs   STemWin522_CM3_Keil.lib(wm.o)
    0x08009ad8   0x00000002   Code   RO         5643    i._Log2VisBuffered  STemWin522_CM3_Keil.lib(gui_charline.o)
    0x08009ada   0x00000008   Code   RO         6062    i._Min              STemWin522_CM3_Keil.lib(guidev_banding.o)
    0x08009ae2   0x0000006e   Code   RO         6592    i._MoveDescendents  STemWin522_CM3_Keil.lib(wm_move.o)
    0x08009b50   0x00000010   Code   RO         4075    i._Off              guidrv_template.o
    0x08009b60   0x00000010   Code   RO         4076    i._On               guidrv_template.o
    0x08009b70   0x00000014   Code   RO         4878    i._OnExit           STemWin522_CM3_Keil.lib(guiaa_lib.o)
    0x08009b84   0x00000034   Code   RO         4933    i._OnExit           STemWin522_CM3_Keil.lib(gui_alloc.o)
    0x08009bb8   0x0000002c   Code   RO         4985    i._OnExit           STemWin522_CM3_Keil.lib(gui_core.o)
    0x08009be4   0x00000014   Code   RO         5763    i._OnExit           STemWin522_CM3_Keil.lib(lcd_color.o)
    0x08009bf8   0x00000034   Code   RO         5820    i._OnExit           STemWin522_CM3_Keil.lib(wm.o)
    0x08009c2c   0x00000028   Code   RO         5900    i._OnExit           STemWin522_CM3_Keil.lib(gui__alpha.o)
    0x08009c54   0x00000024   Code   RO         5821    i._Paint1           STemWin522_CM3_Keil.lib(wm.o)
    0x08009c78   0x0000008c   Code   RO         5822    i._Paint1Trans      STemWin522_CM3_Keil.lib(wm.o)
    0x08009d04   0x0000009a   Code   RO         5823    i._PaintTransChildren  STemWin522_CM3_Keil.lib(wm.o)
    0x08009d9e   0x00000002   PAD
    0x08009da0   0x00000040   Code   RO         4934    i._PopFreeBlock     STemWin522_CM3_Keil.lib(gui_alloc.o)
    0x08009de0   0x00000024   Code   RO         4935    i._PushFreeBlock    STemWin522_CM3_Keil.lib(gui_alloc.o)
    0x08009e04   0x00000034   Code   RO         4936    i._RemoveFreeBlock  STemWin522_CM3_Keil.lib(gui_alloc.o)
    0x08009e38   0x0000005c   Code   RO         6293    i._RemoveFromLinList  STemWin522_CM3_Keil.lib(gui_timer.o)
    0x08009e94   0x000000a0   Code   RO         4937    i._RemoveHoles      STemWin522_CM3_Keil.lib(gui_alloc.o)
    0x08009f34   0x00000020   Code   RO         5722    i._SetBkColor       STemWin522_CM3_Keil.lib(lcd.o)
    0x08009f54   0x0000004c   Code   RO         5824    i._SetClipRectUserIntersect  STemWin522_CM3_Keil.lib(wm.o)
    0x08009fa0   0x00000020   Code   RO         5723    i._SetColor         STemWin522_CM3_Keil.lib(lcd.o)
    0x08009fc0   0x0000002c   Code   RO         5724    i._SetDrawMode      STemWin522_CM3_Keil.lib(lcd.o)
    0x08009fec   0x00000020   Code   RO         4077    i._SetLUTEntry      guidrv_template.o
    0x0800a00c   0x00000078   Code   RO         5061    i._SetLineColor     STemWin522_CM3_Keil.lib(gui_drawline.o)
    0x0800a084   0x0000001e   Code   RO         4078    i._SetOrg           guidrv_template.o
    0x0800a0a2   0x00000008   Code   RO         6356    i._SetOrg           STemWin522_CM3_Keil.lib(guidev_32.o)
    0x0800a0aa   0x00000002   PAD
    0x0800a0ac   0x00000240   Code   RO         4079    i._SetPixelIndex    guidrv_template.o
    0x0800a2ec   0x00000048   Code   RO         6357    i._SetPixelIndex    STemWin522_CM3_Keil.lib(guidev_32.o)
    0x0800a334   0x0000003e   Code   RO         4080    i._SetSize          guidrv_template.o
    0x0800a372   0x00000026   Code   RO         4081    i._SetVRAMAddr      guidrv_template.o
    0x0800a398   0x00000020   Code   RO         4082    i._SetVSize         guidrv_template.o
    0x0800a3b8   0x000000ea   Code   RO         4938    i._TestRAM          STemWin522_CM3_Keil.lib(gui_alloc.o)
    0x0800a4a2   0x00000002   PAD
    0x0800a4a4   0x00000050   Code   RO         6294    i._Unlink           STemWin522_CM3_Keil.lib(gui_timer.o)
    0x0800a4f4   0x00000030   Code   RO         5014    i._UnlinkDevice     STemWin522_CM3_Keil.lib(gui_device.o)
    0x0800a524   0x00000028   Code   RO         5604    i._WrapGetNumCharsDisp  STemWin522_CM3_Keil.lib(gui__wrap.o)
    0x0800a54c   0x0000000e   Code   RO         4939    i._WriteTagData     STemWin522_CM3_Keil.lib(gui_alloc.o)
    0x0800a55a   0x00000002   PAD
    0x0800a55c   0x00000330   Code   RO         6421    i._WriteToActiveOpaque_8  STemWin522_CM3_Keil.lib(guidev_writetoactiveopaque.o)
    0x0800a88c   0x000002f8   Code   RO         6422    i._WriteToActiveOpaque_HT  STemWin522_CM3_Keil.lib(guidev_writetoactiveopaque.o)
    0x0800ab84   0x0000003c   Code   RO         6358    i._XY2PTR           STemWin522_CM3_Keil.lib(guidev_32.o)
    0x0800abc0   0x00000030   Code   RO         4083    i._XorPixel         guidrv_template.o
    0x0800abf0   0x00000058   Code   RO         6359    i._XorPixel         STemWin522_CM3_Keil.lib(guidev_32.o)
    0x0800ac48   0x00000028   Code   RO         6666    i.__0sprintf$1      mc_w.l(printf1.o)
    0x0800ac70   0x0000000e   Code   RO         6962    i.__scatterload_copy  mc_w.l(handlers.o)
    0x0800ac7e   0x00000002   Code   RO         6963    i.__scatterload_null  mc_w.l(handlers.o)
    0x0800ac80   0x0000000e   Code   RO         6964    i.__scatterload_zeroinit  mc_w.l(handlers.o)
    0x0800ac8e   0x00000002   PAD
    0x0800ac90   0x000000dc   Code   RO         4317    i._analyze_rawData  zprotoanalyze.o
    0x0800ad6c   0x0000018c   Code   RO         4318    i._analyze_zproto   zprotoanalyze.o
    0x0800aef8   0x00000088   Code   RO         5062    i._atan2            STemWin522_CM3_Keil.lib(gui_drawline.o)
    0x0800af80   0x00000044   Code   RO         5825    i._cbPaintMemDev    STemWin522_CM3_Keil.lib(wm.o)
    0x0800afc4   0x0000001c   Code   RO         4407    i._checkOnlineByID  enddevice.o
    0x0800afe0   0x00000028   Code   RO         4608    i._delete           enddevicenode.o
    0x0800b008   0x00000028   Code   RO         4609    i._getByID          enddevicenode.o
    0x0800b030   0x00000154   Code   RO         6671    i._printf_core      mc_w.l(printf1.o)
    0x0800b184   0x0000000a   Code   RO         6673    i._sputc            mc_w.l(printf1.o)
    0x0800b18e   0x00000002   PAD
    0x0800b190   0x0000002c   Code   RO         4610    i._update           enddevicenode.o
    0x0800b1bc   0x00000034   Code   RO         4319    i.analyze           zprotoanalyze.o
    0x0800b1f0   0x00000014   Code   RO            6    i.btn1_read         main.o
    0x0800b204   0x00000014   Code   RO            7    i.btn2_read         main.o
    0x0800b218   0x00000014   Code   RO            8    i.btn3_read         main.o
    0x0800b22c   0x00000014   Code   RO            9    i.btn4_read         main.o
    0x0800b240   0x0000022a   Code   RO         4810    i.button_handler    multi_button.o
    0x0800b46a   0x00000032   Code   RO         4811    i.button_init       multi_button.o
    0x0800b49c   0x0000002c   Code   RO         4812    i.button_start      multi_button.o
    0x0800b4c8   0x0000001c   Code   RO         4814    i.button_ticks      multi_button.o
    0x0800b4e4   0x00000050   Code   RO         5826    i.cbBackWin         STemWin522_CM3_Keil.lib(wm.o)
    0x0800b534   0x00000006   Code   RO         4408    i.confirmCBFunc     enddevice.o
    0x0800b53a   0x00000002   PAD
    0x0800b53c   0x0000003c   Code   RO          907    i.delay_init        delay.o
    0x0800b578   0x0000003c   Code   RO          908    i.delay_ms          delay.o
    0x0800b5b4   0x0000008a   Code   RO         5725    i.emWin_LCD_Init    STemWin522_CM3_Keil.lib(lcd.o)
    0x0800b63e   0x00000002   PAD
    0x0800b640   0x00000034   Code   RO         4320    i.enddevice_setInfo  zprotoanalyze.o
    0x0800b674   0x00000050   Code   RO         6880    i.free              mc_w.l(malloc.o)
    0x0800b6c4   0x00000022   Code   RO         4640    i.free_kv           hashtable.o
    0x0800b6e6   0x00000002   PAD
    0x0800b6e8   0x00000010   Code   RO         4409    i.getBIGKEY         enddevice.o
    0x0800b6f8   0x0000000c   Code   RO         4410    i.getBIGKEYConfirm  enddevice.o
    0x0800b704   0x00000010   Code   RO         4411    i.getDHT11          enddevice.o
    0x0800b714   0x0000000c   Code   RO         4412    i.getDHT11Confirm   enddevice.o
    0x0800b720   0x00000010   Code   RO         4413    i.getIRDISTANCE     enddevice.o
    0x0800b730   0x0000000c   Code   RO         4414    i.getIRDISTANCEConfirm  enddevice.o
    0x0800b73c   0x0000000c   Code   RO         4415    i.getIRREMOTE       enddevice.o
    0x0800b748   0x0000000c   Code   RO         4416    i.getIRREMOTEConfirm  enddevice.o
    0x0800b754   0x00000010   Code   RO         4417    i.getPIR            enddevice.o
    0x0800b764   0x0000000c   Code   RO         4418    i.getPIRConfirm     enddevice.o
    0x0800b770   0x00000010   Code   RO         4419    i.getPOTENTIOMETER  enddevice.o
    0x0800b780   0x0000000c   Code   RO         4420    i.getPOTENTIOMETERConfirm  enddevice.o
    0x0800b78c   0x00000010   Code   RO         4421    i.getPRS            enddevice.o
    0x0800b79c   0x0000000c   Code   RO         4422    i.getPRSConfirm     enddevice.o
    0x0800b7a8   0x00000008   Code   RO         4815    i.get_button_event  multi_button.o
    0x0800b7b0   0x00000018   Code   RO         4641    i.hash_33           hashtable.o
    0x0800b7c8   0x00000046   Code   RO         4642    i.hash_table_delete  hashtable.o
    0x0800b80e   0x0000003a   Code   RO         4643    i.hash_table_get    hashtable.o
    0x0800b848   0x0000003c   Code   RO         4644    i.hash_table_new    hashtable.o
    0x0800b884   0x000000be   Code   RO         4645    i.hash_table_put2   hashtable.o
    0x0800b942   0x00000050   Code   RO         4646    i.hash_table_rm     hashtable.o
    0x0800b992   0x00000002   PAD
    0x0800b994   0x00000198   Code   RO           10    i.home_page         main.o
    0x0800bb2c   0x0000000c   Code   RO         4647    i.init_kv           hashtable.o
    0x0800bb38   0x000000ec   Code   RO           11    i.main              main.o
    0x0800bc24   0x0000006c   Code   RO         6881    i.malloc            mc_w.l(malloc.o)
    0x0800bc90   0x0000008c   Code   RO         4710    i.microbit_recv_analyze  microbit_iic.o
    0x0800bd1c   0x0000028c   Code   RO         4711    i.microbit_sensor_deal  microbit_iic.o
    0x0800bfa8   0x0000016c   Code   RO           12    i.multi_button_event  main.o
    0x0800c114   0x00000088   Code   RO           13    i.multi_button_init  main.o
    0x0800c19c   0x0000000c   Code   RO         4321    i.register_confirmCBFunc  zprotoanalyze.o
    0x0800c1a8   0x0000000c   Code   RO         4322    i.register_reportCBFunc  zprotoanalyze.o
    0x0800c1b4   0x0000000c   Code   RO         4323    i.register_sendFunc  zprotoanalyze.o
    0x0800c1c0   0x000000c4   Code   RO         4423    i.reportCBFunc      enddevice.o
    0x0800c284   0x00000014   Code   RO         4324    i.router_getInfo    zprotoanalyze.o
    0x0800c298   0x00000020   Code   RO         4325    i.router_init       zprotoanalyze.o
    0x0800c2b8   0x00000050   Code   RO         4326    i.router_setInfo    zprotoanalyze.o
    0x0800c308   0x00000020   Code   RO         4424    i.saveBIGKEY        enddevice.o
    0x0800c328   0x00000020   Code   RO         4425    i.saveDHT11         enddevice.o
    0x0800c348   0x00000020   Code   RO         4426    i.saveIRDISTANCE    enddevice.o
    0x0800c368   0x00000020   Code   RO         4427    i.saveIRREMOTE      enddevice.o
    0x0800c388   0x00000020   Code   RO         4428    i.savePIR           enddevice.o
    0x0800c3a8   0x00000020   Code   RO         4429    i.savePOTENTIOMETER  enddevice.o
    0x0800c3c8   0x00000020   Code   RO         4430    i.savePRS           enddevice.o
    0x0800c3e8   0x00000064   Code   RO         4327    i.send_to_device    zprotoanalyze.o
    0x0800c44c   0x00000010   Code   RO         4431    i.setBIGKEYConfirm  enddevice.o
    0x0800c45c   0x00000010   Code   RO         4432    i.setDHT11Confirm   enddevice.o
    0x0800c46c   0x00000010   Code   RO         4433    i.setIRDISTANCEConfirm  enddevice.o
    0x0800c47c   0x00000010   Code   RO         4434    i.setIRREMOTEConfirm  enddevice.o
    0x0800c48c   0x00000010   Code   RO         4435    i.setPIRConfirm     enddevice.o
    0x0800c49c   0x00000010   Code   RO         4436    i.setPOTENTIOMETERConfirm  enddevice.o
    0x0800c4ac   0x00000010   Code   RO         4437    i.setPRSConfirm     enddevice.o
    0x0800c4bc   0x0000000c   Code   RO          970    i.uart1_SetRecvCallback  usart.o
    0x0800c4c8   0x000000fc   Code   RO          971    i.uart_init         usart.o
    0x0800c5c4   0x00000030   Code   RO          972    i.uart_send         usart.o
    0x0800c5f4   0x0000003e   Code   RO         4279    i.zproto_checkValidity  zproto.o
    0x0800c632   0x00000006   Code   RO         4280    i.zproto_header     zproto.o
    0x0800c638   0x00000022   Code   RO         4281    i.zproto_parseFromArray  zproto.o
    0x0800c65a   0x0000000e   Code   RO         4282    i.zproto_type       zproto.o
    0x0800c668   0x00000098   Data   RO           15    .constdata          main.o
    0x0800c700   0x00000034   Data   RO         4084    .constdata          guidrv_template.o
    0x0800c734   0x00000039   Data   RO         4329    .constdata          zprotoanalyze.o
    0x0800c76d   0x00000003   PAD
    0x0800c770   0x000000cc   Data   RO         4713    .constdata          microbit_iic.o
    0x0800c83c   0x00000018   Data   RO         4899    .constdata          STemWin522_CM3_Keil.lib(guicc_m565.o)
    0x0800c854   0x00000008   Data   RO         4987    .constdata          STemWin522_CM3_Keil.lib(gui_core.o)
    0x0800c85c   0x00000044   Data   RO         5063    .constdata          STemWin522_CM3_Keil.lib(gui_drawline.o)
    0x0800c8a0   0x00000014   Data   RO         5271    .constdata          STemWin522_CM3_Keil.lib(f20_ascii.o)
    0x0800c8b4   0x00000014   Data   RO         5272    .constdata          STemWin522_CM3_Keil.lib(f20_ascii.o)
    0x0800c8c8   0x00000014   Data   RO         5273    .constdata          STemWin522_CM3_Keil.lib(f20_ascii.o)
    0x0800c8dc   0x00000028   Data   RO         5274    .constdata          STemWin522_CM3_Keil.lib(f20_ascii.o)
    0x0800c904   0x00000028   Data   RO         5275    .constdata          STemWin522_CM3_Keil.lib(f20_ascii.o)
    0x0800c92c   0x00000028   Data   RO         5276    .constdata          STemWin522_CM3_Keil.lib(f20_ascii.o)
    0x0800c954   0x00000028   Data   RO         5277    .constdata          STemWin522_CM3_Keil.lib(f20_ascii.o)
    0x0800c97c   0x00000014   Data   RO         5278    .constdata          STemWin522_CM3_Keil.lib(f20_ascii.o)
    0x0800c990   0x00000014   Data   RO         5279    .constdata          STemWin522_CM3_Keil.lib(f20_ascii.o)
    0x0800c9a4   0x00000014   Data   RO         5280    .constdata          STemWin522_CM3_Keil.lib(f20_ascii.o)
    0x0800c9b8   0x00000014   Data   RO         5281    .constdata          STemWin522_CM3_Keil.lib(f20_ascii.o)
    0x0800c9cc   0x00000028   Data   RO         5282    .constdata          STemWin522_CM3_Keil.lib(f20_ascii.o)
    0x0800c9f4   0x00000014   Data   RO         5283    .constdata          STemWin522_CM3_Keil.lib(f20_ascii.o)
    0x0800ca08   0x00000014   Data   RO         5284    .constdata          STemWin522_CM3_Keil.lib(f20_ascii.o)
    0x0800ca1c   0x00000014   Data   RO         5285    .constdata          STemWin522_CM3_Keil.lib(f20_ascii.o)
    0x0800ca30   0x00000014   Data   RO         5286    .constdata          STemWin522_CM3_Keil.lib(f20_ascii.o)
    0x0800ca44   0x00000028   Data   RO         5287    .constdata          STemWin522_CM3_Keil.lib(f20_ascii.o)
    0x0800ca6c   0x00000028   Data   RO         5288    .constdata          STemWin522_CM3_Keil.lib(f20_ascii.o)
    0x0800ca94   0x00000028   Data   RO         5289    .constdata          STemWin522_CM3_Keil.lib(f20_ascii.o)
    0x0800cabc   0x00000028   Data   RO         5290    .constdata          STemWin522_CM3_Keil.lib(f20_ascii.o)
    0x0800cae4   0x00000028   Data   RO         5291    .constdata          STemWin522_CM3_Keil.lib(f20_ascii.o)
    0x0800cb0c   0x00000028   Data   RO         5292    .constdata          STemWin522_CM3_Keil.lib(f20_ascii.o)
    0x0800cb34   0x00000028   Data   RO         5293    .constdata          STemWin522_CM3_Keil.lib(f20_ascii.o)
    0x0800cb5c   0x00000028   Data   RO         5294    .constdata          STemWin522_CM3_Keil.lib(f20_ascii.o)
    0x0800cb84   0x00000028   Data   RO         5295    .constdata          STemWin522_CM3_Keil.lib(f20_ascii.o)
    0x0800cbac   0x00000028   Data   RO         5296    .constdata          STemWin522_CM3_Keil.lib(f20_ascii.o)
    0x0800cbd4   0x00000014   Data   RO         5297    .constdata          STemWin522_CM3_Keil.lib(f20_ascii.o)
    0x0800cbe8   0x00000014   Data   RO         5298    .constdata          STemWin522_CM3_Keil.lib(f20_ascii.o)
    0x0800cbfc   0x00000028   Data   RO         5299    .constdata          STemWin522_CM3_Keil.lib(f20_ascii.o)
    0x0800cc24   0x00000028   Data   RO         5300    .constdata          STemWin522_CM3_Keil.lib(f20_ascii.o)
    0x0800cc4c   0x00000028   Data   RO         5301    .constdata          STemWin522_CM3_Keil.lib(f20_ascii.o)
    0x0800cc74   0x00000028   Data   RO         5302    .constdata          STemWin522_CM3_Keil.lib(f20_ascii.o)
    0x0800cc9c   0x0000003c   Data   RO         5303    .constdata          STemWin522_CM3_Keil.lib(f20_ascii.o)
    0x0800ccd8   0x00000028   Data   RO         5304    .constdata          STemWin522_CM3_Keil.lib(f20_ascii.o)
    0x0800cd00   0x00000028   Data   RO         5305    .constdata          STemWin522_CM3_Keil.lib(f20_ascii.o)
    0x0800cd28   0x00000028   Data   RO         5306    .constdata          STemWin522_CM3_Keil.lib(f20_ascii.o)
    0x0800cd50   0x00000028   Data   RO         5307    .constdata          STemWin522_CM3_Keil.lib(f20_ascii.o)
    0x0800cd78   0x00000028   Data   RO         5308    .constdata          STemWin522_CM3_Keil.lib(f20_ascii.o)
    0x0800cda0   0x00000028   Data   RO         5309    .constdata          STemWin522_CM3_Keil.lib(f20_ascii.o)
    0x0800cdc8   0x00000028   Data   RO         5310    .constdata          STemWin522_CM3_Keil.lib(f20_ascii.o)
    0x0800cdf0   0x00000028   Data   RO         5311    .constdata          STemWin522_CM3_Keil.lib(f20_ascii.o)
    0x0800ce18   0x00000014   Data   RO         5312    .constdata          STemWin522_CM3_Keil.lib(f20_ascii.o)
    0x0800ce2c   0x00000028   Data   RO         5313    .constdata          STemWin522_CM3_Keil.lib(f20_ascii.o)
    0x0800ce54   0x00000028   Data   RO         5314    .constdata          STemWin522_CM3_Keil.lib(f20_ascii.o)
    0x0800ce7c   0x00000028   Data   RO         5315    .constdata          STemWin522_CM3_Keil.lib(f20_ascii.o)
    0x0800cea4   0x00000028   Data   RO         5316    .constdata          STemWin522_CM3_Keil.lib(f20_ascii.o)
    0x0800cecc   0x00000028   Data   RO         5317    .constdata          STemWin522_CM3_Keil.lib(f20_ascii.o)
    0x0800cef4   0x00000028   Data   RO         5318    .constdata          STemWin522_CM3_Keil.lib(f20_ascii.o)
    0x0800cf1c   0x00000028   Data   RO         5319    .constdata          STemWin522_CM3_Keil.lib(f20_ascii.o)
    0x0800cf44   0x00000028   Data   RO         5320    .constdata          STemWin522_CM3_Keil.lib(f20_ascii.o)
    0x0800cf6c   0x00000028   Data   RO         5321    .constdata          STemWin522_CM3_Keil.lib(f20_ascii.o)
    0x0800cf94   0x00000028   Data   RO         5322    .constdata          STemWin522_CM3_Keil.lib(f20_ascii.o)
    0x0800cfbc   0x00000028   Data   RO         5323    .constdata          STemWin522_CM3_Keil.lib(f20_ascii.o)
    0x0800cfe4   0x00000028   Data   RO         5324    .constdata          STemWin522_CM3_Keil.lib(f20_ascii.o)
    0x0800d00c   0x00000028   Data   RO         5325    .constdata          STemWin522_CM3_Keil.lib(f20_ascii.o)
    0x0800d034   0x0000003c   Data   RO         5326    .constdata          STemWin522_CM3_Keil.lib(f20_ascii.o)
    0x0800d070   0x00000028   Data   RO         5327    .constdata          STemWin522_CM3_Keil.lib(f20_ascii.o)
    0x0800d098   0x00000028   Data   RO         5328    .constdata          STemWin522_CM3_Keil.lib(f20_ascii.o)
    0x0800d0c0   0x00000028   Data   RO         5329    .constdata          STemWin522_CM3_Keil.lib(f20_ascii.o)
    0x0800d0e8   0x00000014   Data   RO         5330    .constdata          STemWin522_CM3_Keil.lib(f20_ascii.o)
    0x0800d0fc   0x00000014   Data   RO         5331    .constdata          STemWin522_CM3_Keil.lib(f20_ascii.o)
    0x0800d110   0x00000014   Data   RO         5332    .constdata          STemWin522_CM3_Keil.lib(f20_ascii.o)
    0x0800d124   0x00000014   Data   RO         5333    .constdata          STemWin522_CM3_Keil.lib(f20_ascii.o)
    0x0800d138   0x00000028   Data   RO         5334    .constdata          STemWin522_CM3_Keil.lib(f20_ascii.o)
    0x0800d160   0x00000014   Data   RO         5335    .constdata          STemWin522_CM3_Keil.lib(f20_ascii.o)
    0x0800d174   0x00000028   Data   RO         5336    .constdata          STemWin522_CM3_Keil.lib(f20_ascii.o)
    0x0800d19c   0x00000028   Data   RO         5337    .constdata          STemWin522_CM3_Keil.lib(f20_ascii.o)
    0x0800d1c4   0x00000028   Data   RO         5338    .constdata          STemWin522_CM3_Keil.lib(f20_ascii.o)
    0x0800d1ec   0x00000028   Data   RO         5339    .constdata          STemWin522_CM3_Keil.lib(f20_ascii.o)
    0x0800d214   0x00000028   Data   RO         5340    .constdata          STemWin522_CM3_Keil.lib(f20_ascii.o)
    0x0800d23c   0x00000014   Data   RO         5341    .constdata          STemWin522_CM3_Keil.lib(f20_ascii.o)
    0x0800d250   0x00000028   Data   RO         5342    .constdata          STemWin522_CM3_Keil.lib(f20_ascii.o)
    0x0800d278   0x00000028   Data   RO         5343    .constdata          STemWin522_CM3_Keil.lib(f20_ascii.o)
    0x0800d2a0   0x00000014   Data   RO         5344    .constdata          STemWin522_CM3_Keil.lib(f20_ascii.o)
    0x0800d2b4   0x00000014   Data   RO         5345    .constdata          STemWin522_CM3_Keil.lib(f20_ascii.o)
    0x0800d2c8   0x00000028   Data   RO         5346    .constdata          STemWin522_CM3_Keil.lib(f20_ascii.o)
    0x0800d2f0   0x00000014   Data   RO         5347    .constdata          STemWin522_CM3_Keil.lib(f20_ascii.o)
    0x0800d304   0x00000028   Data   RO         5348    .constdata          STemWin522_CM3_Keil.lib(f20_ascii.o)
    0x0800d32c   0x00000028   Data   RO         5349    .constdata          STemWin522_CM3_Keil.lib(f20_ascii.o)
    0x0800d354   0x00000028   Data   RO         5350    .constdata          STemWin522_CM3_Keil.lib(f20_ascii.o)
    0x0800d37c   0x00000028   Data   RO         5351    .constdata          STemWin522_CM3_Keil.lib(f20_ascii.o)
    0x0800d3a4   0x00000028   Data   RO         5352    .constdata          STemWin522_CM3_Keil.lib(f20_ascii.o)
    0x0800d3cc   0x00000014   Data   RO         5353    .constdata          STemWin522_CM3_Keil.lib(f20_ascii.o)
    0x0800d3e0   0x00000028   Data   RO         5354    .constdata          STemWin522_CM3_Keil.lib(f20_ascii.o)
    0x0800d408   0x00000014   Data   RO         5355    .constdata          STemWin522_CM3_Keil.lib(f20_ascii.o)
    0x0800d41c   0x00000028   Data   RO         5356    .constdata          STemWin522_CM3_Keil.lib(f20_ascii.o)
    0x0800d444   0x00000028   Data   RO         5357    .constdata          STemWin522_CM3_Keil.lib(f20_ascii.o)
    0x0800d46c   0x00000028   Data   RO         5358    .constdata          STemWin522_CM3_Keil.lib(f20_ascii.o)
    0x0800d494   0x00000014   Data   RO         5359    .constdata          STemWin522_CM3_Keil.lib(f20_ascii.o)
    0x0800d4a8   0x00000028   Data   RO         5360    .constdata          STemWin522_CM3_Keil.lib(f20_ascii.o)
    0x0800d4d0   0x00000014   Data   RO         5361    .constdata          STemWin522_CM3_Keil.lib(f20_ascii.o)
    0x0800d4e4   0x00000014   Data   RO         5362    .constdata          STemWin522_CM3_Keil.lib(f20_ascii.o)
    0x0800d4f8   0x00000014   Data   RO         5363    .constdata          STemWin522_CM3_Keil.lib(f20_ascii.o)
    0x0800d50c   0x00000014   Data   RO         5364    .constdata          STemWin522_CM3_Keil.lib(f20_ascii.o)
    0x0800d520   0x00000028   Data   RO         5365    .constdata          STemWin522_CM3_Keil.lib(f20_ascii.o)
    0x0800d548   0x000002f8   Data   RO         5366    .constdata          STemWin522_CM3_Keil.lib(f20_ascii.o)
    0x0800d840   0x0000000c   Data   RO         5367    .constdata          STemWin522_CM3_Keil.lib(f20_ascii.o)
    0x0800d84c   0x00000024   Data   RO         5368    .constdata          STemWin522_CM3_Keil.lib(f20_ascii.o)
    0x0800d870   0x00000018   Data   RO         5369    .constdata          STemWin522_CM3_Keil.lib(f24_ascii.o)
    0x0800d888   0x00000018   Data   RO         5370    .constdata          STemWin522_CM3_Keil.lib(f24_ascii.o)
    0x0800d8a0   0x00000018   Data   RO         5371    .constdata          STemWin522_CM3_Keil.lib(f24_ascii.o)
    0x0800d8b8   0x00000030   Data   RO         5372    .constdata          STemWin522_CM3_Keil.lib(f24_ascii.o)
    0x0800d8e8   0x00000030   Data   RO         5373    .constdata          STemWin522_CM3_Keil.lib(f24_ascii.o)
    0x0800d918   0x00000048   Data   RO         5374    .constdata          STemWin522_CM3_Keil.lib(f24_ascii.o)
    0x0800d960   0x00000030   Data   RO         5375    .constdata          STemWin522_CM3_Keil.lib(f24_ascii.o)
    0x0800d990   0x00000018   Data   RO         5376    .constdata          STemWin522_CM3_Keil.lib(f24_ascii.o)
    0x0800d9a8   0x00000018   Data   RO         5377    .constdata          STemWin522_CM3_Keil.lib(f24_ascii.o)
    0x0800d9c0   0x00000018   Data   RO         5378    .constdata          STemWin522_CM3_Keil.lib(f24_ascii.o)
    0x0800d9d8   0x00000018   Data   RO         5379    .constdata          STemWin522_CM3_Keil.lib(f24_ascii.o)
    0x0800d9f0   0x00000030   Data   RO         5380    .constdata          STemWin522_CM3_Keil.lib(f24_ascii.o)
    0x0800da20   0x00000018   Data   RO         5381    .constdata          STemWin522_CM3_Keil.lib(f24_ascii.o)
    0x0800da38   0x00000018   Data   RO         5382    .constdata          STemWin522_CM3_Keil.lib(f24_ascii.o)
    0x0800da50   0x00000018   Data   RO         5383    .constdata          STemWin522_CM3_Keil.lib(f24_ascii.o)
    0x0800da68   0x00000018   Data   RO         5384    .constdata          STemWin522_CM3_Keil.lib(f24_ascii.o)
    0x0800da80   0x00000030   Data   RO         5385    .constdata          STemWin522_CM3_Keil.lib(f24_ascii.o)
    0x0800dab0   0x00000030   Data   RO         5386    .constdata          STemWin522_CM3_Keil.lib(f24_ascii.o)
    0x0800dae0   0x00000030   Data   RO         5387    .constdata          STemWin522_CM3_Keil.lib(f24_ascii.o)
    0x0800db10   0x00000030   Data   RO         5388    .constdata          STemWin522_CM3_Keil.lib(f24_ascii.o)
    0x0800db40   0x00000030   Data   RO         5389    .constdata          STemWin522_CM3_Keil.lib(f24_ascii.o)
    0x0800db70   0x00000030   Data   RO         5390    .constdata          STemWin522_CM3_Keil.lib(f24_ascii.o)
    0x0800dba0   0x00000030   Data   RO         5391    .constdata          STemWin522_CM3_Keil.lib(f24_ascii.o)
    0x0800dbd0   0x00000030   Data   RO         5392    .constdata          STemWin522_CM3_Keil.lib(f24_ascii.o)
    0x0800dc00   0x00000030   Data   RO         5393    .constdata          STemWin522_CM3_Keil.lib(f24_ascii.o)
    0x0800dc30   0x00000030   Data   RO         5394    .constdata          STemWin522_CM3_Keil.lib(f24_ascii.o)
    0x0800dc60   0x00000018   Data   RO         5395    .constdata          STemWin522_CM3_Keil.lib(f24_ascii.o)
    0x0800dc78   0x00000018   Data   RO         5396    .constdata          STemWin522_CM3_Keil.lib(f24_ascii.o)
    0x0800dc90   0x00000030   Data   RO         5397    .constdata          STemWin522_CM3_Keil.lib(f24_ascii.o)
    0x0800dcc0   0x00000030   Data   RO         5398    .constdata          STemWin522_CM3_Keil.lib(f24_ascii.o)
    0x0800dcf0   0x00000030   Data   RO         5399    .constdata          STemWin522_CM3_Keil.lib(f24_ascii.o)
    0x0800dd20   0x00000030   Data   RO         5400    .constdata          STemWin522_CM3_Keil.lib(f24_ascii.o)
    0x0800dd50   0x00000048   Data   RO         5401    .constdata          STemWin522_CM3_Keil.lib(f24_ascii.o)
    0x0800dd98   0x00000030   Data   RO         5402    .constdata          STemWin522_CM3_Keil.lib(f24_ascii.o)
    0x0800ddc8   0x00000030   Data   RO         5403    .constdata          STemWin522_CM3_Keil.lib(f24_ascii.o)
    0x0800ddf8   0x00000030   Data   RO         5404    .constdata          STemWin522_CM3_Keil.lib(f24_ascii.o)
    0x0800de28   0x00000030   Data   RO         5405    .constdata          STemWin522_CM3_Keil.lib(f24_ascii.o)
    0x0800de58   0x00000030   Data   RO         5406    .constdata          STemWin522_CM3_Keil.lib(f24_ascii.o)
    0x0800de88   0x00000030   Data   RO         5407    .constdata          STemWin522_CM3_Keil.lib(f24_ascii.o)
    0x0800deb8   0x00000030   Data   RO         5408    .constdata          STemWin522_CM3_Keil.lib(f24_ascii.o)
    0x0800dee8   0x00000030   Data   RO         5409    .constdata          STemWin522_CM3_Keil.lib(f24_ascii.o)
    0x0800df18   0x00000018   Data   RO         5410    .constdata          STemWin522_CM3_Keil.lib(f24_ascii.o)
    0x0800df30   0x00000030   Data   RO         5411    .constdata          STemWin522_CM3_Keil.lib(f24_ascii.o)
    0x0800df60   0x00000030   Data   RO         5412    .constdata          STemWin522_CM3_Keil.lib(f24_ascii.o)
    0x0800df90   0x00000030   Data   RO         5413    .constdata          STemWin522_CM3_Keil.lib(f24_ascii.o)
    0x0800dfc0   0x00000048   Data   RO         5414    .constdata          STemWin522_CM3_Keil.lib(f24_ascii.o)
    0x0800e008   0x00000030   Data   RO         5415    .constdata          STemWin522_CM3_Keil.lib(f24_ascii.o)
    0x0800e038   0x00000030   Data   RO         5416    .constdata          STemWin522_CM3_Keil.lib(f24_ascii.o)
    0x0800e068   0x00000030   Data   RO         5417    .constdata          STemWin522_CM3_Keil.lib(f24_ascii.o)
    0x0800e098   0x00000030   Data   RO         5418    .constdata          STemWin522_CM3_Keil.lib(f24_ascii.o)
    0x0800e0c8   0x00000030   Data   RO         5419    .constdata          STemWin522_CM3_Keil.lib(f24_ascii.o)
    0x0800e0f8   0x00000030   Data   RO         5420    .constdata          STemWin522_CM3_Keil.lib(f24_ascii.o)
    0x0800e128   0x00000030   Data   RO         5421    .constdata          STemWin522_CM3_Keil.lib(f24_ascii.o)
    0x0800e158   0x00000030   Data   RO         5422    .constdata          STemWin522_CM3_Keil.lib(f24_ascii.o)
    0x0800e188   0x00000030   Data   RO         5423    .constdata          STemWin522_CM3_Keil.lib(f24_ascii.o)
    0x0800e1b8   0x00000048   Data   RO         5424    .constdata          STemWin522_CM3_Keil.lib(f24_ascii.o)
    0x0800e200   0x00000030   Data   RO         5425    .constdata          STemWin522_CM3_Keil.lib(f24_ascii.o)
    0x0800e230   0x00000030   Data   RO         5426    .constdata          STemWin522_CM3_Keil.lib(f24_ascii.o)
    0x0800e260   0x00000030   Data   RO         5427    .constdata          STemWin522_CM3_Keil.lib(f24_ascii.o)
    0x0800e290   0x00000018   Data   RO         5428    .constdata          STemWin522_CM3_Keil.lib(f24_ascii.o)
    0x0800e2a8   0x00000018   Data   RO         5429    .constdata          STemWin522_CM3_Keil.lib(f24_ascii.o)
    0x0800e2c0   0x00000018   Data   RO         5430    .constdata          STemWin522_CM3_Keil.lib(f24_ascii.o)
    0x0800e2d8   0x00000018   Data   RO         5431    .constdata          STemWin522_CM3_Keil.lib(f24_ascii.o)
    0x0800e2f0   0x00000030   Data   RO         5432    .constdata          STemWin522_CM3_Keil.lib(f24_ascii.o)
    0x0800e320   0x00000018   Data   RO         5433    .constdata          STemWin522_CM3_Keil.lib(f24_ascii.o)
    0x0800e338   0x00000030   Data   RO         5434    .constdata          STemWin522_CM3_Keil.lib(f24_ascii.o)
    0x0800e368   0x00000030   Data   RO         5435    .constdata          STemWin522_CM3_Keil.lib(f24_ascii.o)
    0x0800e398   0x00000030   Data   RO         5436    .constdata          STemWin522_CM3_Keil.lib(f24_ascii.o)
    0x0800e3c8   0x00000030   Data   RO         5437    .constdata          STemWin522_CM3_Keil.lib(f24_ascii.o)
    0x0800e3f8   0x00000030   Data   RO         5438    .constdata          STemWin522_CM3_Keil.lib(f24_ascii.o)
    0x0800e428   0x00000018   Data   RO         5439    .constdata          STemWin522_CM3_Keil.lib(f24_ascii.o)
    0x0800e440   0x00000030   Data   RO         5440    .constdata          STemWin522_CM3_Keil.lib(f24_ascii.o)
    0x0800e470   0x00000030   Data   RO         5441    .constdata          STemWin522_CM3_Keil.lib(f24_ascii.o)
    0x0800e4a0   0x00000018   Data   RO         5442    .constdata          STemWin522_CM3_Keil.lib(f24_ascii.o)
    0x0800e4b8   0x00000018   Data   RO         5443    .constdata          STemWin522_CM3_Keil.lib(f24_ascii.o)
    0x0800e4d0   0x00000030   Data   RO         5444    .constdata          STemWin522_CM3_Keil.lib(f24_ascii.o)
    0x0800e500   0x00000018   Data   RO         5445    .constdata          STemWin522_CM3_Keil.lib(f24_ascii.o)
    0x0800e518   0x00000030   Data   RO         5446    .constdata          STemWin522_CM3_Keil.lib(f24_ascii.o)
    0x0800e548   0x00000030   Data   RO         5447    .constdata          STemWin522_CM3_Keil.lib(f24_ascii.o)
    0x0800e578   0x00000030   Data   RO         5448    .constdata          STemWin522_CM3_Keil.lib(f24_ascii.o)
    0x0800e5a8   0x00000030   Data   RO         5449    .constdata          STemWin522_CM3_Keil.lib(f24_ascii.o)
    0x0800e5d8   0x00000030   Data   RO         5450    .constdata          STemWin522_CM3_Keil.lib(f24_ascii.o)
    0x0800e608   0x00000018   Data   RO         5451    .constdata          STemWin522_CM3_Keil.lib(f24_ascii.o)
    0x0800e620   0x00000030   Data   RO         5452    .constdata          STemWin522_CM3_Keil.lib(f24_ascii.o)
    0x0800e650   0x00000018   Data   RO         5453    .constdata          STemWin522_CM3_Keil.lib(f24_ascii.o)
    0x0800e668   0x00000030   Data   RO         5454    .constdata          STemWin522_CM3_Keil.lib(f24_ascii.o)
    0x0800e698   0x00000030   Data   RO         5455    .constdata          STemWin522_CM3_Keil.lib(f24_ascii.o)
    0x0800e6c8   0x00000030   Data   RO         5456    .constdata          STemWin522_CM3_Keil.lib(f24_ascii.o)
    0x0800e6f8   0x00000030   Data   RO         5457    .constdata          STemWin522_CM3_Keil.lib(f24_ascii.o)
    0x0800e728   0x00000030   Data   RO         5458    .constdata          STemWin522_CM3_Keil.lib(f24_ascii.o)
    0x0800e758   0x00000030   Data   RO         5459    .constdata          STemWin522_CM3_Keil.lib(f24_ascii.o)
    0x0800e788   0x00000018   Data   RO         5460    .constdata          STemWin522_CM3_Keil.lib(f24_ascii.o)
    0x0800e7a0   0x00000018   Data   RO         5461    .constdata          STemWin522_CM3_Keil.lib(f24_ascii.o)
    0x0800e7b8   0x00000018   Data   RO         5462    .constdata          STemWin522_CM3_Keil.lib(f24_ascii.o)
    0x0800e7d0   0x00000030   Data   RO         5463    .constdata          STemWin522_CM3_Keil.lib(f24_ascii.o)
    0x0800e800   0x000002f8   Data   RO         5464    .constdata          STemWin522_CM3_Keil.lib(f24_ascii.o)
    0x0800eaf8   0x0000000c   Data   RO         5465    .constdata          STemWin522_CM3_Keil.lib(f24_ascii.o)
    0x0800eb04   0x00000024   Data   RO         5466    .constdata          STemWin522_CM3_Keil.lib(f24_ascii.o)
    0x0800eb28   0x00000020   Data   RO         5467    .constdata          STemWin522_CM3_Keil.lib(f32_ascii.o)
    0x0800eb48   0x00000020   Data   RO         5468    .constdata          STemWin522_CM3_Keil.lib(f32_ascii.o)
    0x0800eb68   0x00000040   Data   RO         5469    .constdata          STemWin522_CM3_Keil.lib(f32_ascii.o)
    0x0800eba8   0x00000040   Data   RO         5470    .constdata          STemWin522_CM3_Keil.lib(f32_ascii.o)
    0x0800ebe8   0x00000040   Data   RO         5471    .constdata          STemWin522_CM3_Keil.lib(f32_ascii.o)
    0x0800ec28   0x00000060   Data   RO         5472    .constdata          STemWin522_CM3_Keil.lib(f32_ascii.o)
    0x0800ec88   0x00000060   Data   RO         5473    .constdata          STemWin522_CM3_Keil.lib(f32_ascii.o)
    0x0800ece8   0x00000020   Data   RO         5474    .constdata          STemWin522_CM3_Keil.lib(f32_ascii.o)
    0x0800ed08   0x00000040   Data   RO         5475    .constdata          STemWin522_CM3_Keil.lib(f32_ascii.o)
    0x0800ed48   0x00000040   Data   RO         5476    .constdata          STemWin522_CM3_Keil.lib(f32_ascii.o)
    0x0800ed88   0x00000040   Data   RO         5477    .constdata          STemWin522_CM3_Keil.lib(f32_ascii.o)
    0x0800edc8   0x00000040   Data   RO         5478    .constdata          STemWin522_CM3_Keil.lib(f32_ascii.o)
    0x0800ee08   0x00000020   Data   RO         5479    .constdata          STemWin522_CM3_Keil.lib(f32_ascii.o)
    0x0800ee28   0x00000040   Data   RO         5480    .constdata          STemWin522_CM3_Keil.lib(f32_ascii.o)
    0x0800ee68   0x00000020   Data   RO         5481    .constdata          STemWin522_CM3_Keil.lib(f32_ascii.o)
    0x0800ee88   0x00000020   Data   RO         5482    .constdata          STemWin522_CM3_Keil.lib(f32_ascii.o)
    0x0800eea8   0x00000040   Data   RO         5483    .constdata          STemWin522_CM3_Keil.lib(f32_ascii.o)
    0x0800eee8   0x00000040   Data   RO         5484    .constdata          STemWin522_CM3_Keil.lib(f32_ascii.o)
    0x0800ef28   0x00000040   Data   RO         5485    .constdata          STemWin522_CM3_Keil.lib(f32_ascii.o)
    0x0800ef68   0x00000040   Data   RO         5486    .constdata          STemWin522_CM3_Keil.lib(f32_ascii.o)
    0x0800efa8   0x00000040   Data   RO         5487    .constdata          STemWin522_CM3_Keil.lib(f32_ascii.o)
    0x0800efe8   0x00000040   Data   RO         5488    .constdata          STemWin522_CM3_Keil.lib(f32_ascii.o)
    0x0800f028   0x00000040   Data   RO         5489    .constdata          STemWin522_CM3_Keil.lib(f32_ascii.o)
    0x0800f068   0x00000040   Data   RO         5490    .constdata          STemWin522_CM3_Keil.lib(f32_ascii.o)
    0x0800f0a8   0x00000040   Data   RO         5491    .constdata          STemWin522_CM3_Keil.lib(f32_ascii.o)
    0x0800f0e8   0x00000040   Data   RO         5492    .constdata          STemWin522_CM3_Keil.lib(f32_ascii.o)
    0x0800f128   0x00000020   Data   RO         5493    .constdata          STemWin522_CM3_Keil.lib(f32_ascii.o)
    0x0800f148   0x00000020   Data   RO         5494    .constdata          STemWin522_CM3_Keil.lib(f32_ascii.o)
    0x0800f168   0x00000040   Data   RO         5495    .constdata          STemWin522_CM3_Keil.lib(f32_ascii.o)
    0x0800f1a8   0x00000040   Data   RO         5496    .constdata          STemWin522_CM3_Keil.lib(f32_ascii.o)
    0x0800f1e8   0x00000040   Data   RO         5497    .constdata          STemWin522_CM3_Keil.lib(f32_ascii.o)
    0x0800f228   0x00000040   Data   RO         5498    .constdata          STemWin522_CM3_Keil.lib(f32_ascii.o)
    0x0800f268   0x00000080   Data   RO         5499    .constdata          STemWin522_CM3_Keil.lib(f32_ascii.o)
    0x0800f2e8   0x00000060   Data   RO         5500    .constdata          STemWin522_CM3_Keil.lib(f32_ascii.o)
    0x0800f348   0x00000060   Data   RO         5501    .constdata          STemWin522_CM3_Keil.lib(f32_ascii.o)
    0x0800f3a8   0x00000060   Data   RO         5502    .constdata          STemWin522_CM3_Keil.lib(f32_ascii.o)
    0x0800f408   0x00000060   Data   RO         5503    .constdata          STemWin522_CM3_Keil.lib(f32_ascii.o)
    0x0800f468   0x00000060   Data   RO         5504    .constdata          STemWin522_CM3_Keil.lib(f32_ascii.o)
    0x0800f4c8   0x00000060   Data   RO         5505    .constdata          STemWin522_CM3_Keil.lib(f32_ascii.o)
    0x0800f528   0x00000060   Data   RO         5506    .constdata          STemWin522_CM3_Keil.lib(f32_ascii.o)
    0x0800f588   0x00000060   Data   RO         5507    .constdata          STemWin522_CM3_Keil.lib(f32_ascii.o)
    0x0800f5e8   0x00000020   Data   RO         5508    .constdata          STemWin522_CM3_Keil.lib(f32_ascii.o)
    0x0800f608   0x00000040   Data   RO         5509    .constdata          STemWin522_CM3_Keil.lib(f32_ascii.o)
    0x0800f648   0x00000060   Data   RO         5510    .constdata          STemWin522_CM3_Keil.lib(f32_ascii.o)
    0x0800f6a8   0x00000040   Data   RO         5511    .constdata          STemWin522_CM3_Keil.lib(f32_ascii.o)
    0x0800f6e8   0x00000060   Data   RO         5512    .constdata          STemWin522_CM3_Keil.lib(f32_ascii.o)
    0x0800f748   0x00000060   Data   RO         5513    .constdata          STemWin522_CM3_Keil.lib(f32_ascii.o)
    0x0800f7a8   0x00000060   Data   RO         5514    .constdata          STemWin522_CM3_Keil.lib(f32_ascii.o)
    0x0800f808   0x00000060   Data   RO         5515    .constdata          STemWin522_CM3_Keil.lib(f32_ascii.o)
    0x0800f868   0x00000060   Data   RO         5516    .constdata          STemWin522_CM3_Keil.lib(f32_ascii.o)
    0x0800f8c8   0x00000060   Data   RO         5517    .constdata          STemWin522_CM3_Keil.lib(f32_ascii.o)
    0x0800f928   0x00000060   Data   RO         5518    .constdata          STemWin522_CM3_Keil.lib(f32_ascii.o)
    0x0800f988   0x00000040   Data   RO         5519    .constdata          STemWin522_CM3_Keil.lib(f32_ascii.o)
    0x0800f9c8   0x00000060   Data   RO         5520    .constdata          STemWin522_CM3_Keil.lib(f32_ascii.o)
    0x0800fa28   0x00000060   Data   RO         5521    .constdata          STemWin522_CM3_Keil.lib(f32_ascii.o)
    0x0800fa88   0x00000080   Data   RO         5522    .constdata          STemWin522_CM3_Keil.lib(f32_ascii.o)
    0x0800fb08   0x00000060   Data   RO         5523    .constdata          STemWin522_CM3_Keil.lib(f32_ascii.o)
    0x0800fb68   0x00000060   Data   RO         5524    .constdata          STemWin522_CM3_Keil.lib(f32_ascii.o)
    0x0800fbc8   0x00000060   Data   RO         5525    .constdata          STemWin522_CM3_Keil.lib(f32_ascii.o)
    0x0800fc28   0x00000020   Data   RO         5526    .constdata          STemWin522_CM3_Keil.lib(f32_ascii.o)
    0x0800fc48   0x00000020   Data   RO         5527    .constdata          STemWin522_CM3_Keil.lib(f32_ascii.o)
    0x0800fc68   0x00000020   Data   RO         5528    .constdata          STemWin522_CM3_Keil.lib(f32_ascii.o)
    0x0800fc88   0x00000040   Data   RO         5529    .constdata          STemWin522_CM3_Keil.lib(f32_ascii.o)
    0x0800fcc8   0x00000040   Data   RO         5530    .constdata          STemWin522_CM3_Keil.lib(f32_ascii.o)
    0x0800fd08   0x00000040   Data   RO         5531    .constdata          STemWin522_CM3_Keil.lib(f32_ascii.o)
    0x0800fd48   0x00000040   Data   RO         5532    .constdata          STemWin522_CM3_Keil.lib(f32_ascii.o)
    0x0800fd88   0x00000040   Data   RO         5533    .constdata          STemWin522_CM3_Keil.lib(f32_ascii.o)
    0x0800fdc8   0x00000040   Data   RO         5534    .constdata          STemWin522_CM3_Keil.lib(f32_ascii.o)
    0x0800fe08   0x00000040   Data   RO         5535    .constdata          STemWin522_CM3_Keil.lib(f32_ascii.o)
    0x0800fe48   0x00000040   Data   RO         5536    .constdata          STemWin522_CM3_Keil.lib(f32_ascii.o)
    0x0800fe88   0x00000020   Data   RO         5537    .constdata          STemWin522_CM3_Keil.lib(f32_ascii.o)
    0x0800fea8   0x00000040   Data   RO         5538    .constdata          STemWin522_CM3_Keil.lib(f32_ascii.o)
    0x0800fee8   0x00000040   Data   RO         5539    .constdata          STemWin522_CM3_Keil.lib(f32_ascii.o)
    0x0800ff28   0x00000020   Data   RO         5540    .constdata          STemWin522_CM3_Keil.lib(f32_ascii.o)
    0x0800ff48   0x00000020   Data   RO         5541    .constdata          STemWin522_CM3_Keil.lib(f32_ascii.o)
    0x0800ff68   0x00000040   Data   RO         5542    .constdata          STemWin522_CM3_Keil.lib(f32_ascii.o)
    0x0800ffa8   0x00000020   Data   RO         5543    .constdata          STemWin522_CM3_Keil.lib(f32_ascii.o)
    0x0800ffc8   0x00000060   Data   RO         5544    .constdata          STemWin522_CM3_Keil.lib(f32_ascii.o)
    0x08010028   0x00000040   Data   RO         5545    .constdata          STemWin522_CM3_Keil.lib(f32_ascii.o)
    0x08010068   0x00000040   Data   RO         5546    .constdata          STemWin522_CM3_Keil.lib(f32_ascii.o)
    0x080100a8   0x00000040   Data   RO         5547    .constdata          STemWin522_CM3_Keil.lib(f32_ascii.o)
    0x080100e8   0x00000040   Data   RO         5548    .constdata          STemWin522_CM3_Keil.lib(f32_ascii.o)
    0x08010128   0x00000040   Data   RO         5549    .constdata          STemWin522_CM3_Keil.lib(f32_ascii.o)
    0x08010168   0x00000040   Data   RO         5550    .constdata          STemWin522_CM3_Keil.lib(f32_ascii.o)
    0x080101a8   0x00000020   Data   RO         5551    .constdata          STemWin522_CM3_Keil.lib(f32_ascii.o)
    0x080101c8   0x00000040   Data   RO         5552    .constdata          STemWin522_CM3_Keil.lib(f32_ascii.o)
    0x08010208   0x00000040   Data   RO         5553    .constdata          STemWin522_CM3_Keil.lib(f32_ascii.o)
    0x08010248   0x00000060   Data   RO         5554    .constdata          STemWin522_CM3_Keil.lib(f32_ascii.o)
    0x080102a8   0x00000040   Data   RO         5555    .constdata          STemWin522_CM3_Keil.lib(f32_ascii.o)
    0x080102e8   0x00000040   Data   RO         5556    .constdata          STemWin522_CM3_Keil.lib(f32_ascii.o)
    0x08010328   0x00000040   Data   RO         5557    .constdata          STemWin522_CM3_Keil.lib(f32_ascii.o)
    0x08010368   0x00000040   Data   RO         5558    .constdata          STemWin522_CM3_Keil.lib(f32_ascii.o)
    0x080103a8   0x00000020   Data   RO         5559    .constdata          STemWin522_CM3_Keil.lib(f32_ascii.o)
    0x080103c8   0x00000040   Data   RO         5560    .constdata          STemWin522_CM3_Keil.lib(f32_ascii.o)
    0x08010408   0x00000040   Data   RO         5561    .constdata          STemWin522_CM3_Keil.lib(f32_ascii.o)
    0x08010448   0x000002f8   Data   RO         5562    .constdata          STemWin522_CM3_Keil.lib(f32_ascii.o)
    0x08010740   0x0000000c   Data   RO         5563    .constdata          STemWin522_CM3_Keil.lib(f32_ascii.o)
    0x0801074c   0x00000024   Data   RO         5564    .constdata          STemWin522_CM3_Keil.lib(f32_ascii.o)
    0x08010770   0x00000518   Data   RO         5565    .constdata          STemWin522_CM3_Keil.lib(f6x8.o)
    0x08010c88   0x000001c0   Data   RO         5566    .constdata          STemWin522_CM3_Keil.lib(f6x8.o)
    0x08010e48   0x00000008   Data   RO         5567    .constdata          STemWin522_CM3_Keil.lib(f6x8.o)
    0x08010e50   0x00000014   Data   RO         5568    .constdata          STemWin522_CM3_Keil.lib(f6x8.o)
    0x08010e64   0x00000024   Data   RO         5569    .constdata          STemWin522_CM3_Keil.lib(f6x8.o)
    0x08010e88   0x00000a30   Data   RO         5571    .constdata          STemWin522_CM3_Keil.lib(f8x16.o)
    0x080118b8   0x000001c0   Data   RO         5572    .constdata          STemWin522_CM3_Keil.lib(f8x16.o)
    0x08011a78   0x00000008   Data   RO         5573    .constdata          STemWin522_CM3_Keil.lib(f8x16.o)
    0x08011a80   0x00000014   Data   RO         5574    .constdata          STemWin522_CM3_Keil.lib(f8x16.o)
    0x08011a94   0x00000024   Data   RO         5577    .constdata          STemWin522_CM3_Keil.lib(f8x16.o)
    0x08011ab8   0x00000100   Data   RO         5591    .constdata          STemWin522_CM3_Keil.lib(gui__divtbl_255_31.o)
    0x08011bb8   0x00000100   Data   RO         5592    .constdata          STemWin522_CM3_Keil.lib(gui__divtbl_255_63.o)
    0x08011cb8   0x00000020   Data   RO         5593    .constdata          STemWin522_CM3_Keil.lib(gui__divtbl_31_255.o)
    0x08011cd8   0x00000040   Data   RO         5594    .constdata          STemWin522_CM3_Keil.lib(gui__divtbl_63_255.o)
    0x08011d18   0x00000028   Data   RO         5619    .constdata          STemWin522_CM3_Keil.lib(gui_adddecshift.o)
    0x08011d40   0x00000010   Data   RO         5624    .constdata          STemWin522_CM3_Keil.lib(gui_addhex.o)
    0x08011d50   0x00000010   Data   RO         5700    .constdata          STemWin522_CM3_Keil.lib(gui_uc_encodenone.o)
    0x08011d60   0x0000000c   Data   RO         5726    .constdata          STemWin522_CM3_Keil.lib(lcd.o)
    0x08011d6c   0x00000018   Data   RO         6024    .constdata          STemWin522_CM3_Keil.lib(guicc_0.o)
    0x08011d84   0x00000018   Data   RO         6318    .constdata          STemWin522_CM3_Keil.lib(guicc_8888.o)
    0x08011d9c   0x00000074   Data   RO         6360    .constdata          STemWin522_CM3_Keil.lib(guidev_32.o)
    0x08011e10   0x00000018   Data   RO         6408    .constdata          STemWin522_CM3_Keil.lib(guidev_usagebm.o)
    0x08011e28   0x00000008   Data   RO         6423    .constdata          STemWin522_CM3_Keil.lib(guidev_writetoactiveopaque.o)
    0x08011e30   0x00000100   Data   RO         6568    .constdata          STemWin522_CM3_Keil.lib(lcd_mirror.o)
    0x08011f30   0x00000020   Data   RO         6960    Region$$Table       anon$$obj.o


    Execution Region RW_IRAM1 (Base: 0x20000000, Size: 0x000035a8, Max: 0x00010000, ABSOLUTE, COMPRESSED[0x00000134])

    Base Addr    Size         Type   Attr      Idx    E Section Name        Object

    0x20000000   0x0000001a   Data   RW           16    .data               main.o
    0x2000001a   0x00000002   PAD
    0x2000001c   0x0000000a   Data   RW          824    .data               i2c_stx.o
    0x20000026   0x00000004   Data   RW          910    .data               delay.o
    0x2000002a   0x00000002   PAD
    0x2000002c   0x00000008   Data   RW          974    .data               usart.o
    0x20000034   0x00000014   Data   RW         2624    .data               stm32f10x_rcc.o
    0x20000048   0x00000004   Data   RW         4014    .data               gui_x.o
    0x2000004c   0x0000005c   Data   RW         4330    .data               zprotoanalyze.o
    0x200000a8   0x000000f4   Data   RW         4438    .data               enddevice.o
    0x2000019c   0x00000004   Data   RW         4612    .data               enddevicenode.o
    0x200001a0   0x00000018   Data   RW         4714    .data               microbit_iic.o
    0x200001b8   0x00000004   Data   RW         4816    .data               multi_button.o
    0x200001bc   0x0000003c   Data   RW         4879    .data               STemWin522_CM3_Keil.lib(guiaa_lib.o)
    0x200001f8   0x00000008   Data   RW         4900    .data               STemWin522_CM3_Keil.lib(guicc_m565.o)
    0x20000200   0x00000008   Data   RW         4941    .data               STemWin522_CM3_Keil.lib(gui_alloc.o)
    0x20000208   0x0000002c   Data   RW         4988    .data               STemWin522_CM3_Keil.lib(gui_core.o)
    0x20000234   0x00000004   Data   RW         4989    .data               STemWin522_CM3_Keil.lib(gui_core.o)
    0x20000238   0x00000004   Data   RW         4990    .data               STemWin522_CM3_Keil.lib(gui_core.o)
    0x2000023c   0x00000004   Data   RW         4991    .data               STemWin522_CM3_Keil.lib(gui_core.o)
    0x20000240   0x00000004   Data   RW         4992    .data               STemWin522_CM3_Keil.lib(gui_core.o)
    0x20000244   0x00000002   Data   RW         4993    .data               STemWin522_CM3_Keil.lib(gui_core.o)
    0x20000246   0x00000002   Data   RW         4994    .data               STemWin522_CM3_Keil.lib(gui_core.o)
    0x20000248   0x00000004   Data   RW         5087    .data               STemWin522_CM3_Keil.lib(gui_fillpolygon.o)
    0x2000024c   0x00000008   Data   RW         5605    .data               STemWin522_CM3_Keil.lib(gui__wrap.o)
    0x20000254   0x00000004   Data   RW         5644    .data               STemWin522_CM3_Keil.lib(gui_charline.o)
    0x20000258   0x00000004   Data   RW         5727    .data               STemWin522_CM3_Keil.lib(lcd.o)
    0x2000025c   0x00000004   Data   RW         5751    .data               STemWin522_CM3_Keil.lib(lcd_aa.o)
    0x20000260   0x00000010   Data   RW         5764    .data               STemWin522_CM3_Keil.lib(lcd_color.o)
    0x20000270   0x00000058   Data   RW         5828    .data               STemWin522_CM3_Keil.lib(wm.o)
    0x200002c8   0x00000028   Data   RW         5901    .data               STemWin522_CM3_Keil.lib(gui__alpha.o)
    0x200002f0   0x00000008   Data   RW         5918    .data               STemWin522_CM3_Keil.lib(gui__managecache.o)
    0x200002f8   0x0000000c   Data   RW         5955    .data               STemWin522_CM3_Keil.lib(gui_onkey.o)
    0x20000304   0x0000000c   Data   RW         6012    .data               STemWin522_CM3_Keil.lib(gui_waitevent.o)
    0x20000310   0x00000004   Data   RW         6063    .data               STemWin522_CM3_Keil.lib(guidev_banding.o)
    0x20000314   0x00000001   Data   RW         6077    .data               STemWin522_CM3_Keil.lib(guidev_staticdevices.o)
    0x20000315   0x00000003   PAD
    0x20000318   0x00000004   Data   RW         6089    .data               STemWin522_CM3_Keil.lib(wm__sendmessage.o)
    0x2000031c   0x00000020   Data   RW         6239    .data               STemWin522_CM3_Keil.lib(gui_setalpha.o)
    0x2000033c   0x00000014   Data   RW         6295    .data               STemWin522_CM3_Keil.lib(gui_timer.o)
    0x20000350   0x00000004   Data   RW         6939    .data               mc_w.l(mvars.o)
    0x20000354   0x00000004   Data   RW         6940    .data               mc_w.l(mvars.o)
    0x20000358   0x000000a0   Zero   RW           14    .bss                main.o
    0x200003f8   0x0000000a   Zero   RW          697    .bss                ili9341.o
    0x20000402   0x00000014   Zero   RW          823    .bss                i2c_stx.o
    0x20000416   0x00000080   Zero   RW          973    .bss                usart.o
    0x20000496   0x00000002   PAD
    0x20000498   0x00002800   Zero   RW         3995    .bss                guiconf.o
    0x20002c98   0x00000077   Zero   RW         4328    .bss                zprotoanalyze.o
    0x20002d0f   0x00000001   PAD
    0x20002d10   0x0000000c   Zero   RW         4611    .bss                enddevicenode.o
    0x20002d1c   0x00000078   Zero   RW         4712    .bss                microbit_iic.o
    0x20002d94   0x000000c8   Zero   RW         4940    .bss                STemWin522_CM3_Keil.lib(gui_alloc.o)
    0x20002e5c   0x00000078   Zero   RW         4986    .bss                STemWin522_CM3_Keil.lib(gui_core.o)
    0x20002ed4   0x00000018   Zero   RW         5086    .bss                STemWin522_CM3_Keil.lib(gui_fillpolygon.o)
    0x20002eec   0x00000018   Zero   RW         5827    .bss                STemWin522_CM3_Keil.lib(wm.o)
    0x20002f04   0x00000058   Zero   RW         5954    .bss                STemWin522_CM3_Keil.lib(gui_onkey.o)
    0x20002f5c   0x00000048   Zero   RW         6132    .bss                STemWin522_CM3_Keil.lib(wm_touch.o)
    0x20002fa4   0x00000004   PAD
    0x20002fa8   0x00000200   Zero   RW         1021    HEAP                startup_stm32f10x_hd.o
    0x200031a8   0x00000400   Zero   RW         1020    STACK               startup_stm32f10x_hd.o


==============================================================================

Image component sizes


      Code (inc. data)   RO Data    RW Data    ZI Data      Debug   Object Name

       268         22          0          0          0       1843   adc.o
       120         12          0          4          0       1436   delay.o
       850        214          0        244          0      21752   enddevice.o
       184         52          0          4         12       3649   enddevicenode.o
        40         10          0          4          0       2432   gui_x.o
        36         10          0          0      10240        603   guiconf.o
      3890        120         52          0          0      69623   guidrv_template.o
       528          0          0          0          0       6684   hashtable.o
       536         74          0         10         20       4762   i2c_stx.o
      1878         84          0          0         10      10747   ili9341.o
        78         10          0          0          0       1961   lcdconf.o
      2764        576        152         26        160     358976   main.o
      2668        338        204         24        120      13017   microbit_iic.o
       172         22          0          0          0       2317   misc.o
       684         18          0          4          0       3804   multi_button.o
        36          8        304          0       1536        836   startup_stm32f10x_hd.o
       486         24          0          0          0       9382   stm32f10x_adc.o
       428          8          0          0          0       4936   stm32f10x_dma.o
       304          0          0          0          0       3984   stm32f10x_gpio.o
       366         14          0          0          0       7078   stm32f10x_i2c.o
        26          0          0          0          0       4290   stm32f10x_it.o
       364         50          0         20          0       6646   stm32f10x_rcc.o
        84          0          0          0          0       2321   stm32f10x_spi.o
       246         42          0          0          0       3938   stm32f10x_tim.o
       450          6          0          0          0       6732   stm32f10x_usart.o
        20          0          0          0          0       1518   sys.o
       328         28          0          0          0       2065   system_stm32f10x.o
       404         44          0          8        128       3912   usart.o
       116          0          0          0          0       5013   zproto.o
      1004        132         57         92        119      20370   zprotoanalyze.o

    ----------------------------------------------------------------------
     19394       1918        804        444      12348     586627   Object Totals
         0          0         32          0          0          0   (incl. Generated)
        36          0          3          4          3          0   (incl. Padding)

    ----------------------------------------------------------------------

      Code (inc. data)   RO Data    RW Data    ZI Data      Debug   Library Member Name

         0          0       4048          0          0          0   f20_ascii.o
         0          0       4792          0          0          0   f24_ascii.o
         0          0       7240          0          0          0   f32_ascii.o
         0          0       1816          0          0          0   f6x8.o
         0          0       3120          0          0          0   f8x16.o
        16          6          0          0          0         68   gui_2dlib.o
       824         34          0         40          0        508   gui__alpha.o
       668          0          0          0          0        160   gui__compactpixelindices.o
         0          0        256          0          0          0   gui__divtbl_255_31.o
         0          0        256          0          0          0   gui__divtbl_255_63.o
         0          0         32          0          0          0   gui__divtbl_31_255.o
         0          0         64          0          0          0   gui__divtbl_63_255.o
       320          0          0          0          0        108   gui__expandpixelindices.o
        58          0          0          0          0         68   gui__intersectrect.o
        82          0          0          0          0         80   gui__intersectrects.o
       188          8          0          8          0        152   gui__managecache.o
        76          0          0          0          0         76   gui__memset.o
        26          0          0          0          0         68   gui__sqrt32.o
       304          4          0          8          0        508   gui__wrap.o
        38          0          0          0          0         76   gui_addbin.o
       152         10         40          0          0         84   gui_adddecshift.o
        48          6         16          0          0         76   gui_addhex.o
      1766        102          0          8        200       1768   gui_alloc.o
        36          0          0          0          0         80   gui_alloc_alloczero.o
        68          0          0          0          0         76   gui_calccolordist.o
        96         22          0          0          0        272   gui_char.o
       458         36          0          4          0        472   gui_charline.o
       394         10          0          0          0        300   gui_charm.o
       308         10          0          0          0        384   gui_charp.o
       188          4          0          0          0         92   gui_circ.o
       460         78          8         64        120        620   gui_core.o
       340         22          0          0          0        516   gui_device.o
        34          0          0          0          0         84   gui_dispbin.o
        44          4          0          0          0         80   gui_dispceol.o
        50          0          0          0          0        156   gui_disphex.o
       256          4          0          0          0         88   gui_dispstring.o
        16          4          0          0          0         68   gui_dispstringat.o
        14          0          0          0          0         80   gui_dispstringatceol.o
       298          0          0          0          0        200   gui_dispstringinrectwrap.o
       372         10          0          0          0        204   gui_drawgradientrounded.o
      1230         36         68          0          0        984   gui_drawline.o
        32          4          0          0          0         68   gui_drawpoint.o
       160          4          0          0          0        180   gui_drawpolygon.o
        52          4          0          0          0        152   gui_exec.o
       640         32          0          4         24        264   gui_fillpolygon.o
        72          4          0          0          0         84   gui_fillrect.o
        20          0          0          0          0         68   gui_fillrectex.o
        28          0          0          0          0        160   gui_getcolor.o
        32         10          0          0          0        136   gui_getorg.o
        52         12          0          0          0        216   gui_goto.o
        88          0          0          0          0         76   gui_mergerect.o
        30          0          0          0          0         68   gui_moverect.o
        94         14          0         12         88        284   gui_onkey.o
        16          4          0          0          0         68   gui_pen.o
        56          0          0          0          0         68   gui_rectsintersect.o
        32         10          0          0          0        136   gui_savecontext.o
        36          8          0          0          0         80   gui_selectlayer.o
        18          0          0          0          0         80   gui_selectlcd.o
        36          4          0         32          0         76   gui_setalpha.o
         4          0          0          0          0         68   gui_setcliprect.o
         8          0          0          0          0        136   gui_setcolor.o
        64          6          0          0          0         80   gui_setdefault.o
         4          0          0          0          0         68   gui_setdrawmode.o
        20          6          0          0          0         68   gui_setfont.o
        16          4          0          0          0         68   gui_setlinestyle.o
        56         18          0          0          0         80   gui_setorg.o
        20          6          0          0          0         68   gui_settextalign.o
        20          6          0          0          0         68   gui_settextmode.o
       180         18          0          0          0        168   gui_settextstyle.o
        42          0          0          0          0         80   gui_time.o
       332         16          0         20          0        484   gui_timer.o
        84         10          0          0          0        168   gui_uc.o
        18          0         16          0          0        272   gui_uc_encodenone.o
        60          0          0          0          0        224   gui_val.o
        16          4          0         12          0         68   gui_waitevent.o
       468         12          0          0          0        188   guiaa_fillroundedrect.o
       748         80          0         60          0        768   guiaa_lib.o
       198          0         24          0          0        244   guicc_0.o
        36          0         24          0          0        288   guicc_8888.o
         2          0          0          0          0         68   guicc_8888_index2color.o
         2          0          0          0          0         68   guicc_888_index2color.o
       206         32         24          8          0        336   guicc_m565.o
        44         10          0          0          0         76   guicc_m565_index2color.o
       760         38          0          0          0        676   guidev.o
      2320         62        116          0          0       1428   guidev_32.o
       300         10          0          4          0        164   guidev_banding.o
        60          6          0          0          0         76   guidev_clear.o
        22          0          0          0          0         80   guidev_getdataptr.o
        40          6          0          0          0         80   guidev_getysize.o
        44          4          0          0          0         80   guidev_reduceysize.o
        88          4          0          0          0         80   guidev_setorg.o
       308         12          0          1          0        176   guidev_staticdevices.o
        76          0          0          0          0        164   guidev_usage.o
       452          6         24          0          0        460   guidev_usagebm.o
       106          4          0          0          0        148   guidev_write.o
       280         14          0          0          0         96   guidev_writetoactivealpha.o
      1698         18          8          0          0        384   guidev_writetoactiveopaque.o
      1734        118         12          4          0       1428   lcd.o
       184         26          0          4          0        248   lcd_aa.o
       260         26          0         16          0        388   lcd_color.o
        32         12          0          0          0        136   lcd_getcolorindex.o
       372         32          0          0          0       1204   lcd_getex.o
        26          0          0          0          0         80   lcd_getnumdisplays.o
        96         10          0          0          0         84   lcd_getp.o
        14          0          0          0          0         80   lcd_getpixelcolor.o
         0          0        256          0          0          0   lcd_mirror.o
       504         18          0          0          0        180   lcd_readrect.o
        68         10          0          0          0         80   lcd_selectlcd.o
       132          0          0          0          0        252   lcd_set.o
        48         10          0          0          0         80   lcd_setcliprectex.o
        36          4          0          0          0         80   lcd_updatecolorindices.o
      4578        226          0         88         24       4116   wm.o
        18          0          0          0          0         76   wm__getfirstsibling.o
        56         12          0          0          0        136   wm__getorg_aa.o
        36          0          0          0          0         80   wm__getprevsibling.o
        60          6          0          4          0         88   wm__sendmessage.o
        38          0          0          0          0         80   wm__sendmessagenopara.o
       220          0          0          0          0         96   wm__updatechildpositions.o
       126          0          0          0          0         92   wm_bringtobottom.o
        16          6          0          0          0         68   wm_criticalhandle.o
        32          0          0          0          0         80   wm_getclientrect.o
        24         10          0          0          0         68   wm_getdesktopwindow.o
        14          0          0          0          0         76   wm_getfirstchild.o
        14          0          0          0          0         76   wm_getparent.o
       266          0          0          0          0        252   wm_move.o
        16          0          0          0          0         76   wm_notifyparent.o
        56          8          0          0          0         84   wm_onkey.o
       238          0          0          0          0         88   wm_resizewindow.o
         4          0          0          0          0         68   wm_sendmessagenopara.o
        30          0          0          0          0         92   wm_sendtoparent.o
        62          0          0          0          0         84   wm_setsize.o
        24          6          0          0          0         76   wm_setusercliprect.o
       106          0          0          0          0        164   wm_timer.o
         0          0          0          0         72          0   wm_touch.o
        86          0          0          0          0          0   __dczerorl2.o
         0          0          0          0          0          0   entry.o
         0          0          0          0          0          0   entry10a.o
         0          0          0          0          0          0   entry11a.o
         8          4          0          0          0          0   entry2.o
         4          0          0          0          0          0   entry5.o
         0          0          0          0          0          0   entry7b.o
         0          0          0          0          0          0   entry8b.o
         8          4          0          0          0          0   entry9a.o
        30          0          0          0          0          0   handlers.o
        36          8          0          0          0         68   init.o
         0          0          0          0          0          0   iusefp.o
        30          0          0          0          0         68   llshl.o
        32          0          0          0          0         68   llushr.o
       188         20          0          0          0        160   malloc.o
        64          0          0          0          0         76   memmovea.o
        36          0          0          0          0        108   memseta.o
         0          0          0          8          0          0   mvars.o
       390         10          0          0          0        252   printf1.o
        28          0          0          0          0         76   strcmp.o
        18          0          0          0          0         68   strcpy.o
        14          0          0          0          0         68   strlen.o
        44          0          0          0          0         80   uidiv.o
       186          0          0          0          0        176   depilogue.o
        50          0          0          0          0         76   dfixui.o
        34          0          0          0          0         76   dflti.o
        26          0          0          0          0         76   dfltui.o
       228          0          0          0          0         96   dmul.o

    ----------------------------------------------------------------------
     31094       1518      22260        412        532      31144   Library Totals
        90          0          0          3          4          0   (incl. Padding)

    ----------------------------------------------------------------------

      Code (inc. data)   RO Data    RW Data    ZI Data      Debug   Library Name

     29464       1472      22260        401        528      29552   STemWin522_CM3_Keil.lib
      1016         46          0          8          0       1092   mc_w.l
       524          0          0          0          0        500   mf_w.l

    ----------------------------------------------------------------------
     31094       1518      22260        412        532      31144   Library Totals

    ----------------------------------------------------------------------

==============================================================================


      Code (inc. data)   RO Data    RW Data    ZI Data      Debug   

     50488       3436      23064        856      12880     586751   Grand Totals
     50488       3436      23064        308      12880     586751   ELF Image Totals (compressed)
     50488       3436      23064        308          0          0   ROM Totals

==============================================================================

    Total RO  Size (Code + RO Data)                73552 (  71.83kB)
    Total RW  Size (RW Data + ZI Data)             13736 (  13.41kB)
    Total ROM Size (Code + RO Data + RW Data)      73860 (  72.13kB)

==============================================================================

